Archive member included because of file (symbol)

/opt/devkitpro/libogc/lib/wii/libwiiuse.a(wpad.o)
                              3DTest.o (WPAD_Init)
/opt/devkitpro/libogc/lib/wii/libwiiuse.a(motion_plus.o)
                              /opt/devkitpro/libogc/lib/wii/libwiiuse.a(wpad.o) (wiiuse_set_motion_plus)
/opt/devkitpro/libogc/lib/wii/libwiiuse.a(dynamics.o)
                              /opt/devkitpro/libogc/lib/wii/libwiiuse.a(wpad.o) (calculate_gforce)
/opt/devkitpro/libogc/lib/wii/libwiiuse.a(io.o)
                              /opt/devkitpro/libogc/lib/wii/libwiiuse.a(motion_plus.o) (wiiuse_disable_expansion)
/opt/devkitpro/libogc/lib/wii/libwiiuse.a(io_wii.o)
                              /opt/devkitpro/libogc/lib/wii/libwiiuse.a(wpad.o) (__wiiuse_sensorbar_enable)
/opt/devkitpro/libogc/lib/wii/libwiiuse.a(ir.o)
                              /opt/devkitpro/libogc/lib/wii/libwiiuse.a(motion_plus.o) (wiiuse_set_ir_mode)
/opt/devkitpro/libogc/lib/wii/libwiiuse.a(nunchuk.o)
                              /opt/devkitpro/libogc/lib/wii/libwiiuse.a(io.o) (nunchuk_handshake)
/opt/devkitpro/libogc/lib/wii/libwiiuse.a(wiiboard.o)
                              /opt/devkitpro/libogc/lib/wii/libwiiuse.a(io.o) (wii_board_handshake)
/opt/devkitpro/libogc/lib/wii/libwiiuse.a(wiiuse.o)
                              /opt/devkitpro/libogc/lib/wii/libwiiuse.a(wpad.o) (wiiuse_init)
/opt/devkitpro/libogc/lib/wii/libwiiuse.a(speaker.o)
                              /opt/devkitpro/libogc/lib/wii/libwiiuse.a(wpad.o) (wencdata)
/opt/devkitpro/libogc/lib/wii/libwiiuse.a(classic.o)
                              /opt/devkitpro/libogc/lib/wii/libwiiuse.a(io.o) (classic_ctrl_handshake)
/opt/devkitpro/libogc/lib/wii/libwiiuse.a(events.o)
                              /opt/devkitpro/libogc/lib/wii/libwiiuse.a(io_wii.o) (parse_event)
/opt/devkitpro/libogc/lib/wii/libwiiuse.a(guitar_hero_3.o)
                              /opt/devkitpro/libogc/lib/wii/libwiiuse.a(io.o) (guitar_hero_3_handshake)
/opt/devkitpro/libogc/lib/wii/libbte.a(bte.o)
                              /opt/devkitpro/libogc/lib/wii/libwiiuse.a(wpad.o) (BTE_Init)
/opt/devkitpro/libogc/lib/wii/libbte.a(hci.o)
                              /opt/devkitpro/libogc/lib/wii/libbte.a(bte.o) (hci_init)
/opt/devkitpro/libogc/lib/wii/libbte.a(l2cap.o)
                              /opt/devkitpro/libogc/lib/wii/libbte.a(bte.o) (l2cap_init)
/opt/devkitpro/libogc/lib/wii/libbte.a(btmemb.o)
                              /opt/devkitpro/libogc/lib/wii/libbte.a(bte.o) (btmemb_init)
/opt/devkitpro/libogc/lib/wii/libbte.a(btmemr.o)
                              /opt/devkitpro/libogc/lib/wii/libbte.a(hci.o) (btmemr_init)
/opt/devkitpro/libogc/lib/wii/libbte.a(btpbuf.o)
                              /opt/devkitpro/libogc/lib/wii/libbte.a(hci.o) (btpbuf_init)
/opt/devkitpro/libogc/lib/wii/libbte.a(physbusif.o)
                              /opt/devkitpro/libogc/lib/wii/libbte.a(bte.o) (physbusif_init)
/opt/devkitpro/libogc/lib/wii/libogc.a(lwp_queue.o)
                              /opt/devkitpro/libogc/lib/wii/libwiiuse.a(io_wii.o) (__lwp_queue_initialize)
/opt/devkitpro/libogc/lib/wii/libogc.a(lwp_threads.o)
                              /opt/devkitpro/libogc/lib/wii/libwiiuse.a(wpad.o) (_thread_dispatch_disable_level)
/opt/devkitpro/libogc/lib/wii/libogc.a(lwp.o)
                              /opt/devkitpro/libogc/lib/wii/libbte.a(bte.o) (LWP_InitQueue)
/opt/devkitpro/libogc/lib/wii/libogc.a(lwp_handler.o)
                              /opt/devkitpro/libogc/lib/wii/libogc.a(lwp_threads.o) (_cpu_context_save_fp)
/opt/devkitpro/libogc/lib/wii/libogc.a(lwp_stack.o)
                              /opt/devkitpro/libogc/lib/wii/libogc.a(lwp_threads.o) (__lwp_stack_allocate)
/opt/devkitpro/libogc/lib/wii/libogc.a(lwp_watchdog.o)
                              /opt/devkitpro/libogc/lib/wii/libogc.a(lwp_threads.o) (_wd_ticks_queue)
/opt/devkitpro/libogc/lib/wii/libogc.a(lwp_wkspace.o)
                              /opt/devkitpro/libogc/lib/wii/libwiiuse.a(io.o) (__wkspace_heap)
/opt/devkitpro/libogc/lib/wii/libogc.a(lwp_objmgr.o)
                              /opt/devkitpro/libogc/lib/wii/libogc.a(lwp.o) (__lwp_objmgr_initinfo)
/opt/devkitpro/libogc/lib/wii/libogc.a(lwp_heap.o)
                              /opt/devkitpro/libogc/lib/wii/libogc.a(lwp_wkspace.o) (__lwp_heap_init)
/opt/devkitpro/libogc/lib/wii/libogc.a(sys_state.o)
                              /opt/devkitpro/libogc/lib/wii/libogc.a(lwp_threads.o) (_sys_state_curr)
/opt/devkitpro/libogc/lib/wii/libogc.a(irq.o)
                              /opt/devkitpro/libogc/lib/wii/libwiiuse.a(io_wii.o) (IRQ_Disable)
/opt/devkitpro/libogc/lib/wii/libogc.a(video.o)
                              3DTest.o (VIDEO_Configure)
/opt/devkitpro/libogc/lib/wii/libogc.a(system.o)
                              /opt/devkitpro/libogc/lib/wii/libwiiuse.a(wpad.o) (__SYS_DoPowerCB)
/opt/devkitpro/libogc/lib/wii/libogc.a(system_asm.o)
[...]
Memory Configuration

Name             Origin             Length             Attributes
*default*        0x00000000         0xffffffff

Linker script and memory map

                0x00003400                . = 0x3400

.stub
 *(.stub)
                0x80004000                . = 0x80004000

.init           0x80004000      0x194
 *crt0.o(*.init)
 .init          0x80004000      0x170 /opt/devkitpro/libogc/lib/wii/libogc.a(ogc_crt0.o)
                0x80004000                _start
                0x80004140                _memset
 *(.init)
 .init          0x80004170        0xc /opt/devkitpro/devkitPPC/lib/gcc/powerpc-eabi/4.6.3/ecrti.o
                0x80004170                __init
 .init          0x8000417c        0x4 /opt/devkitpro/devkitPPC/lib/gcc/powerpc-eabi/4.6.3/crtbegin.o
 .init          0x80004180        0x4 /opt/devkitpro/devkitPPC/lib/gcc/powerpc-eabi/4.6.3/crtend.o
 .init          0x80004184       0x10 /opt/devkitpro/devkitPPC/lib/gcc/powerpc-eabi/4.6.3/ecrtn.o

.rela.dyn       0x80004194        0x0
 .rela.iplt     0x00000000        0x0 /opt/devkitpro/devkitPPC/lib/gcc/powerpc-eabi/4.6.3/crtbegin.o

.plt
 *(.plt)

.interp
 *(.interp)

.hash
 *(.hash)

.dynsym
 *(.dynsym)

.dynstr
 *(.dynstr)

.gnu.version
 *(.gnu.version)

.gnu.version_d
 *(.gnu.version_d)

.gnu.version_r
 *(.gnu.version_r)

.rel.init
 *(.rel.init)

.rela.init      0x80004194        0x0
 *(.rela.init)
 .rela.init     0x00000000        0x0 /opt/devkitpro/devkitPPC/lib/gcc/powerpc-eabi/4.6.3/crtbegin.o

.rel.text
 *(.rel.text .rel.text.* .rel.gnu.linkonce.t.*)

.rela.text      0x80004194        0x0
 *(.rela.text .rela.text.* .rela.gnu.linkonce.t.*)
 .rela.text     0x00000000        0x0 /opt/devkitpro/devkitPPC/lib/gcc/powerpc-eabi/4.6.3/crtbegin.o
 .rela.text.startup.main
                0x00000000        0x0 /opt/devkitpro/devkitPPC/lib/gcc/powerpc-eabi/4.6.3/crtbegin.o
 .rela.text.wiiuse_handshake_expansion
                0x00000000        0x0 /opt/devkitpro/devkitPPC/lib/gcc/powerpc-eabi/4.6.3/crtbegin.o
 .rela.text.wiiuse_handshake
                0x00000000        0x0 /opt/devkitpro/devkitPPC/lib/gcc/powerpc-eabi/4.6.3/crtbegin.o
 .rela.text.wiiuse_init_cmd_queue
                0x00000000        0x0 /opt/devkitpro/devkitPPC/lib/gcc/powerpc-eabi/4.6.3/crtbegin.o
 .rela.text.wiiuse_init
                0x00000000        0x0 /opt/devkitpro/devkitPPC/lib/gcc/powerpc-eabi/4.6.3/crtbegin.o
 .rela.text.bt_alarmhandler
                0x00000000        0x0 /opt/devkitpro/devkitPPC/lib/gcc/powerpc-eabi/4.6.3/crtbegin.o
 .rela.text.__lwp_thread_calcheir
                0x00000000        0x0 /opt/devkitpro/devkitPPC/lib/gcc/powerpc-eabi/4.6.3/crtbegin.o
 .rela.text.__lwp_wd_insert_ticks.constprop.4
                0x00000000        0x0 /opt/devkitpro/devkitPPC/lib/gcc/powerpc-eabi/4.6.3/crtbegin.o
 .rela.text.__lwp_rotate_readyqueue
                0x00000000        0x0 /opt/devkitpro/devkitPPC/lib/gcc/powerpc-eabi/4.6.3/crtbegin.o
 .rela.text.__lwp_thread_setpriority
                0x00000000        0x0 /opt/devkitpro/devkitPPC/lib/gcc/powerpc-eabi/4.6.3/crtbegin.o
 .rela.text.__lwp_thread_close
                0x00000000        0x0 /opt/devkitpro/devkitPPC/lib/gcc/powerpc-eabi/4.6.3/crtbegin.o
 .rela.text.__lwp_thread_closeall
                0x00000000        0x0 /opt/devkitpro/devkitPPC/lib/gcc/powerpc-eabi/4.6.3/crtbegin.o
 .rela.text.__lwp_thread_startmultitasking
                0x00000000        0x0 /opt/devkitpro/devkitPPC/lib/gcc/powerpc-eabi/4.6.3/crtbegin.o
 .rela.text.__lwp_thread_stopmultitasking
                0x00000000        0x0 /opt/devkitpro/devkitPPC/lib/gcc/powerpc-eabi/4.6.3/crtbegin.o
 .rela.text.__lwp_thread_coreinit
                0x00000000        0x0 /opt/devkitpro/devkitPPC/lib/gcc/powerpc-eabi/4.6.3/crtbegin.o
 .rela.text.__lwp_cntrl_free
                0x00000000        0x0 /opt/devkitpro/devkitPPC/lib/gcc/powerpc-eabi/4.6.3/crtbegin.o
 .rela.text.__lwp_tqueue_open
                0x00000000        0x0 /opt/devkitpro/devkitPPC/lib/gcc/powerpc-eabi/4.6.3/crtbegin.o
 .rela.text.__lwp_cntrl_open
                0x00000000        0x0 /opt/devkitpro/devkitPPC/lib/gcc/powerpc-eabi/4.6.3/crtbegin.o
 .rela.text.__lwp_sysinit
                0x00000000        0x0 /opt/devkitpro/devkitPPC/lib/gcc/powerpc-eabi/4.6.3/crtbegin.o
 .rela.text.__lwp_thread_isalive
                0x00000000        0x0 /opt/devkitpro/devkitPPC/lib/gcc/powerpc-eabi/4.6.3/crtbegin.o
 .rela.text.__lwp_thread_exists
                0x00000000        0x0 /opt/devkitpro/devkitPPC/lib/gcc/powerpc-eabi/4.6.3/crtbegin.o
 .rela.text.__lwp_thread_context
                0x00000000        0x0 /opt/devkitpro/devkitPPC/lib/gcc/powerpc-eabi/4.6.3/crtbegin.o
 .rela.text.LWP_CreateThread
                0x00000000        0x0 /opt/devkitpro/devkitPPC/lib/gcc/powerpc-eabi/4.6.3/crtbegin.o
 .rela.text.LWP_InitQueue
                0x00000000        0x0 /opt/devkitpro/devkitPPC/lib/gcc/powerpc-eabi/4.6.3/crtbegin.o
 .rela.text.LWP_CloseQueue
                0x00000000        0x0 /opt/devkitpro/devkitPPC/lib/gcc/powerpc-eabi/4.6.3/crtbegin.o
 .rela.text.__lwp_stack_allocate
                0x00000000        0x0 /opt/devkitpro/devkitPPC/lib/gcc/powerpc-eabi/4.6.3/crtbegin.o
 .rela.text.__lwp_stack_free
                0x00000000        0x0 /opt/devkitpro/devkitPPC/lib/gcc/powerpc-eabi/4.6.3/crtbegin.o
 .rela.text.__lwp_watchdog_init
                0x00000000        0x0 /opt/devkitpro/devkitPPC/lib/gcc/powerpc-eabi/4.6.3/crtbegin.o
 .rela.text.__lwp_wd_tickle
                0x00000000        0x0 /opt/devkitpro/devkitPPC/lib/gcc/powerpc-eabi/4.6.3/crtbegin.o
 .rela.text.__lwp_wkspace_heapfree
                0x00000000        0x0 /opt/devkitpro/devkitPPC/lib/gcc/powerpc-eabi/4.6.3/crtbegin.o
 .rela.text.__lwp_wkspace_heapused
                0x00000000        0x0 /opt/devkitpro/devkitPPC/lib/gcc/powerpc-eabi/4.6.3/crtbegin.o
 .rela.text.__lwp_wkspace_init
                0x00000000        0x0 /opt/devkitpro/devkitPPC/lib/gcc/powerpc-eabi/4.6.3/crtbegin.o
 .rela.text.__lwp_objmgr_initinfo
                0x00000000        0x0 /opt/devkitpro/devkitPPC/lib/gcc/powerpc-eabi/4.6.3/crtbegin.o
 .rela.text.__irq_init
                0x00000000        0x0 /opt/devkitpro/devkitPPC/lib/gcc/powerpc-eabi/4.6.3/crtbegin.o
 .rela.text.__call_resetfuncs
                0x00000000        0x0 /opt/devkitpro/devkitPPC/lib/gcc/powerpc-eabi/4.6.3/crtbegin.o
 .rela.text.__locksram
                0x00000000        0x0 /opt/devkitpro/devkitPPC/lib/gcc/powerpc-eabi/4.6.3/crtbegin.o
 .rela.text.__lwp_wd_insert_ticks
                0x00000000        0x0 /opt/devkitpro/devkitPPC/lib/gcc/powerpc-eabi/4.6.3/crtbegin.o
 .rela.text.__unlocksram
                0x00000000        0x0 /opt/devkitpro/devkitPPC/lib/gcc/powerpc-eabi/4.6.3/crtbegin.o
 .rela.text.__sram_writecallback
                0x00000000        0x0 /opt/devkitpro/devkitPPC/lib/gcc/powerpc-eabi/4.6.3/crtbegin.o
 .rela.text.__sram_init
                0x00000000        0x0 /opt/devkitpro/devkitPPC/lib/gcc/powerpc-eabi/4.6.3/crtbegin.o
 .rela.text.__SYS_SyncSram
                0x00000000        0x0 /opt/devkitpro/devkitPPC/lib/gcc/powerpc-eabi/4.6.3/crtbegin.o
 .rela.text.SYS_Init
                0x00000000        0x0 /opt/devkitpro/devkitPPC/lib/gcc/powerpc-eabi/4.6.3/crtbegin.o
 .rela.text.SYS_RemoveAlarm
                0x00000000        0x0 /opt/devkitpro/devkitPPC/lib/gcc/powerpc-eabi/4.6.3/crtbegin.o
 .rela.text.SYS_CancelAlarm
                0x00000000        0x0 /opt/devkitpro/devkitPPC/lib/gcc/powerpc-eabi/4.6.3/crtbegin.o
 .rela.text.__lwp_cond_open
                0x00000000        0x0 /opt/devkitpro/devkitPPC/lib/gcc/powerpc-eabi/4.6.3/crtbegin.o
 .rela.text.__lwp_cond_init
                0x00000000        0x0 /opt/devkitpro/devkitPPC/lib/gcc/powerpc-eabi/4.6.3/crtbegin.o
 .rela.text.LWP_CondInit
                0x00000000        0x0 /opt/devkitpro/devkitPPC/lib/gcc/powerpc-eabi/4.6.3/crtbegin.o
 .rela.text.LWP_CondDestroy
                0x00000000        0x0 /opt/devkitpro/devkitPPC/lib/gcc/powerpc-eabi/4.6.3/crtbegin.o
 .rela.text.__GX_FifoLink
                0x00000000        0x0 /opt/devkitpro/devkitPPC/lib/gcc/powerpc-eabi/4.6.3/crtbegin.o
 .rela.text.__GX_WriteFifoIntEnable
                0x00000000        0x0 /opt/devkitpro/devkitPPC/lib/gcc/powerpc-eabi/4.6.3/crtbegin.o
 .rela.text.__GX_FifoReadEnable
                0x00000000        0x0 /opt/devkitpro/devkitPPC/lib/gcc/powerpc-eabi/4.6.3/crtbegin.o
 .rela.text.__GX_FifoReadDisable
                0x00000000        0x0 /opt/devkitpro/devkitPPC/lib/gcc/powerpc-eabi/4.6.3/crtbegin.o
 .rela.text.__GX_InitRevBits
                0x00000000        0x0 /opt/devkitpro/devkitPPC/lib/gcc/powerpc-eabi/4.6.3/crtbegin.o
 .rela.text.__GXDefTexRegionCallback
                0x00000000        0x0 /opt/devkitpro/devkitPPC/lib/gcc/powerpc-eabi/4.6.3/crtbegin.o
 .rela.text.__GXDefTlutRegionCallback
                0x00000000        0x0 /opt/devkitpro/devkitPPC/lib/gcc/powerpc-eabi/4.6.3/crtbegin.o
 .rela.text.__GX_FlushTextureState
                0x00000000        0x0 /opt/devkitpro/devkitPPC/lib/gcc/powerpc-eabi/4.6.3/crtbegin.o
 .rela.text.__SetSURegs
                0x00000000        0x0 /opt/devkitpro/devkitPPC/lib/gcc/powerpc-eabi/4.6.3/crtbegin.o
 .rela.text.__SETVCDFMT
                0x00000000        0x0 /opt/devkitpro/devkitPPC/lib/gcc/powerpc-eabi/4.6.3/crtbegin.o
 .rela.text.__GX_SetMatrixIndex
                0x00000000        0x0 /opt/devkitpro/devkitPPC/lib/gcc/powerpc-eabi/4.6.3/crtbegin.o
 .rela.text.__GX_SetDirtyState
                0x00000000        0x0 /opt/devkitpro/devkitPPC/lib/gcc/powerpc-eabi/4.6.3/crtbegin.o
 .rela.text.__SETVCDATTR
                0x00000000        0x0 /opt/devkitpro/devkitPPC/lib/gcc/powerpc-eabi/4.6.3/crtbegin.o
 .rela.text.__GX_WriteFifoIntReset.constprop.6
                0x00000000        0x0 /opt/devkitpro/devkitPPC/lib/gcc/powerpc-eabi/4.6.3/crtbegin.o
 .rela.text.__GXCPInterruptHandler
                0x00000000        0x0 /opt/devkitpro/devkitPPC/lib/gcc/powerpc-eabi/4.6.3/crtbegin.o
 .rela.text.GX_Flush
                0x00000000        0x0 /opt/devkitpro/devkitPPC/lib/gcc/powerpc-eabi/4.6.3/crtbegin.o
 .rela.text.GX_EnableBreakPt
                0x00000000        0x0 /opt/devkitpro/devkitPPC/lib/gcc/powerpc-eabi/4.6.3/crtbegin.o
 .rela.text.GX_DisableBreakPt
                0x00000000        0x0 /opt/devkitpro/devkitPPC/lib/gcc/powerpc-eabi/4.6.3/crtbegin.o
 .rela.text.GX_AbortFrame
                0x00000000        0x0 /opt/devkitpro/devkitPPC/lib/gcc/powerpc-eabi/4.6.3/crtbegin.o
 .rela.text.GX_PixModeSync
                0x00000000        0x0 /opt/devkitpro/devkitPPC/lib/gcc/powerpc-eabi/4.6.3/crtbegin.o
 .rela.text.GX_SetMisc
                0x00000000        0x0 /opt/devkitpro/devkitPPC/lib/gcc/powerpc-eabi/4.6.3/crtbegin.o
 .rela.text.GX_SetCopyClamp
                0x00000000        0x0 /opt/devkitpro/devkitPPC/lib/gcc/powerpc-eabi/4.6.3/crtbegin.o
 .rela.text.GX_SetDispCopyGamma
                0x00000000        0x0 /opt/devkitpro/devkitPPC/lib/gcc/powerpc-eabi/4.6.3/crtbegin.o
 .rela.text.GX_SetDispCopyFrame2Field
                0x00000000        0x0 /opt/devkitpro/devkitPPC/lib/gcc/powerpc-eabi/4.6.3/crtbegin.o
 .rela.text.GX_SetDispCopyYScale
                0x00000000        0x0 /opt/devkitpro/devkitPPC/lib/gcc/powerpc-eabi/4.6.3/crtbegin.o
 .rela.text.GX_SetDispCopyDst
                0x00000000        0x0 /opt/devkitpro/devkitPPC/lib/gcc/powerpc-eabi/4.6.3/crtbegin.o
 .rela.text.GX_SetDispCopySrc
                0x00000000        0x0 /opt/devkitpro/devkitPPC/lib/gcc/powerpc-eabi/4.6.3/crtbegin.o
 .rela.text.GX_CopyDisp
                0x00000000        0x0 /opt/devkitpro/devkitPPC/lib/gcc/powerpc-eabi/4.6.3/crtbegin.o
 .rela.text.GX_CopyTex
                0x00000000        0x0 /opt/devkitpro/devkitPPC/lib/gcc/powerpc-eabi/4.6.3/crtbegin.o
 .rela.text.GX_SetTexCopySrc
                0x00000000        0x0 /opt/devkitpro/devkitPPC/lib/gcc/powerpc-eabi/4.6.3/crtbegin.o
 .rela.text.GX_SetTexCopyDst
                0x00000000        0x0 /opt/devkitpro/devkitPPC/lib/gcc/powerpc-eabi/4.6.3/crtbegin.o
 .rela.text.GX_BeginDispList
                0x00000000        0x0 /opt/devkitpro/devkitPPC/lib/gcc/powerpc-eabi/4.6.3/crtbegin.o
 .rela.text.GX_EndDispList
                0x00000000        0x0 /opt/devkitpro/devkitPPC/lib/gcc/powerpc-eabi/4.6.3/crtbegin.o
 .rela.text.GX_CallDispList
                0x00000000        0x0 /opt/devkitpro/devkitPPC/lib/gcc/powerpc-eabi/4.6.3/crtbegin.o
 .rela.text.GX_SetChanCtrl
                0x00000000        0x0 /opt/devkitpro/devkitPPC/lib/gcc/powerpc-eabi/4.6.3/crtbegin.o
 .rela.text.GX_SetChanAmbColor
                0x00000000        0x0 /opt/devkitpro/devkitPPC/lib/gcc/powerpc-eabi/4.6.3/crtbegin.o
 .rela.text.GX_SetChanMatColor
                0x00000000        0x0 /opt/devkitpro/devkitPPC/lib/gcc/powerpc-eabi/4.6.3/crtbegin.o
 .rela.text.GX_SetVtxDesc
                0x00000000        0x0 /opt/devkitpro/devkitPPC/lib/gcc/powerpc-eabi/4.6.3/crtbegin.o
 .rela.text.GX_SetVtxDescv
                0x00000000        0x0 /opt/devkitpro/devkitPPC/lib/gcc/powerpc-eabi/4.6.3/crtbegin.o
 .rela.text.GX_GetVtxDescv
                0x00000000        0x0 /opt/devkitpro/devkitPPC/lib/gcc/powerpc-eabi/4.6.3/crtbegin.o
 .rela.text.GX_SetVtxAttrFmt
                0x00000000        0x0 /opt/devkitpro/devkitPPC/lib/gcc/powerpc-eabi/4.6.3/crtbegin.o
 .rela.text.GX_SetVtxAttrFmtv
                0x00000000        0x0 /opt/devkitpro/devkitPPC/lib/gcc/powerpc-eabi/4.6.3/crtbegin.o
 .rela.text.GX_Begin
                0x00000000        0x0 /opt/devkitpro/devkitPPC/lib/gcc/powerpc-eabi/4.6.3/crtbegin.o
 .rela.text.GX_SetTexCoordGen2
                0x00000000        0x0 /opt/devkitpro/devkitPPC/lib/gcc/powerpc-eabi/4.6.3/crtbegin.o
 .rela.text.GX_SetCurrentMtx
                0x00000000        0x0 /opt/devkitpro/devkitPPC/lib/gcc/powerpc-eabi/4.6.3/crtbegin.o
 .rela.text.GX_SetNumTexGens
                0x00000000        0x0 /opt/devkitpro/devkitPPC/lib/gcc/powerpc-eabi/4.6.3/crtbegin.o
 .rela.text.GX_SetZMode
                0x00000000        0x0 /opt/devkitpro/devkitPPC/lib/gcc/powerpc-eabi/4.6.3/crtbegin.o
 .rela.text.GX_LoadTexObjPreloaded
                0x00000000        0x0 /opt/devkitpro/devkitPPC/lib/gcc/powerpc-eabi/4.6.3/crtbegin.o
 .rela.text.GX_SetTexCoordScaleManually
                0x00000000        0x0 /opt/devkitpro/devkitPPC/lib/gcc/powerpc-eabi/4.6.3/crtbegin.o
 .rela.text.GX_SetTexCoordCylWrap
                0x00000000        0x0 /opt/devkitpro/devkitPPC/lib/gcc/powerpc-eabi/4.6.3/crtbegin.o
 .rela.text.GX_SetTexCoordBias
                0x00000000        0x0 /opt/devkitpro/devkitPPC/lib/gcc/powerpc-eabi/4.6.3/crtbegin.o
 .rela.text.GX_SetBlendMode
                0x00000000        0x0 /opt/devkitpro/devkitPPC/lib/gcc/powerpc-eabi/4.6.3/crtbegin.o
 .rela.text.GX_ClearVtxDesc
                0x00000000        0x0 /opt/devkitpro/devkitPPC/lib/gcc/powerpc-eabi/4.6.3/crtbegin.o
 .rela.text.GX_SetLineWidth
                0x00000000        0x0 /opt/devkitpro/devkitPPC/lib/gcc/powerpc-eabi/4.6.3/crtbegin.o
 .rela.text.GX_SetPointSize
                0x00000000        0x0 /opt/devkitpro/devkitPPC/lib/gcc/powerpc-eabi/4.6.3/crtbegin.o
 .rela.text.GX_SetTevColorIn
                0x00000000        0x0 /opt/devkitpro/devkitPPC/lib/gcc/powerpc-eabi/4.6.3/crtbegin.o
 .rela.text.GX_SetTevAlphaIn
                0x00000000        0x0 /opt/devkitpro/devkitPPC/lib/gcc/powerpc-eabi/4.6.3/crtbegin.o
 .rela.text.GX_SetTevColorOp
                0x00000000        0x0 /opt/devkitpro/devkitPPC/lib/gcc/powerpc-eabi/4.6.3/crtbegin.o
 .rela.text.GX_SetTevAlphaOp
                0x00000000        0x0 /opt/devkitpro/devkitPPC/lib/gcc/powerpc-eabi/4.6.3/crtbegin.o
 .rela.text.GX_SetCullMode
                0x00000000        0x0 /opt/devkitpro/devkitPPC/lib/gcc/powerpc-eabi/4.6.3/crtbegin.o
 .rela.text.GX_SetCoPlanar
                0x00000000        0x0 /opt/devkitpro/devkitPPC/lib/gcc/powerpc-eabi/4.6.3/crtbegin.o
 .rela.text.GX_EnableTexOffsets
                0x00000000        0x0 /opt/devkitpro/devkitPPC/lib/gcc/powerpc-eabi/4.6.3/crtbegin.o
 .rela.text.GX_SetScissor
                0x00000000        0x0 /opt/devkitpro/devkitPPC/lib/gcc/powerpc-eabi/4.6.3/crtbegin.o
 .rela.text.GX_SetNumChans
                0x00000000        0x0 /opt/devkitpro/devkitPPC/lib/gcc/powerpc-eabi/4.6.3/crtbegin.o
 .rela.text.GX_SetTevOrder
                0x00000000        0x0 /opt/devkitpro/devkitPPC/lib/gcc/powerpc-eabi/4.6.3/crtbegin.o
 .rela.text.GX_SetNumTevStages
                0x00000000        0x0 /opt/devkitpro/devkitPPC/lib/gcc/powerpc-eabi/4.6.3/crtbegin.o
 .rela.text.GX_SetTevKColorSel
                0x00000000        0x0 /opt/devkitpro/devkitPPC/lib/gcc/powerpc-eabi/4.6.3/crtbegin.o
 .rela.text.GX_SetTevKAlphaSel
                0x00000000        0x0 /opt/devkitpro/devkitPPC/lib/gcc/powerpc-eabi/4.6.3/crtbegin.o
 .rela.text.GX_SetTevSwapMode
                0x00000000        0x0 /opt/devkitpro/devkitPPC/lib/gcc/powerpc-eabi/4.6.3/crtbegin.o
 .rela.text.GX_SetTevSwapModeTable
                0x00000000        0x0 /opt/devkitpro/devkitPPC/lib/gcc/powerpc-eabi/4.6.3/crtbegin.o
 .rela.text.GX_SetNumIndStages
                0x00000000        0x0 /opt/devkitpro/devkitPPC/lib/gcc/powerpc-eabi/4.6.3/crtbegin.o
 .rela.text.GX_SetIndTexCoordScale
                0x00000000        0x0 /opt/devkitpro/devkitPPC/lib/gcc/powerpc-eabi/4.6.3/crtbegin.o
 .rela.text.GX_SetColorUpdate
                0x00000000        0x0 /opt/devkitpro/devkitPPC/lib/gcc/powerpc-eabi/4.6.3/crtbegin.o
 .rela.text.GX_SetAlphaUpdate
                0x00000000        0x0 /opt/devkitpro/devkitPPC/lib/gcc/powerpc-eabi/4.6.3/crtbegin.o
 .rela.text.GX_SetZCompLoc
                0x00000000        0x0 /opt/devkitpro/devkitPPC/lib/gcc/powerpc-eabi/4.6.3/crtbegin.o
 .rela.text.GX_SetPixelFmt
                0x00000000        0x0 /opt/devkitpro/devkitPPC/lib/gcc/powerpc-eabi/4.6.3/crtbegin.o
 .rela.text.GX_SetDither
                0x00000000        0x0 /opt/devkitpro/devkitPPC/lib/gcc/powerpc-eabi/4.6.3/crtbegin.o
 .rela.text.GX_SetDstAlpha
                0x00000000        0x0 /opt/devkitpro/devkitPPC/lib/gcc/powerpc-eabi/4.6.3/crtbegin.o
 .rela.text.GX_SetFieldMode
                0x00000000        0x0 /opt/devkitpro/devkitPPC/lib/gcc/powerpc-eabi/4.6.3/crtbegin.o
 .rela.text.GX_SetIndTexOrder
                0x00000000        0x0 /opt/devkitpro/devkitPPC/lib/gcc/powerpc-eabi/4.6.3/crtbegin.o
 .rela.text.GX_SetGPMetric
                0x00000000        0x0 /opt/devkitpro/devkitPPC/lib/gcc/powerpc-eabi/4.6.3/crtbegin.o
 .rela.text.GX_Init
                0x00000000        0x0 /opt/devkitpro/devkitPPC/lib/gcc/powerpc-eabi/4.6.3/crtbegin.o
 .rela.text.GX_ReadGPMetric
                0x00000000        0x0 /opt/devkitpro/devkitPPC/lib/gcc/powerpc-eabi/4.6.3/crtbegin.o
 .rela.text.c_decrementer_handler
                0x00000000        0x0 /opt/devkitpro/devkitPPC/lib/gcc/powerpc-eabi/4.6.3/crtbegin.o
 .rela.text.__lwp_mqbox_free
                0x00000000        0x0 /opt/devkitpro/devkitPPC/lib/gcc/powerpc-eabi/4.6.3/crtbegin.o
 .rela.text.__lwp_mqbox_open
                0x00000000        0x0 /opt/devkitpro/devkitPPC/lib/gcc/powerpc-eabi/4.6.3/crtbegin.o
 .rela.text.__lwp_mqbox_init
                0x00000000        0x0 /opt/devkitpro/devkitPPC/lib/gcc/powerpc-eabi/4.6.3/crtbegin.o
 .rela.text.MQ_Init
                0x00000000        0x0 /opt/devkitpro/devkitPPC/lib/gcc/powerpc-eabi/4.6.3/crtbegin.o
 .rela.text.__ios_ioctlvformat_parse
                0x00000000        0x0 /opt/devkitpro/devkitPPC/lib/gcc/powerpc-eabi/4.6.3/crtbegin.o
 .rela.text.__ioctlvfmtCB
                0x00000000        0x0 /opt/devkitpro/devkitPPC/lib/gcc/powerpc-eabi/4.6.3/crtbegin.o
 .rela.text.IOS_IoctlvFormat
                0x00000000        0x0 /opt/devkitpro/devkitPPC/lib/gcc/powerpc-eabi/4.6.3/crtbegin.o
 .rela.text.IOS_IoctlvFormatAsync
                0x00000000        0x0 /opt/devkitpro/devkitPPC/lib/gcc/powerpc-eabi/4.6.3/crtbegin.o
 .rela.text.nanosleep
                0x00000000        0x0 /opt/devkitpro/devkitPPC/lib/gcc/powerpc-eabi/4.6.3/crtbegin.o
 .rela.text.__libc_delete_hook
                0x00000000        0x0 /opt/devkitpro/devkitPPC/lib/gcc/powerpc-eabi/4.6.3/crtbegin.o
 .rela.text.__libc_init
                0x00000000        0x0 /opt/devkitpro/devkitPPC/lib/gcc/powerpc-eabi/4.6.3/crtbegin.o
 .rela.text.__libc_wrapup
                0x00000000        0x0 /opt/devkitpro/devkitPPC/lib/gcc/powerpc-eabi/4.6.3/crtbegin.o
 .rela.text.__CheckARGV
                0x00000000        0x0 /opt/devkitpro/devkitPPC/lib/gcc/powerpc-eabi/4.6.3/crtbegin.o
 .rela.text.__lwp_priority_init
                0x00000000        0x0 /opt/devkitpro/devkitPPC/lib/gcc/powerpc-eabi/4.6.3/crtbegin.o
 .rela.text.__lwp_wd_remove_ticks
                0x00000000        0x0 /opt/devkitpro/devkitPPC/lib/gcc/powerpc-eabi/4.6.3/crtbegin.o
 .rela.text.__lwp_threadqueue_enqueue
                0x00000000        0x0 /opt/devkitpro/devkitPPC/lib/gcc/powerpc-eabi/4.6.3/crtbegin.o
 .rela.text.__lwpmq_initialize
                0x00000000        0x0 /opt/devkitpro/devkitPPC/lib/gcc/powerpc-eabi/4.6.3/crtbegin.o
 .rela.text.__lwpmq_close
                0x00000000        0x0 /opt/devkitpro/devkitPPC/lib/gcc/powerpc-eabi/4.6.3/crtbegin.o
 .rela.text.__systemcall_init
                0x00000000        0x0 /opt/devkitpro/devkitPPC/lib/gcc/powerpc-eabi/4.6.3/crtbegin.o
 .rela.text.__exception_init
                0x00000000        0x0 /opt/devkitpro/devkitPPC/lib/gcc/powerpc-eabi/4.6.3/crtbegin.o
 .rela.text.__exception_close
                0x00000000        0x0 /opt/devkitpro/devkitPPC/lib/gcc/powerpc-eabi/4.6.3/crtbegin.o
 .rela.text.__exception_sethandler
                0x00000000        0x0 /opt/devkitpro/devkitPPC/lib/gcc/powerpc-eabi/4.6.3/crtbegin.o
 .rela.text.__lwp_sema_open
                0x00000000        0x0 /opt/devkitpro/devkitPPC/lib/gcc/powerpc-eabi/4.6.3/crtbegin.o
 .rela.text.__lwp_sema_init
                0x00000000        0x0 /opt/devkitpro/devkitPPC/lib/gcc/powerpc-eabi/4.6.3/crtbegin.o
 .rela.text.LWP_SemInit
                0x00000000        0x0 /opt/devkitpro/devkitPPC/lib/gcc/powerpc-eabi/4.6.3/crtbegin.o
 .rela.text.LWP_SemDestroy
                0x00000000        0x0 /opt/devkitpro/devkitPPC/lib/gcc/powerpc-eabi/4.6.3/crtbegin.o
 .rela.text.__lwp_mutex_locksupp.constprop.7
                0x00000000        0x0 /opt/devkitpro/devkitPPC/lib/gcc/powerpc-eabi/4.6.3/crtbegin.o
 .rela.text.__lwp_mutex_init
                0x00000000        0x0 /opt/devkitpro/devkitPPC/lib/gcc/powerpc-eabi/4.6.3/crtbegin.o
 .rela.text.LWP_MutexInit
                0x00000000        0x0 /opt/devkitpro/devkitPPC/lib/gcc/powerpc-eabi/4.6.3/crtbegin.o
 .rela.text.LWP_MutexDestroy
                0x00000000        0x0 /opt/devkitpro/devkitPPC/lib/gcc/powerpc-eabi/4.6.3/crtbegin.o
 .rela.text.LWP_MutexUnlock
                0x00000000        0x0 /opt/devkitpro/devkitPPC/lib/gcc/powerpc-eabi/4.6.3/crtbegin.o
 .rela.text.kprintf
                0x00000000        0x0 /opt/devkitpro/devkitPPC/lib/gcc/powerpc-eabi/4.6.3/crtbegin.o
 .rela.text.__console_init
                0x00000000        0x0 /opt/devkitpro/devkitPPC/lib/gcc/powerpc-eabi/4.6.3/crtbegin.o
 .rela.text.__console_init_ex
                0x00000000        0x0 /opt/devkitpro/devkitPPC/lib/gcc/powerpc-eabi/4.6.3/crtbegin.o
 .rela.text.CON_EnableGecko
                0x00000000        0x0 /opt/devkitpro/devkitPPC/lib/gcc/powerpc-eabi/4.6.3/crtbegin.o
 .rela.text.atangent
                0x00000000        0x0 /opt/devkitpro/devkitPPC/lib/gcc/powerpc-eabi/4.6.3/crtbegin.o
 .rela.text.calloc
                0x00000000        0x0 /opt/devkitpro/devkitPPC/lib/gcc/powerpc-eabi/4.6.3/crtbegin.o
 .rela.text.__errno
                0x00000000        0x0 /opt/devkitpro/devkitPPC/lib/gcc/powerpc-eabi/4.6.3/crtbegin.o
 .rela.text.exit
                0x00000000        0x0 /opt/devkitpro/devkitPPC/lib/gcc/powerpc-eabi/4.6.3/crtbegin.o
 .rela.text.fclose
                0x00000000        0x0 /opt/devkitpro/devkitPPC/lib/gcc/powerpc-eabi/4.6.3/crtbegin.o
 .rela.text.fflush
                0x00000000        0x0 /opt/devkitpro/devkitPPC/lib/gcc/powerpc-eabi/4.6.3/crtbegin.o
 .rela.text.std.isra.0
                0x00000000        0x0 /opt/devkitpro/devkitPPC/lib/gcc/powerpc-eabi/4.6.3/crtbegin.o
 .rela.text._cleanup
                0x00000000        0x0 /opt/devkitpro/devkitPPC/lib/gcc/powerpc-eabi/4.6.3/crtbegin.o
 .rela.text.__sfp
                0x00000000        0x0 /opt/devkitpro/devkitPPC/lib/gcc/powerpc-eabi/4.6.3/crtbegin.o
 .rela.text.__fp_lock_all
                0x00000000        0x0 /opt/devkitpro/devkitPPC/lib/gcc/powerpc-eabi/4.6.3/crtbegin.o
 .rela.text.__fp_unlock_all
                0x00000000        0x0 /opt/devkitpro/devkitPPC/lib/gcc/powerpc-eabi/4.6.3/crtbegin.o
 .rela.text._fopen_r
                0x00000000        0x0 /opt/devkitpro/devkitPPC/lib/gcc/powerpc-eabi/4.6.3/crtbegin.o
 .rela.text.fopen
                0x00000000        0x0 /opt/devkitpro/devkitPPC/lib/gcc/powerpc-eabi/4.6.3/crtbegin.o
 .rela.text.fprintf
                0x00000000        0x0 /opt/devkitpro/devkitPPC/lib/gcc/powerpc-eabi/4.6.3/crtbegin.o
 .rela.text.fputs
                0x00000000        0x0 /opt/devkitpro/devkitPPC/lib/gcc/powerpc-eabi/4.6.3/crtbegin.o
 .rela.text.fread
                0x00000000        0x0 /opt/devkitpro/devkitPPC/lib/gcc/powerpc-eabi/4.6.3/crtbegin.o
 .rela.text._malloc_trim_r
                0x00000000        0x0 /opt/devkitpro/devkitPPC/lib/gcc/powerpc-eabi/4.6.3/crtbegin.o
 .rela.text._free_r
                0x00000000        0x0 /opt/devkitpro/devkitPPC/lib/gcc/powerpc-eabi/4.6.3/crtbegin.o
 .rela.text._fseek_r
                0x00000000        0x0 /opt/devkitpro/devkitPPC/lib/gcc/powerpc-eabi/4.6.3/crtbegin.o
 .rela.text.fseek
                0x00000000        0x0 /opt/devkitpro/devkitPPC/lib/gcc/powerpc-eabi/4.6.3/crtbegin.o
 .rela.text.__smakebuf_r
                0x00000000        0x0 /opt/devkitpro/devkitPPC/lib/gcc/powerpc-eabi/4.6.3/crtbegin.o
 .rela.text._svfprintf_r
                0x00000000        0x0 /opt/devkitpro/devkitPPC/lib/gcc/powerpc-eabi/4.6.3/crtbegin.o
 .rela.text._vfprintf_r
                0x00000000        0x0 /opt/devkitpro/devkitPPC/lib/gcc/powerpc-eabi/4.6.3/crtbegin.o
 .rela.text._wcrtomb_r
                0x00000000        0x0 /opt/devkitpro/devkitPPC/lib/gcc/powerpc-eabi/4.6.3/crtbegin.o
 .rela.text.wcrtomb
                0x00000000        0x0 /opt/devkitpro/devkitPPC/lib/gcc/powerpc-eabi/4.6.3/crtbegin.o
 .rela.text.__call_exitprocs
                0x00000000        0x0 /opt/devkitpro/devkitPPC/lib/gcc/powerpc-eabi/4.6.3/crtbegin.o
 .rela.text._dtoa_r
                0x00000000        0x0 /opt/devkitpro/devkitPPC/lib/gcc/powerpc-eabi/4.6.3/crtbegin.o
 .rela.text.loadlocale
                0x00000000        0x0 /opt/devkitpro/devkitPPC/lib/gcc/powerpc-eabi/4.6.3/crtbegin.o
 .rela.text._findenv_r
                0x00000000        0x0 /opt/devkitpro/devkitPPC/lib/gcc/powerpc-eabi/4.6.3/crtbegin.o

.rel.fini
 *(.rel.fini)

.rela.fini
 *(.rela.fini)

.rel.rodata
 *(.rel.rodata .rel.rodata.* .rel.gnu.linkonce.r.*)

.rela.rodata
 *(.rela.rodata .rela.rodata.* .rela.gnu.linkonce.r.*)

.rel.data
 *(.rel.data .rel.data.* .rel.gnu.linkonce.d.*)

.rela.data
 *(.rela.data .rela.data.* .rela.gnu.linkonce.d.*)

.rel.tdata
 *(.rel.tdata .rel.tdata.* .rel.gnu.linkonce.td.*)

.rela.tdata
 *(.rela.tdata .rela.tdata.* .rela.gnu.linkonce.td.*)

.rel.tbss
 *(.rel.tbss .rel.tbss.* .rel.gnu.linkonce.tb.*)

.rela.tbss
 *(.rela.tbss .rela.tbss.* .rela.gnu.linkonce.tb.*)

.rel.ctors
 *(.rel.ctors)

.rela.ctors
 *(.rela.ctors)

.rel.dtors
 *(.rel.dtors)

.rela.dtors
 *(.rela.dtors)

.rel.got
 *(.rel.got)

.rela.got
 *(.rela.got)

.rela.got1
 *(.rela.got1)

.rela.got2      0x80004194        0x0
 *(.rela.got2)
 .rela.got2     0x00000000        0x0 /opt/devkitpro/devkitPPC/lib/gcc/powerpc-eabi/4.6.3/crtbegin.o

.rel.sdata
 *(.rel.sdata .rel.sdata.* .rel.gnu.linkonce.s.*)

.rela.sdata
 *(.rela.sdata .rela.sdata.* .rela.gnu.linkonce.s.*)

.rel.sbss
 *(.rel.sbss .rel.sbss.* .rel.gnu.linkonce.sb.*)

.rela.sbss
 *(.rela.sbss .rela.sbss.* .rel.gnu.linkonce.sb.*)

.rel.sdata2
 *(.rel.sdata2 .rel.sdata2.* .rel.gnu.linkonce.s2.*)

.rela.sdata2
 *(.rela.sdata2 .rela.sdata2.* .rela.gnu.linkonce.s2.*)

.rel.sbss2
 *(.rel.sbss2 .rel.sbss2.* .rel.gnu.linkonce.sb2.*)

.rela.sbss2
 *(.rela.sbss2 .rela.sbss2.* .rela.gnu.linkonce.sb2.*)

.rel.bss
 *(.rel.bss .rel.bss.* .rel.gnu.linkonce.b.*)

.rela.bss
 *(.rela.bss .rela.bss.* .rela.gnu.linkonce.b.*)

.rel.plt
 *(.rel.plt)

.rela.plt
 *(.rela.plt)

.text           0x800041a0    0x34b40
 *(.text)
 .text          0x800041a0      0x168 /opt/devkitpro/devkitPPC/lib/gcc/powerpc-eabi/4.6.3/crtbegin.o
 .text          0x80004308       0x44 /opt/devkitpro/devkitPPC/lib/gcc/powerpc-eabi/4.6.3/../../../../powerpc-eabi/lib/crtmain.o
                0x8000430c                __crtmain
 *fill*         0x8000434c       0x14 00000000
 .text          0x80004360      0x44c /opt/devkitpro/libogc/lib/wii/libogc.a(lwp_handler.o)
                0x80004360                _cpu_context_save_fp
                0x800044a0                _cpu_context_restore_fp
                0x800045e0                _cpu_context_switch
                0x800046c0                _cpu_context_save
                0x80004740                _cpu_context_restore
 .text          0x800047ac      0x4a0 /opt/devkitpro/libogc/lib/wii/libogc.a(system_asm.o)
                0x800047ac                __realmode
                0x800047c4                __configBATS
                0x800048f4                __InitFPRS
                0x80004a20                __InitPS
                0x80004a7c                __InitCache
                0x80004ad4                __InitSystem
                0x80004b5c                __flush_cache
                0x80004b90                __reset
                0x80004c00                __InitBATS
                0x80004c1c                SYS_SwitchFiber
 .text          0x80004c4c      0x8dc /opt/devkitpro/libogc/lib/wii/libogc.a(gu_psasm.o)
                0x80004c4c                ps_guMtxConcat
                0x80004d10                ps_guMtxIdentity
                0x80004d3c                ps_guMtxCopy
                0x80004d70                ps_guMtxTranspose
                0x80004dc0                ps_guMtxInverse
                0x80004eb8                ps_guMtxInvXpose
                0x80004f80                ps_guMtxScale
                0x80004fa8                ps_guMtxScaleApply
                0x80005000                ps_guMtxApplyScale
                0x80005064                ps_guMtxTrans
                0x80005098                ps_guMtxTransApply
                0x800050e4                ps_guMtxApplyTrans
                0x80005160                ps_guMtxRotTrig
                0x80005210                __ps_guMtxRotAxisRadInternal
                0x800052d0                ps_guMtxReflect
                0x80005340                ps_guVecAdd
                0x80005364                ps_guVecSub
                0x80005388                ps_guVecScale
                0x800053a4                ps_guVecNormalize
                0x800053e8                ps_guVecCross
                0x80005424                ps_guVecDotProduct
                0x80005444                ps_guVecMultiply
                0x80005498                ps_guVecMultiplySR
                0x80005508                ps_guQuatDotProduct
 .text          0x80005528      0x1ac /opt/devkitpro/libogc/lib/wii/libogc.a(irq_handler.o)
                0x80005528                irq_exceptionhandler
 .text          0x800056d4      0x4f4 /opt/devkitpro/libogc/lib/wii/libogc.a(cache_asm.o)
                0x800056d4                DCFlashInvalidate
                0x800056e8                DCEnable
                0x800056fc                DCDisable
                0x80005710                DCFreeze
                0x80005724                DCUnfreeze
                0x80005738                DCTouchLoad
                0x80005740                DCBlockZero
                0x80005748                DCBlockStore
                0x80005750                DCBlockFlush
                0x80005758                DCBlockInvalidate
                0x80005760                DCInvalidateRange
                0x80005790                DCFlushRange
                0x800057c4                DCStoreRange
                0x800057f8                DCFlushRangeNoSync
                0x80005828                DCStoreRangeNoSync
                0x80005858                DCZeroRange
                0x80005888                DCTouchRange
                0x800058b8                ICInvalidateRange
                0x800058f0                ICFlashInvalidate
                0x80005904                ICEnable
                0x80005918                ICDisable
                0x8000592c                ICFreeze
                0x80005940                ICUnfreeze
                0x80005954                ICBlockInvalidate
                0x8000595c                ICSync
                0x80005964                L2Init
                0x800059ac                L2Enable
                0x800059c8                L2Disable
                0x800059e0                L2GlobalInvalidate
                0x80005a38                __LCEnable
                0x80005b04                LCDisable
                0x80005b2c                LCAllocOneTag
                0x80005b40                LCAllocTags
                0x80005b80                LCLoadBlocks
                0x80005ba4                LCStoreBlocks
 .text          0x80005bc8      0x1ac /opt/devkitpro/libogc/lib/wii/libogc.a(decrementer_handler.o)
                0x80005bc8                dec_exceptionhandler
 .text          0x80005d74      0x35c /opt/devkitpro/libogc/lib/wii/libogc.a(exception_handler.o)
                0x80005d74                exceptionhandler_start
                0x80005df0                exceptionhandler_patch
                0x80005e24                exceptionhandler_end
                0x80005e28                default_exceptionhandler
                0x80005f58                fpu_exceptionhandler
                0x800060a0                systemcallhandler_start
                0x800060cc                systemcallhandler_end
 .text          0x800060d0       0x40 /opt/devkitpro/devkitPPC/lib/gcc/powerpc-eabi/4.6.3/libgcc.a(_ashldi3.o)
                0x800060d0                __ashldi3
 .text          0x80006110      0x400 /opt/devkitpro/devkitPPC/lib/gcc/powerpc-eabi/4.6.3/libgcc.a(_udivdi3.o)
                0x80006110                __udivdi3
 .text          0x80006510      0x3d4 /opt/devkitpro/devkitPPC/lib/gcc/powerpc-eabi/4.6.3/libgcc.a(_umoddi3.o)
                0x80006510                __umoddi3
 .text          0x800068e4       0x48 /opt/devkitpro/devkitPPC/lib/gcc/powerpc-eabi/4.6.3/libgcc.a(eabi.o)
                0x800068e4                __eabi
 .text          0x8000692c       0x4c /opt/devkitpro/devkitPPC/lib/gcc/powerpc-eabi/4.6.3/libgcc.a(crtsavfpr.o)
                0x8000692c                _savefpr_14
                0x80006930                _savefpr_15
                0x80006934                _savefpr_16
                0x80006938                _savefpr_17
                0x8000693c                _savefpr_18
                0x80006940                _savefpr_19
                0x80006944                _savefpr_20
                0x80006948                _savefpr_21
                0x8000694c                _savefpr_22
                0x80006950                _savefpr_23
                0x80006954                _savefpr_24
                0x80006958                _savefpr_25
                0x8000695c                _savefpr_26
                0x80006960                _savefpr_27
                0x80006964                _savefpr_28
                0x80006968                _savefpr_29
                0x8000696c                _savefpr_30
                0x80006970                _savefpr_31
 .text          0x80006978       0x4c /opt/devkitpro/devkitPPC/lib/gcc/powerpc-eabi/4.6.3/libgcc.a(crtsavgpr.o)
                0x80006978                _savegpr_14
                0x8000697c                _savegpr_15
                0x80006980                _savegpr_16
                0x80006984                _savegpr_17
                0x80006988                _savegpr_18
                0x8000698c                _savegpr_19
                0x80006990                _savegpr_20
                0x80006994                _savegpr_21
                0x80006998                _savegpr_22
                0x8000699c                _savegpr_23
                0x800069a0                _savegpr_24
                0x800069a4                _savegpr_25
                0x800069a8                _savegpr_26
                0x800069ac                _savegpr_27
                0x800069b0                _savegpr_28
                0x800069b4                _savegpr_29
                0x800069b8                _savegpr_30
                0x800069bc                _savegpr_31
 .text          0x800069c4       0x4c /opt/devkitpro/devkitPPC/lib/gcc/powerpc-eabi/4.6.3/libgcc.a(crtresgpr.o)
                0x800069c4                _restgpr_14
                0x800069c8                _restgpr_15
                0x800069cc                _restgpr_16
                0x800069d0                _restgpr_17
                0x800069d4                _restgpr_18
                0x800069d8                _restgpr_19
                0x800069dc                _restgpr_20
                0x800069e0                _restgpr_21
                0x800069e4                _restgpr_22
                0x800069e8                _restgpr_23
                0x800069ec                _restgpr_24
                0x800069f0                _restgpr_25
                0x800069f4                _restgpr_26
                0x800069f8                _restgpr_27
                0x800069fc                _restgpr_28
                0x80006a00                _restgpr_29
                0x80006a04                _restgpr_30
                0x80006a08                _restgpr_31
 .text          0x80006a10       0x58 /opt/devkitpro/devkitPPC/lib/gcc/powerpc-eabi/4.6.3/libgcc.a(crtresxfpr.o)
                0x80006a10                _restfpr_14_x
                0x80006a14                _restfpr_15_x
                0x80006a18                _restfpr_16_x
                0x80006a1c                _restfpr_17_x
                0x80006a20                _restfpr_18_x
                0x80006a24                _restfpr_19_x
                0x80006a28                _restfpr_20_x
                0x80006a2c                _restfpr_21_x
                0x80006a30                _restfpr_22_x
                0x80006a34                _restfpr_23_x
                0x80006a38                _restfpr_24_x
                0x80006a3c                _restfpr_25_x
                0x80006a40                _restfpr_26_x
                0x80006a44                _restfpr_27_x
                0x80006a48                _restfpr_28_x
                0x80006a4c                _restfpr_29_x
                0x80006a50                _restfpr_30_x
                0x80006a54                _restfpr_31_x
 .text          0x80006a68       0x58 /opt/devkitpro/devkitPPC/lib/gcc/powerpc-eabi/4.6.3/libgcc.a(crtresxgpr.o)
                0x80006a68                _restgpr_14_x
                0x80006a6c                _restgpr_15_x
                0x80006a70                _restgpr_16_x
                0x80006a74                _restgpr_17_x
                0x80006a78                _restgpr_18_x
                0x80006a7c                _restgpr_19_x
                0x80006a80                _restgpr_20_x
                0x80006a84                _restgpr_21_x
                0x80006a88                _restgpr_22_x
                0x80006a8c                _restgpr_23_x
                0x80006a90                _restgpr_24_x
                0x80006a94                _restgpr_25_x
                0x80006a98                _restgpr_26_x
                0x80006a9c                _restgpr_27_x
                0x80006aa0                _restgpr_28_x
                0x80006aa4                _restgpr_29_x
                0x80006aa8                _restgpr_30_x
                0x80006aac                _restgpr_31_x
 .text          0x80006ac0       0x28 /opt/devkitpro/devkitPPC/lib/gcc/powerpc-eabi/4.6.3/../../../../powerpc-eabi/lib/libsysbase.a(abort.o)
                0x80006ac0                abort
 .text          0x80006ae8      0x2ec /opt/devkitpro/devkitPPC/lib/gcc/powerpc-eabi/4.6.3/../../../../powerpc-eabi/lib/libsysbase.a(iosupport.o)
                0x80006ae8                setDefaultDevice
                0x80006b00                FindDevice
                0x80006c24                RemoveDevice
                0x80006c74                AddDevice
                0x80006d90                GetDeviceOpTab
 .text          0x80006dd4       0x28 /opt/devkitpro/devkitPPC/lib/gcc/powerpc-eabi/4.6.3/../../../../powerpc-eabi/lib/libsysbase.a(_exit.o)
                0x80006dd4                _exit
 .text          0x80006dfc       0x90 /opt/devkitpro/devkitPPC/lib/gcc/powerpc-eabi/4.6.3/../../../../powerpc-eabi/lib/libsysbase.a(build_argv.o)
                0x80006dfc                build_argv
 .text          0x80006e8c      0x168 /opt/devkitpro/devkitPPC/lib/gcc/powerpc-eabi/4.6.3/../../../../powerpc-eabi/lib/libsysbase.a(syscall_support.o)
                0x80006e8c                __libc_lock_init
                0x80006ecc                __libc_lock_close
                0x80006f0c                __libc_lock_release
                0x80006f4c                __libc_lock_acquire
                0x80006f8c                __malloc_lock
                0x80006fc0                __malloc_unlock
 .text          0x80006ff4       0x98 /opt/devkitpro/devkitPPC/lib/gcc/powerpc-eabi/4.6.3/../../../../powerpc-eabi/lib/libsysbase.a(close.o)
                0x80006ff4                _close_r
 .text          0x8000708c       0xc8 /opt/devkitpro/devkitPPC/lib/gcc/powerpc-eabi/4.6.3/../../../../powerpc-eabi/lib/libsysbase.a(fstat.o)
                0x8000708c                _fstat_r
 .text          0x80007154        0x8 /opt/devkitpro/devkitPPC/lib/gcc/powerpc-eabi/4.6.3/../../../../powerpc-eabi/lib/libsysbase.a(isatty.o)
                0x80007154                _isatty_r
 .text          0x8000715c       0xcc /opt/devkitpro/devkitPPC/lib/gcc/powerpc-eabi/4.6.3/../../../../powerpc-eabi/lib/libsysbase.a(lseek.o)
                0x8000715c                _lseek_r
 .text          0x80007228       0xac /opt/devkitpro/devkitPPC/lib/gcc/powerpc-eabi/4.6.3/../../../../powerpc-eabi/lib/libsysbase.a(read.o)
                0x80007228                _read_r
 .text          0x800072d4       0x50 /opt/devkitpro/devkitPPC/lib/gcc/powerpc-eabi/4.6.3/../../../../powerpc-eabi/lib/libsysbase.a(sbrk.o)
                0x800072d4                _sbrk_r
 .text          0x80007324       0xac /opt/devkitpro/devkitPPC/lib/gcc/powerpc-eabi/4.6.3/../../../../powerpc-eabi/lib/libsysbase.a(write.o)
                0x80007324                _write_r
 .text          0x800073d0       0x6c /opt/devkitpro/devkitPPC/lib/gcc/powerpc-eabi/4.6.3/../../../../powerpc-eabi/lib/libsysbase.a(flock.o)
                0x800073d0                __flockfile
                0x80007418                __funlockfile
 .text          0x8000743c      0x174 /opt/devkitpro/devkitPPC/lib/gcc/powerpc-eabi/4.6.3/../../../../powerpc-eabi/lib/libsysbase.a(handle_manager.o)
                0x8000743c                __release_handle
                0x80007498                __alloc_handle
                0x8000758c                __get_handle
 .text          0x800075b0       0x6c /opt/devkitpro/devkitPPC/lib/gcc/powerpc-eabi/4.6.3/crtend.o
 *(.text.*)
 .text.startup.main
                0x8000761c      0x78c 3DTest.o
                0x8000761c                main
 .text.__wpad_assign_slot
                0x80007da8      0x220 /opt/devkitpro/libogc/lib/wii/libwiiuse.a(wpad.o)
                0x80007da8                __wpad_assign_slot
 .text.__wpad_def_powcb
                0x80007fc8       0x20 /opt/devkitpro/libogc/lib/wii/libwiiuse.a(wpad.o)
 .text.__wpad_setfmt
                0x80007fe8       0xf0 /opt/devkitpro/libogc/lib/wii/libwiiuse.a(wpad.o)
 .text.__readlinkkey_finished
                0x800080d8       0x30 /opt/devkitpro/libogc/lib/wii/libwiiuse.a(wpad.o)
 .text.__wpad_patch_finished
                0x80008108       0x2c /opt/devkitpro/libogc/lib/wii/libwiiuse.a(wpad.o)
 .text.__wpad_eventCB
                0x80008134      0x958 /opt/devkitpro/libogc/lib/wii/libwiiuse.a(wpad.o)
 .text.__wpad_disconnectCB
                0x80008a8c       0xe8 /opt/devkitpro/libogc/lib/wii/libwiiuse.a(wpad.o)
                0x80008a8c                __wpad_disconnectCB
 .text.__wpad_timeouthandler
                0x80008b74       0x98 /opt/devkitpro/libogc/lib/wii/libwiiuse.a(wpad.o)
 .text.__initcore_finished
                0x80008c0c       0x40 /opt/devkitpro/libogc/lib/wii/libwiiuse.a(wpad.o)
 .text.__wpad_init_finished
                0x80008c4c      0x134 /opt/devkitpro/libogc/lib/wii/libwiiuse.a(wpad.o)
 .text.WPAD_ReadEvent
                0x80008d80      0x580 /opt/devkitpro/libogc/lib/wii/libwiiuse.a(wpad.o)
                0x80008d80                WPAD_ReadEvent
 .text.WPAD_ReadPending
                0x80009300      0x10c /opt/devkitpro/libogc/lib/wii/libwiiuse.a(wpad.o)
                0x80009300                WPAD_ReadPending
 .text.WPAD_Shutdown
                0x8000940c       0xdc /opt/devkitpro/libogc/lib/wii/libwiiuse.a(wpad.o)
                0x8000940c                WPAD_Shutdown
 .text.WPAD_Init
                0x800094e8      0x240 /opt/devkitpro/libogc/lib/wii/libwiiuse.a(wpad.o)
                0x800094e8                WPAD_Init
 .text.__wpad_onreset
                0x80009728       0x2c /opt/devkitpro/libogc/lib/wii/libwiiuse.a(wpad.o)
 .text.WPAD_ScanPads
                0x80009754        0xc /opt/devkitpro/libogc/lib/wii/libwiiuse.a(wpad.o)
                0x80009754                WPAD_ScanPads
 .text.WPAD_ButtonsDown
                0x80009760       0x28 /opt/devkitpro/libogc/lib/wii/libwiiuse.a(wpad.o)
                0x80009760                WPAD_ButtonsDown
 .text.WPAD_ButtonsHeld
                0x80009788       0x28 /opt/devkitpro/libogc/lib/wii/libwiiuse.a(wpad.o)
                0x80009788                WPAD_ButtonsHeld
 .text.motion_plus_disconnected
                0x800097b0       0x10 /opt/devkitpro/libogc/lib/wii/libwiiuse.a(motion_plus.o)
                0x800097b0                motion_plus_disconnected
 .text.motion_plus_event
                0x800097c0       0x64 /opt/devkitpro/libogc/lib/wii/libwiiuse.a(motion_plus.o)
                0x800097c0                motion_plus_event
 .text.calculate_gforce
                0x80009824      0x114 /opt/devkitpro/libogc/lib/wii/libwiiuse.a(dynamics.o)
                0x80009824                calculate_gforce
 .text.calc_joystick_state
                0x80009938      0x21c /opt/devkitpro/libogc/lib/wii/libwiiuse.a(dynamics.o)
                0x80009938                calc_joystick_state
 .text.apply_smoothing
                0x80009b54      0x148 /opt/devkitpro/libogc/lib/wii/libwiiuse.a(dynamics.o)
                0x80009b54                apply_smoothing
 .text.calculate_orientation
                0x80009c9c      0x29c /opt/devkitpro/libogc/lib/wii/libwiiuse.a(dynamics.o)
                0x80009c9c                calculate_orientation
 .text.calc_balanceboard_state
                0x80009f38      0x36c /opt/devkitpro/libogc/lib/wii/libwiiuse.a(dynamics.o)
                0x80009f38                calc_balanceboard_state
 .text.wiiuse_handshake_expansion
                0x8000a2a4      0x1d4 /opt/devkitpro/libogc/lib/wii/libwiiuse.a(io.o)
                0x8000a2a4                wiiuse_handshake_expansion
 .text.wiiuse_handshake
                0x8000a478      0x150 /opt/devkitpro/libogc/lib/wii/libwiiuse.a(io.o)
                0x8000a478                wiiuse_handshake
 .text.wiiuse_handshake_expansion_start
                0x8000a5c8       0x24 /opt/devkitpro/libogc/lib/wii/libwiiuse.a(io.o)
                0x8000a5c8                wiiuse_handshake_expansion_start
 .text.wiiuse_disable_expansion
                0x8000a5ec       0xc0 /opt/devkitpro/libogc/lib/wii/libwiiuse.a(io.o)
                0x8000a5ec                wiiuse_disable_expansion
 .text.__wiiuse_disconnected
                0x8000a6ac       0x90 /opt/devkitpro/libogc/lib/wii/libwiiuse.a(io_wii.o)
 .text.__wiiuse_receive
                0x8000a73c       0x8c /opt/devkitpro/libogc/lib/wii/libwiiuse.a(io_wii.o)
 .text.__wiiuse_connected
                0x8000a7c8       0x7c /opt/devkitpro/libogc/lib/wii/libwiiuse.a(io_wii.o)
 .text.__wiiuse_sensorbar_enable
                0x8000a844       0x48 /opt/devkitpro/libogc/lib/wii/libwiiuse.a(io_wii.o)
                0x8000a844                __wiiuse_sensorbar_enable
 .text.wiiuse_register
                0x8000a88c       0xa4 /opt/devkitpro/libogc/lib/wii/libwiiuse.a(io_wii.o)
                0x8000a88c                wiiuse_register
 .text.wiiuse_disconnect
                0x8000a930       0x40 /opt/devkitpro/libogc/lib/wii/libwiiuse.a(io_wii.o)
                0x8000a930                wiiuse_disconnect
 .text.wiiuse_init_cmd_queue
                0x8000a970       0x84 /opt/devkitpro/libogc/lib/wii/libwiiuse.a(io_wii.o)
                0x8000a970                wiiuse_init_cmd_queue
 .text.wiiuse_io_write
                0x8000a9f4       0x38 /opt/devkitpro/libogc/lib/wii/libwiiuse.a(io_wii.o)
                0x8000a9f4                wiiuse_io_write
 .text.get_ir_sens.isra.0
                0x8000aa2c       0xe8 /opt/devkitpro/libogc/lib/wii/libwiiuse.a(ir.o)
 .text.rotate_dots
                0x8000ab14      0x110 /opt/devkitpro/libogc/lib/wii/libwiiuse.a(ir.o)
 .text.wiiuse_set_ir_mode
                0x8000ac24       0x60 /opt/devkitpro/libogc/lib/wii/libwiiuse.a(ir.o)
                0x8000ac24                wiiuse_set_ir_mode
 .text.wiiuse_set_ir
                0x8000ac84      0x190 /opt/devkitpro/libogc/lib/wii/libwiiuse.a(ir.o)
                0x8000ac84                wiiuse_set_ir
 .text.wiiuse_set_ir_position
                0x8000ae14       0x78 /opt/devkitpro/libogc/lib/wii/libwiiuse.a(ir.o)
                0x8000ae14                wiiuse_set_ir_position
 .text.wiiuse_set_aspect_ratio
                0x8000ae8c       0x3c /opt/devkitpro/libogc/lib/wii/libwiiuse.a(ir.o)
                0x8000ae8c                wiiuse_set_aspect_ratio
 .text.wiiuse_set_ir_sensitivity
                0x8000aec8       0xf8 /opt/devkitpro/libogc/lib/wii/libwiiuse.a(ir.o)
                0x8000aec8                wiiuse_set_ir_sensitivity
 .text.calculate_basic_ir
                0x8000afc0       0xfc /opt/devkitpro/libogc/lib/wii/libwiiuse.a(ir.o)
                0x8000afc0                calculate_basic_ir
 .text.calculate_extended_ir
                0x8000b0bc       0x7c /opt/devkitpro/libogc/lib/wii/libwiiuse.a(ir.o)
                0x8000b0bc                calculate_extended_ir
 .text.find_sensorbar
                0x8000b138      0x7fc /opt/devkitpro/libogc/lib/wii/libwiiuse.a(ir.o)
                0x8000b138                find_sensorbar
 .text.apply_ir_smoothing
                0x8000b934       0xd4 /opt/devkitpro/libogc/lib/wii/libwiiuse.a(ir.o)
                0x8000b934                apply_ir_smoothing
 .text.calc_yaw
                0x8000ba08       0x54 /opt/devkitpro/libogc/lib/wii/libwiiuse.a(ir.o)
                0x8000ba08                calc_yaw
 .text.interpret_ir_data
                0x8000ba5c      0x370 /opt/devkitpro/libogc/lib/wii/libwiiuse.a(ir.o)
                0x8000ba5c                interpret_ir_data
 .text.nunchuk_handshake
                0x8000bdcc      0x228 /opt/devkitpro/libogc/lib/wii/libwiiuse.a(nunchuk.o)
                0x8000bdcc                nunchuk_handshake
 .text.nunchuk_disconnected
                0x8000bff4       0x28 /opt/devkitpro/libogc/lib/wii/libwiiuse.a(nunchuk.o)
                0x8000bff4                nunchuk_disconnected
 .text.nunchuk_event
                0x8000c01c       0xe4 /opt/devkitpro/libogc/lib/wii/libwiiuse.a(nunchuk.o)
                0x8000c01c                nunchuk_event
 .text.wii_board_handshake
                0x8000c100      0x170 /opt/devkitpro/libogc/lib/wii/libwiiuse.a(wiiboard.o)
                0x8000c100                wii_board_handshake
 .text.wii_board_disconnected
                0x8000c270       0x28 /opt/devkitpro/libogc/lib/wii/libwiiuse.a(wiiboard.o)
                0x8000c270                wii_board_disconnected
 .text.wii_board_event
                0x8000c298       0x54 /opt/devkitpro/libogc/lib/wii/libwiiuse.a(wiiboard.o)
                0x8000c298                wii_board_event
 .text.wiiuse_send_next_command
                0x8000c2ec       0x6c /opt/devkitpro/libogc/lib/wii/libwiiuse.a(wiiuse.o)
                0x8000c2ec                wiiuse_send_next_command
 .text.__wiiuse_push_command
                0x8000c358       0x94 /opt/devkitpro/libogc/lib/wii/libwiiuse.a(wiiuse.o)
 .text.wiiuse_init
                0x8000c3ec      0x154 /opt/devkitpro/libogc/lib/wii/libwiiuse.a(wiiuse.o)
                0x8000c3ec                wiiuse_init
 .text.wiiuse_set_flags
                0x8000c540       0x24 /opt/devkitpro/libogc/lib/wii/libwiiuse.a(wiiuse.o)
                0x8000c540                wiiuse_set_flags
 .text.wiiuse_read_data
                0x8000c564       0x94 /opt/devkitpro/libogc/lib/wii/libwiiuse.a(wiiuse.o)
                0x8000c564                wiiuse_read_data
 .text.wiiuse_write_data
                0x8000c5f8       0xc0 /opt/devkitpro/libogc/lib/wii/libwiiuse.a(wiiuse.o)
                0x8000c5f8                wiiuse_write_data
 .text.wiiuse_sendcmd
                0x8000c6b8       0x90 /opt/devkitpro/libogc/lib/wii/libwiiuse.a(wiiuse.o)
                0x8000c6b8                wiiuse_sendcmd
 .text.wiiuse_status
                0x8000c748       0x4c /opt/devkitpro/libogc/lib/wii/libwiiuse.a(wiiuse.o)
                0x8000c748                wiiuse_status
 .text.wiiuse_motion_sensing
                0x8000c794       0x3c /opt/devkitpro/libogc/lib/wii/libwiiuse.a(wiiuse.o)
                0x8000c794                wiiuse_motion_sensing
 .text.wiiuse_set_report_type
                0x8000c7d0       0xd0 /opt/devkitpro/libogc/lib/wii/libwiiuse.a(wiiuse.o)
                0x8000c7d0                wiiuse_set_report_type
 .text.wiiuse_set_leds
                0x8000c8a0       0x50 /opt/devkitpro/libogc/lib/wii/libwiiuse.a(wiiuse.o)
                0x8000c8a0                wiiuse_set_leds
 .text.wiiuse_set_speaker
                0x8000c8f0      0x1e4 /opt/devkitpro/libogc/lib/wii/libwiiuse.a(speaker.o)
                0x8000c8f0                wiiuse_set_speaker
 .text.classic_ctrl_handshake
                0x8000cad4      0x188 /opt/devkitpro/libogc/lib/wii/libwiiuse.a(classic.o)
                0x8000cad4                classic_ctrl_handshake
 .text.classic_ctrl_disconnected
                0x8000cc5c       0x28 /opt/devkitpro/libogc/lib/wii/libwiiuse.a(classic.o)
                0x8000cc5c                classic_ctrl_disconnected
 .text.classic_ctrl_event
                0x8000cc84       0xa4 /opt/devkitpro/libogc/lib/wii/libwiiuse.a(classic.o)
                0x8000cc84                classic_ctrl_event
 .text.handle_expansion
                0x8000cd28       0x70 /opt/devkitpro/libogc/lib/wii/libwiiuse.a(events.o)
 .text.wiiuse_pressed_buttons
                0x8000cd98       0x2c /opt/devkitpro/libogc/lib/wii/libwiiuse.a(events.o)
                0x8000cd98                wiiuse_pressed_buttons
 .text.parse_event
                0x8000cdc4      0x540 /opt/devkitpro/libogc/lib/wii/libwiiuse.a(events.o)
                0x8000cdc4                parse_event
 .text.guitar_hero_3_handshake
                0x8000d304       0x68 /opt/devkitpro/libogc/lib/wii/libwiiuse.a(guitar_hero_3.o)
                0x8000d304                guitar_hero_3_handshake
 .text.guitar_hero_3_disconnected
                0x8000d36c       0x28 /opt/devkitpro/libogc/lib/wii/libwiiuse.a(guitar_hero_3.o)
                0x8000d36c                guitar_hero_3_disconnected
 .text.guitar_hero_3_event
                0x8000d394       0x68 /opt/devkitpro/libogc/lib/wii/libwiiuse.a(guitar_hero_3.o)
                0x8000d394                guitar_hero_3_event
 .text.acl_wlp_completed
                0x8000d3fc        0x8 /opt/devkitpro/libogc/lib/wii/libbte.a(bte.o)
                0x8000d3fc                acl_wlp_completed
 .text.__bte_cmdfinish
                0x8000d404       0x9c /opt/devkitpro/libogc/lib/wii/libbte.a(bte.o)
 .text.bte_hci_initsub_complete
                0x8000d4a0      0x12c /opt/devkitpro/libogc/lib/wii/libbte.a(bte.o)
                0x8000d4a0                bte_hci_initsub_complete
 .text.bte_hci_initcore_complete2
                0x8000d5cc       0xf0 /opt/devkitpro/libogc/lib/wii/libbte.a(bte.o)
                0x8000d5cc                bte_hci_initcore_complete2
 .text.bte_hci_patch_complete
                0x8000d6bc      0x1b0 /opt/devkitpro/libogc/lib/wii/libbte.a(bte.o)
                0x8000d6bc                bte_hci_patch_complete
 .text.bte_hci_apply_patch_complete
                0x8000d86c       0xa8 /opt/devkitpro/libogc/lib/wii/libbte.a(bte.o)
                0x8000d86c                bte_hci_apply_patch_complete
 .text.bte_hci_initcore_complete
                0x8000d914      0x158 /opt/devkitpro/libogc/lib/wii/libbte.a(bte.o)
                0x8000d914                bte_hci_initcore_complete
 .text.__bte_close_ctrl_queue
                0x8000da6c       0x80 /opt/devkitpro/libogc/lib/wii/libbte.a(bte.o)
 .text.__bte_send_pending_request
                0x8000daec       0xb8 /opt/devkitpro/libogc/lib/wii/libbte.a(bte.o)
 .text.l2cap_disconnect_cfm
                0x8000dba4       0xe0 /opt/devkitpro/libogc/lib/wii/libbte.a(bte.o)
                0x8000dba4                l2cap_disconnect_cfm
 .text.acl_conn_complete
                0x8000dc84       0x2c /opt/devkitpro/libogc/lib/wii/libbte.a(bte.o)
                0x8000dc84                acl_conn_complete
 .text.__bte_shutdown_finished
                0x8000dcb0       0x5c /opt/devkitpro/libogc/lib/wii/libbte.a(bte.o)
 .text.bt_alarmhandler
                0x8000dd0c       0x60 /opt/devkitpro/libogc/lib/wii/libbte.a(bte.o)
 .text.bte_read_stored_link_key_complete
                0x8000dd6c      0x108 /opt/devkitpro/libogc/lib/wii/libbte.a(bte.o)
                0x8000dd6c                bte_read_stored_link_key_complete
 .text.l2cap_accepted
                0x8000de74       0xd8 /opt/devkitpro/libogc/lib/wii/libbte.a(bte.o)
                0x8000de74                l2cap_accepted
 .text.l2cap_disconnected_ind
                0x8000df4c       0xb8 /opt/devkitpro/libogc/lib/wii/libbte.a(bte.o)
                0x8000df4c                l2cap_disconnected_ind
 .text.bte_process_input
                0x8000e004       0xf4 /opt/devkitpro/libogc/lib/wii/libbte.a(bte.o)
 .text.__bte_waitcmdfinish.constprop.6
                0x8000e0f8       0x78 /opt/devkitpro/libogc/lib/wii/libbte.a(bte.o)
 .text.BTE_Init
                0x8000e170      0x108 /opt/devkitpro/libogc/lib/wii/libbte.a(bte.o)
                0x8000e170                BTE_Init
 .text.BTE_Shutdown
                0x8000e278       0x94 /opt/devkitpro/libogc/lib/wii/libbte.a(bte.o)
                0x8000e278                BTE_Shutdown
 .text.BTE_InitCore
                0x8000e30c       0x7c /opt/devkitpro/libogc/lib/wii/libbte.a(bte.o)
                0x8000e30c                BTE_InitCore
 .text.BTE_ApplyPatch
                0x8000e388       0x98 /opt/devkitpro/libogc/lib/wii/libbte.a(bte.o)
                0x8000e388                BTE_ApplyPatch
 .text.BTE_InitSub
                0x8000e420       0x80 /opt/devkitpro/libogc/lib/wii/libbte.a(bte.o)
                0x8000e420                BTE_InitSub
 .text.BTE_ReadStoredLinkKey
                0x8000e4a0       0x80 /opt/devkitpro/libogc/lib/wii/libbte.a(bte.o)
                0x8000e4a0                BTE_ReadStoredLinkKey
 .text.BTE_SetDisconnectCallback
                0x8000e520       0x20 /opt/devkitpro/libogc/lib/wii/libbte.a(bte.o)
                0x8000e520                BTE_SetDisconnectCallback
 .text.bte_new  0x8000e540       0x4c /opt/devkitpro/libogc/lib/wii/libbte.a(bte.o)
                0x8000e540                bte_new
 .text.bte_registerdeviceasync
                0x8000e58c      0x124 /opt/devkitpro/libogc/lib/wii/libbte.a(bte.o)
                0x8000e58c                bte_registerdeviceasync
 .text.bte_disconnect
                0x8000e6b0       0x9c /opt/devkitpro/libogc/lib/wii/libbte.a(bte.o)
                0x8000e6b0                bte_disconnect
 .text.bte_senddata
                0x8000e74c       0xb0 /opt/devkitpro/libogc/lib/wii/libbte.a(bte.o)
                0x8000e74c                bte_senddata
 .text.bte_arg  0x8000e7fc       0x3c /opt/devkitpro/libogc/lib/wii/libbte.a(bte.o)
                0x8000e7fc                bte_arg
 .text.bte_received
                0x8000e838       0x3c /opt/devkitpro/libogc/lib/wii/libbte.a(bte.o)
                0x8000e838                bte_received
 .text.bte_disconnected
                0x8000e874       0x3c /opt/devkitpro/libogc/lib/wii/libbte.a(bte.o)
                0x8000e874                bte_disconnected
 .text.hci_init
                0x8000e8b0       0x78 /opt/devkitpro/libogc/lib/wii/libbte.a(hci.o)
                0x8000e8b0                hci_init
 .text.hci_new  0x8000e928       0x3c /opt/devkitpro/libogc/lib/wii/libbte.a(hci.o)
                0x8000e928                hci_new
 .text.hci_get_link
                0x8000e964       0x7c /opt/devkitpro/libogc/lib/wii/libbte.a(hci.o)
                0x8000e964                hci_get_link
 .text.hci_close
                0x8000e9e0       0xcc /opt/devkitpro/libogc/lib/wii/libbte.a(hci.o)
                0x8000e9e0                hci_close
 .text.hci_reset_all
                0x8000eaac       0x9c /opt/devkitpro/libogc/lib/wii/libbte.a(hci.o)
                0x8000eaac                hci_reset_all
 .text.hci_arg  0x8000eb48        0xc /opt/devkitpro/libogc/lib/wii/libbte.a(hci.o)
                0x8000eb48                hci_arg
 .text.hci_cmd_complete
                0x8000eb54        0xc /opt/devkitpro/libogc/lib/wii/libbte.a(hci.o)
                0x8000eb54                hci_cmd_complete
 .text.hci_connection_complete
                0x8000eb60        0xc /opt/devkitpro/libogc/lib/wii/libbte.a(hci.o)
                0x8000eb60                hci_connection_complete
 .text.hci_wlp_complete
                0x8000eb6c        0xc /opt/devkitpro/libogc/lib/wii/libbte.a(hci.o)
                0x8000eb6c                hci_wlp_complete
 .text.hci_cmd_ass
                0x8000eb78       0x48 /opt/devkitpro/libogc/lib/wii/libbte.a(hci.o)
                0x8000eb78                hci_cmd_ass
 .text.hci_reset
                0x8000ebc0       0x64 /opt/devkitpro/libogc/lib/wii/libbte.a(hci.o)
                0x8000ebc0                hci_reset
 .text.hci_read_buffer_size
                0x8000ec24       0x64 /opt/devkitpro/libogc/lib/wii/libbte.a(hci.o)
                0x8000ec24                hci_read_buffer_size
 .text.hci_read_bd_addr
                0x8000ec88       0x64 /opt/devkitpro/libogc/lib/wii/libbte.a(hci.o)
                0x8000ec88                hci_read_bd_addr
 .text.hci_read_local_version
                0x8000ecec       0x64 /opt/devkitpro/libogc/lib/wii/libbte.a(hci.o)
                0x8000ecec                hci_read_local_version
 .text.hci_read_local_features
                0x8000ed50       0x64 /opt/devkitpro/libogc/lib/wii/libbte.a(hci.o)
                0x8000ed50                hci_read_local_features
 .text.hci_read_stored_link_key
                0x8000edb4       0xac /opt/devkitpro/libogc/lib/wii/libbte.a(hci.o)
                0x8000edb4                hci_read_stored_link_key
 .text.hci_write_page_timeout
                0x8000ee60       0x7c /opt/devkitpro/libogc/lib/wii/libbte.a(hci.o)
                0x8000ee60                hci_write_page_timeout
 .text.hci_write_scan_enable
                0x8000eedc       0x6c /opt/devkitpro/libogc/lib/wii/libbte.a(hci.o)
                0x8000eedc                hci_write_scan_enable
 .text.hci_accecpt_conn_request
                0x8000ef48       0x80 /opt/devkitpro/libogc/lib/wii/libbte.a(hci.o)
                0x8000ef48                hci_accecpt_conn_request
 .text.hci_write_local_name
                0x8000efc8       0x80 /opt/devkitpro/libogc/lib/wii/libbte.a(hci.o)
                0x8000efc8                hci_write_local_name
 .text.hci_write_pin_type
                0x8000f048       0x6c /opt/devkitpro/libogc/lib/wii/libbte.a(hci.o)
                0x8000f048                hci_write_pin_type
 .text.hci_write_inquiry_mode
                0x8000f0b4       0x6c /opt/devkitpro/libogc/lib/wii/libbte.a(hci.o)
                0x8000f0b4                hci_write_inquiry_mode
 .text.hci_write_page_scan_type
                0x8000f120       0x6c /opt/devkitpro/libogc/lib/wii/libbte.a(hci.o)
                0x8000f120                hci_write_page_scan_type
 .text.hci_write_inquiry_scan_type
                0x8000f18c       0x6c /opt/devkitpro/libogc/lib/wii/libbte.a(hci.o)
                0x8000f18c                hci_write_inquiry_scan_type
 .text.hci_vendor_specific_command
                0x8000f1f8       0x8c /opt/devkitpro/libogc/lib/wii/libbte.a(hci.o)
                0x8000f1f8                hci_vendor_specific_command
 .text.hci_write_link_policy_settings
                0x8000f284       0xa0 /opt/devkitpro/libogc/lib/wii/libbte.a(hci.o)
                0x8000f284                hci_write_link_policy_settings
 .text.hci_pin_code_request_neg_reply
                0x8000f324       0x74 /opt/devkitpro/libogc/lib/wii/libbte.a(hci.o)
                0x8000f324                hci_pin_code_request_neg_reply
 .text.hci_disconnect
                0x8000f398       0x98 /opt/devkitpro/libogc/lib/wii/libbte.a(hci.o)
                0x8000f398                hci_disconnect
 .text.hci_write_cod
                0x8000f430       0x78 /opt/devkitpro/libogc/lib/wii/libbte.a(hci.o)
                0x8000f430                hci_write_cod
 .text.hci_host_buffer_size
                0x8000f4a8       0xb4 /opt/devkitpro/libogc/lib/wii/libbte.a(hci.o)
                0x8000f4a8                hci_host_buffer_size
 .text.hci_host_num_comp_packets
                0x8000f55c       0xac /opt/devkitpro/libogc/lib/wii/libbte.a(hci.o)
                0x8000f55c                hci_host_num_comp_packets
 .text.lp_pdu_maxsize
                0x8000f608        0xc /opt/devkitpro/libogc/lib/wii/libbte.a(hci.o)
                0x8000f608                lp_pdu_maxsize
 .text.lp_acl_write
                0x8000f614      0x114 /opt/devkitpro/libogc/lib/wii/libbte.a(hci.o)
                0x8000f614                lp_acl_write
 .text.lp_write_flush_timeout
                0x8000f728       0xa0 /opt/devkitpro/libogc/lib/wii/libbte.a(hci.o)
                0x8000f728                lp_write_flush_timeout
 .text.hci_event_handler
                0x8000f7c8      0xa6c /opt/devkitpro/libogc/lib/wii/libbte.a(hci.o)
                0x8000f7c8                hci_event_handler
 .text.hci_acldata_handler
                0x80010234       0xdc /opt/devkitpro/libogc/lib/wii/libbte.a(hci.o)
                0x80010234                hci_acldata_handler
 .text.l2cap_cid_alloc
                0x80010310       0x4c /opt/devkitpro/libogc/lib/wii/libbte.a(l2cap.o)
 .text.l2cap_init
                0x8001035c       0x60 /opt/devkitpro/libogc/lib/wii/libbte.a(l2cap.o)
                0x8001035c                l2cap_init
 .text.l2cap_write
                0x800103bc       0xe0 /opt/devkitpro/libogc/lib/wii/libbte.a(l2cap.o)
                0x800103bc                l2cap_write
 .text.l2cap_new
                0x8001049c       0x6c /opt/devkitpro/libogc/lib/wii/libbte.a(l2cap.o)
                0x8001049c                l2cap_new
 .text.l2cap_close
                0x80010508      0x15c /opt/devkitpro/libogc/lib/wii/libbte.a(l2cap.o)
                0x80010508                l2cap_close
 .text.l2cap_reset_all
                0x80010664      0x104 /opt/devkitpro/libogc/lib/wii/libbte.a(l2cap.o)
                0x80010664                l2cap_reset_all
 .text.l2cap_rexmit_signal
                0x80010768       0x10 /opt/devkitpro/libogc/lib/wii/libbte.a(l2cap.o)
                0x80010768                l2cap_rexmit_signal
 .text.l2ca_datawrite
                0x80010778       0xe8 /opt/devkitpro/libogc/lib/wii/libbte.a(l2cap.o)
                0x80010778                l2ca_datawrite
 .text.lp_connect_ind
                0x80010860        0x4 /opt/devkitpro/libogc/lib/wii/libbte.a(l2cap.o)
                0x80010860                lp_connect_ind
 .text.lp_disconnect_ind
                0x80010864       0xe4 /opt/devkitpro/libogc/lib/wii/libbte.a(l2cap.o)
                0x80010864                lp_disconnect_ind
 .text.l2cap_disconnect_bb
                0x80010948       0x10 /opt/devkitpro/libogc/lib/wii/libbte.a(l2cap.o)
                0x80010948                l2cap_disconnect_bb
 .text.l2cap_next_sigid
                0x80010958       0x28 /opt/devkitpro/libogc/lib/wii/libbte.a(l2cap.o)
                0x80010958                l2cap_next_sigid
 .text.l2cap_signal
                0x80010980      0x184 /opt/devkitpro/libogc/lib/wii/libbte.a(l2cap.o)
                0x80010980                l2cap_signal
 .text.lp_connect_cfm
                0x80010b04      0x130 /opt/devkitpro/libogc/lib/wii/libbte.a(l2cap.o)
                0x80010b04                lp_connect_cfm
 .text.l2ca_disconnect_req
                0x80010c34       0xac /opt/devkitpro/libogc/lib/wii/libbte.a(l2cap.o)
                0x80010c34                l2ca_disconnect_req
 .text.l2cap_tmr
                0x80010ce0      0x1e8 /opt/devkitpro/libogc/lib/wii/libbte.a(l2cap.o)
                0x80010ce0                l2cap_tmr
 .text.l2ca_config_req
                0x80010ec8      0x108 /opt/devkitpro/libogc/lib/wii/libbte.a(l2cap.o)
                0x80010ec8                l2ca_config_req
 .text.l2cap_process_sig
                0x80010fd0     0x1078 /opt/devkitpro/libogc/lib/wii/libbte.a(l2cap.o)
                0x80010fd0                l2cap_process_sig
 .text.l2cap_input
                0x80012048      0x4e8 /opt/devkitpro/libogc/lib/wii/libbte.a(l2cap.o)
                0x80012048                l2cap_input
 .text.l2cap_arg
                0x80012530        0x8 /opt/devkitpro/libogc/lib/wii/libbte.a(l2cap.o)
                0x80012530                l2cap_arg
 .text.l2cap_connect_ind
                0x80012538       0xd8 /opt/devkitpro/libogc/lib/wii/libbte.a(l2cap.o)
                0x80012538                l2cap_connect_ind
 .text.l2cap_disconnect_ind
                0x80012610        0x8 /opt/devkitpro/libogc/lib/wii/libbte.a(l2cap.o)
                0x80012610                l2cap_disconnect_ind
 .text.l2cap_recv
                0x80012618        0x8 /opt/devkitpro/libogc/lib/wii/libbte.a(l2cap.o)
                0x80012618                l2cap_recv
 .text.btmemb_init
                0x80012620       0x40 /opt/devkitpro/libogc/lib/wii/libbte.a(btmemb.o)
                0x80012620                btmemb_init
 .text.btmemb_alloc
                0x80012660       0x9c /opt/devkitpro/libogc/lib/wii/libbte.a(btmemb.o)
                0x80012660                btmemb_alloc
 .text.btmemb_free
                0x800126fc       0xa4 /opt/devkitpro/libogc/lib/wii/libbte.a(btmemb.o)
                0x800126fc                btmemb_free
 .text.plug_holes
                0x800127a0       0xb8 /opt/devkitpro/libogc/lib/wii/libbte.a(btmemr.o)
 .text.btmemr_init
                0x80012858       0x8c /opt/devkitpro/libogc/lib/wii/libbte.a(btmemr.o)
                0x80012858                btmemr_init
 .text.btmemr_malloc
                0x800128e4      0x164 /opt/devkitpro/libogc/lib/wii/libbte.a(btmemr.o)
                0x800128e4                btmemr_malloc
 .text.btmemr_free
                0x80012a48       0x94 /opt/devkitpro/libogc/lib/wii/libbte.a(btmemr.o)
                0x80012a48                btmemr_free
 .text.btmemr_realloc
                0x80012adc       0xf0 /opt/devkitpro/libogc/lib/wii/libbte.a(btmemr.o)
                0x80012adc                btmemr_realloc
 .text.btpbuf_init
                0x80012bcc       0x2c /opt/devkitpro/libogc/lib/wii/libbte.a(btpbuf.o)
                0x80012bcc                btpbuf_init
 .text.btpbuf_free
                0x80012bf8       0xc4 /opt/devkitpro/libogc/lib/wii/libbte.a(btpbuf.o)
                0x80012bf8                btpbuf_free
 .text.btpbuf_alloc
                0x80012cbc      0x1d0 /opt/devkitpro/libogc/lib/wii/libbte.a(btpbuf.o)
                0x80012cbc                btpbuf_alloc
 .text.btpbuf_realloc
                0x80012e8c       0xa4 /opt/devkitpro/libogc/lib/wii/libbte.a(btpbuf.o)
                0x80012e8c                btpbuf_realloc
 .text.btpbuf_header
                0x80012f30       0x98 /opt/devkitpro/libogc/lib/wii/libbte.a(btpbuf.o)
                0x80012f30                btpbuf_header
 .text.btpbuf_ref
                0x80012fc8       0x4c /opt/devkitpro/libogc/lib/wii/libbte.a(btpbuf.o)
                0x80012fc8                btpbuf_ref
 .text.btpbuf_cat
                0x80013014       0x48 /opt/devkitpro/libogc/lib/wii/libbte.a(btpbuf.o)
                0x80013014                btpbuf_cat
 .text.btpbuf_chain
                0x8001305c       0x34 /opt/devkitpro/libogc/lib/wii/libbte.a(btpbuf.o)
                0x8001305c                btpbuf_chain
 .text.btpbuf_dechain
                0x80013090       0x60 /opt/devkitpro/libogc/lib/wii/libbte.a(btpbuf.o)
                0x80013090                btpbuf_dechain
 .text.btpbuf_take
                0x800130f0       0xe8 /opt/devkitpro/libogc/lib/wii/libbte.a(btpbuf.o)
                0x800130f0                btpbuf_take
 .text.__usb_closeCB
                0x800131d8       0x10 /opt/devkitpro/libogc/lib/wii/libbte.a(physbusif.o)
 .text.__writebulkmsgCB
                0x800131e8       0x34 /opt/devkitpro/libogc/lib/wii/libbte.a(physbusif.o)
 .text.__writectrlmsgCB
                0x8001321c       0x34 /opt/devkitpro/libogc/lib/wii/libbte.a(physbusif.o)
 .text.__initUsbIOBuffer
                0x80013250       0x78 /opt/devkitpro/libogc/lib/wii/libbte.a(physbusif.o)
 .text.__issue_intrread.part.0
                0x800132c8       0x7c /opt/devkitpro/libogc/lib/wii/libbte.a(physbusif.o)
 .text.__readintrdataCB
                0x80013344       0xf0 /opt/devkitpro/libogc/lib/wii/libbte.a(physbusif.o)
 .text.__issue_bulkread.part.2
                0x80013434       0x7c /opt/devkitpro/libogc/lib/wii/libbte.a(physbusif.o)
 .text.__readbulkdataCB
                0x800134b0       0xf0 /opt/devkitpro/libogc/lib/wii/libbte.a(physbusif.o)
 .text.physbusif_init
                0x800135a0      0x15c /opt/devkitpro/libogc/lib/wii/libbte.a(physbusif.o)
                0x800135a0                physbusif_init
 .text.physbusif_close
                0x800136fc       0x28 /opt/devkitpro/libogc/lib/wii/libbte.a(physbusif.o)
                0x800136fc                physbusif_close
 .text.physbusif_shutdown
                0x80013724       0x40 /opt/devkitpro/libogc/lib/wii/libbte.a(physbusif.o)
                0x80013724                physbusif_shutdown
 .text.physbusif_reset_all
                0x80013764        0x4 /opt/devkitpro/libogc/lib/wii/libbte.a(physbusif.o)
                0x80013764                physbusif_reset_all
 .text.physbusif_output
                0x80013768      0x140 /opt/devkitpro/libogc/lib/wii/libbte.a(physbusif.o)
                0x80013768                physbusif_output
 .text.__lwp_queue_initialize
                0x800138a8       0x3c /opt/devkitpro/libogc/lib/wii/libogc.a(lwp_queue.o)
                0x800138a8                __lwp_queue_initialize
 .text.__lwp_queue_get
                0x800138e4       0x64 /opt/devkitpro/libogc/lib/wii/libogc.a(lwp_queue.o)
                0x800138e4                __lwp_queue_get
 .text.__lwp_queue_append
                0x80013948       0x50 /opt/devkitpro/libogc/lib/wii/libogc.a(lwp_queue.o)
                0x80013948                __lwp_queue_append
 .text.__lwp_priomap_addto
                0x80013998       0x28 /opt/devkitpro/libogc/lib/wii/libogc.a(lwp_threads.o)
 .text.__lwp_thread_calcheir
                0x800139c0       0x3c /opt/devkitpro/libogc/lib/wii/libogc.a(lwp_threads.o)
 .text.__lwp_thread_dispatchunnest
                0x800139fc       0x10 /opt/devkitpro/libogc/lib/wii/libogc.a(lwp_threads.o)
 .text.__lwp_priomap_removefrom
                0x80013a0c       0x38 /opt/devkitpro/libogc/lib/wii/libogc.a(lwp_threads.o)
 .text.__lwp_wd_insert_ticks.constprop.4
                0x80013a44       0x60 /opt/devkitpro/libogc/lib/wii/libogc.a(lwp_threads.o)
 .text.__lwp_isr_in_progress
                0x80013aa4        0x8 /opt/devkitpro/libogc/lib/wii/libogc.a(lwp_threads.o)
                0x80013aa4                __lwp_isr_in_progress
 .text.__thread_dispatch_fp
                0x80013aac       0x7c /opt/devkitpro/libogc/lib/wii/libogc.a(lwp_threads.o)
                0x80013aac                __thread_dispatch_fp
 .text.__thread_dispatch
                0x80013b28       0xe0 /opt/devkitpro/libogc/lib/wii/libogc.a(lwp_threads.o)
                0x80013b28                __thread_dispatch
 .text.__lwp_thread_dispatchenable
                0x80013c08       0x18 /opt/devkitpro/libogc/lib/wii/libogc.a(lwp_threads.o)
 .text.__lwp_thread_resettimeslice
                0x80013c20       0xcc /opt/devkitpro/libogc/lib/wii/libogc.a(lwp_threads.o)
                0x80013c20                __lwp_thread_resettimeslice
 .text.__lwp_thread_tickle_timeslice
                0x80013cec       0x80 /opt/devkitpro/libogc/lib/wii/libogc.a(lwp_threads.o)
                0x80013cec                __lwp_thread_tickle_timeslice
 .text.__lwp_thread_setstate
                0x80013d6c       0xf8 /opt/devkitpro/libogc/lib/wii/libogc.a(lwp_threads.o)
                0x80013d6c                __lwp_thread_setstate
 .text.__lwp_thread_clearstate
                0x80013e64       0xe8 /opt/devkitpro/libogc/lib/wii/libogc.a(lwp_threads.o)
                0x80013e64                __lwp_thread_clearstate
 .text.__lwp_thread_delayended
                0x80013f4c       0x4c /opt/devkitpro/libogc/lib/wii/libogc.a(lwp_threads.o)
                0x80013f4c                __lwp_thread_delayended
 .text.__lwp_thread_setpriority
                0x80013f98       0x5c /opt/devkitpro/libogc/lib/wii/libogc.a(lwp_threads.o)
                0x80013f98                __lwp_thread_setpriority
 .text.__lwp_thread_suspend
                0x80013ff4      0x108 /opt/devkitpro/libogc/lib/wii/libogc.a(lwp_threads.o)
                0x80013ff4                __lwp_thread_suspend
 .text.__lwp_thread_settransient
                0x800140fc       0xa8 /opt/devkitpro/libogc/lib/wii/libogc.a(lwp_threads.o)
                0x800140fc                __lwp_thread_settransient
 .text.__lwp_thread_changepriority
                0x800141a4      0x118 /opt/devkitpro/libogc/lib/wii/libogc.a(lwp_threads.o)
                0x800141a4                __lwp_thread_changepriority
 .text.__lwp_thread_resume
                0x800142bc      0x12c /opt/devkitpro/libogc/lib/wii/libogc.a(lwp_threads.o)
                0x800142bc                __lwp_thread_resume
 .text.__lwp_thread_loadenv
                0x800143e8       0x78 /opt/devkitpro/libogc/lib/wii/libogc.a(lwp_threads.o)
                0x800143e8                __lwp_thread_loadenv
 .text.__lwp_thread_ready
                0x80014460       0xc0 /opt/devkitpro/libogc/lib/wii/libogc.a(lwp_threads.o)
                0x80014460                __lwp_thread_ready
 .text.__lwp_thread_init
                0x80014520       0xf8 /opt/devkitpro/libogc/lib/wii/libogc.a(lwp_threads.o)
                0x80014520                __lwp_thread_init
 .text.__lwp_thread_close
                0x80014618      0x108 /opt/devkitpro/libogc/lib/wii/libogc.a(lwp_threads.o)
                0x80014618                __lwp_thread_close
 .text.__lwp_thread_closeall
                0x80014720       0x9c /opt/devkitpro/libogc/lib/wii/libogc.a(lwp_threads.o)
                0x80014720                __lwp_thread_closeall
 .text.__lwp_thread_exit
                0x800147bc       0x38 /opt/devkitpro/libogc/lib/wii/libogc.a(lwp_threads.o)
                0x800147bc                __lwp_thread_exit
 .text.__lwp_thread_handler
                0x800147f4       0x68 /opt/devkitpro/libogc/lib/wii/libogc.a(lwp_threads.o)
 .text.__lwp_thread_start
                0x8001485c       0x58 /opt/devkitpro/libogc/lib/wii/libogc.a(lwp_threads.o)
                0x8001485c                __lwp_thread_start
 .text.__lwp_thread_startmultitasking
                0x800148b4       0x64 /opt/devkitpro/libogc/lib/wii/libogc.a(lwp_threads.o)
                0x800148b4                __lwp_thread_startmultitasking
 .text.__lwp_thread_stopmultitasking
                0x80014918       0x5c /opt/devkitpro/libogc/lib/wii/libogc.a(lwp_threads.o)
                0x80014918                __lwp_thread_stopmultitasking
 .text.__lwp_thread_coreinit
                0x80014974       0xd8 /opt/devkitpro/libogc/lib/wii/libogc.a(lwp_threads.o)
                0x80014974                __lwp_thread_coreinit
 .text.__lwp_objmgr_open
                0x80014a4c       0x20 /opt/devkitpro/libogc/lib/wii/libogc.a(lwp.o)
 .text.__lwp_thread_dispatchdisable
                0x80014a6c       0x10 /opt/devkitpro/libogc/lib/wii/libogc.a(lwp.o)
 .text.idle_func
                0x80014a7c        0x4 /opt/devkitpro/libogc/lib/wii/libogc.a(lwp.o)
 .text.__lwp_thread_dispatchenable
                0x80014a80       0x34 /opt/devkitpro/libogc/lib/wii/libogc.a(lwp.o)
 .text.__lwp_tqueue_open
                0x80014ab4       0x48 /opt/devkitpro/libogc/lib/wii/libogc.a(lwp.o)
 .text.__lwp_cntrl_open
                0x80014afc       0x48 /opt/devkitpro/libogc/lib/wii/libogc.a(lwp.o)
 .text.__lwp_sysinit
                0x80014b44       0xec /opt/devkitpro/libogc/lib/wii/libogc.a(lwp.o)
                0x80014b44                __lwp_sysinit
 .text.LWP_SuspendThread
                0x80014c30       0x54 /opt/devkitpro/libogc/lib/wii/libogc.a(lwp.o)
                0x80014c30                LWP_SuspendThread
 .text.LWP_ResumeThread
                0x80014c84       0x58 /opt/devkitpro/libogc/lib/wii/libogc.a(lwp.o)
                0x80014c84                LWP_ResumeThread
 .text.LWP_GetSelf
                0x80014cdc       0x38 /opt/devkitpro/libogc/lib/wii/libogc.a(lwp.o)
                0x80014cdc                LWP_GetSelf
 .text.LWP_InitQueue
                0x80014d14       0x84 /opt/devkitpro/libogc/lib/wii/libogc.a(lwp.o)
                0x80014d14                LWP_InitQueue
 .text.LWP_CloseQueue
                0x80014d98       0x68 /opt/devkitpro/libogc/lib/wii/libogc.a(lwp.o)
                0x80014d98                LWP_CloseQueue
 .text.LWP_ThreadSleep
                0x80014e00       0xa0 /opt/devkitpro/libogc/lib/wii/libogc.a(lwp.o)
                0x80014e00                LWP_ThreadSleep
 .text.LWP_ThreadBroadcast
                0x80014ea0       0x50 /opt/devkitpro/libogc/lib/wii/libogc.a(lwp.o)
                0x80014ea0                LWP_ThreadBroadcast
 .text.LWP_ThreadSignal
                0x80014ef0       0x40 /opt/devkitpro/libogc/lib/wii/libogc.a(lwp.o)
                0x80014ef0                LWP_ThreadSignal
 .text.__lwp_stack_allocate
                0x80014f30       0x50 /opt/devkitpro/libogc/lib/wii/libogc.a(lwp_stack.o)
                0x80014f30                __lwp_stack_allocate
 .text.__lwp_stack_free
                0x80014f80       0x3c /opt/devkitpro/libogc/lib/wii/libogc.a(lwp_stack.o)
                0x80014f80                __lwp_stack_free
 .text.__lwp_wd_settimer.isra.3
                0x80014fbc       0xb4 /opt/devkitpro/libogc/lib/wii/libogc.a(lwp_watchdog.o)
 .text.__lwp_watchdog_init
                0x80015070       0x2c /opt/devkitpro/libogc/lib/wii/libogc.a(lwp_watchdog.o)
                0x80015070                __lwp_watchdog_init
 .text.__lwp_wd_insert
                0x8001509c      0x150 /opt/devkitpro/libogc/lib/wii/libogc.a(lwp_watchdog.o)
                0x8001509c                __lwp_wd_insert
 .text.__lwp_wd_remove
                0x800151ec       0xd0 /opt/devkitpro/libogc/lib/wii/libogc.a(lwp_watchdog.o)
                0x800151ec                __lwp_wd_remove
 .text.__lwp_wd_tickle
                0x800152bc       0xfc /opt/devkitpro/libogc/lib/wii/libogc.a(lwp_watchdog.o)
                0x800152bc                __lwp_wd_tickle
 .text.__lwp_wkspace_init
                0x800153b8       0xa0 /opt/devkitpro/libogc/lib/wii/libogc.a(lwp_wkspace.o)
                0x800153b8                __lwp_wkspace_init
 .text.__lwp_objmgr_initinfo
                0x80015458      0x148 /opt/devkitpro/libogc/lib/wii/libogc.a(lwp_objmgr.o)
                0x80015458                __lwp_objmgr_initinfo
 .text.__lwp_objmgr_getisrdisable
                0x800155a0       0x68 /opt/devkitpro/libogc/lib/wii/libogc.a(lwp_objmgr.o)
                0x800155a0                __lwp_objmgr_getisrdisable
 .text.__lwp_objmgr_getnoprotection
                0x80015608       0x24 /opt/devkitpro/libogc/lib/wii/libogc.a(lwp_objmgr.o)
                0x80015608                __lwp_objmgr_getnoprotection
 .text.__lwp_objmgr_get
                0x8001562c       0x68 /opt/devkitpro/libogc/lib/wii/libogc.a(lwp_objmgr.o)
                0x8001562c                __lwp_objmgr_get
 .text.__lwp_objmgr_allocate
                0x80015694       0x78 /opt/devkitpro/libogc/lib/wii/libogc.a(lwp_objmgr.o)
                0x80015694                __lwp_objmgr_allocate
 .text.__lwp_objmgr_free
                0x8001570c       0x60 /opt/devkitpro/libogc/lib/wii/libogc.a(lwp_objmgr.o)
                0x8001570c                __lwp_objmgr_free
 .text.__lwp_heap_init
                0x8001576c       0xb0 /opt/devkitpro/libogc/lib/wii/libogc.a(lwp_heap.o)
                0x8001576c                __lwp_heap_init
 .text.__lwp_heap_allocate
                0x8001581c      0x130 /opt/devkitpro/libogc/lib/wii/libogc.a(lwp_heap.o)
                0x8001581c                __lwp_heap_allocate
 .text.__lwp_heap_free
                0x8001594c      0x1d8 /opt/devkitpro/libogc/lib/wii/libogc.a(lwp_heap.o)
                0x8001594c                __lwp_heap_free
 .text.__SetInterrupts
                0x80015b24      0x288 /opt/devkitpro/libogc/lib/wii/libogc.a(irq.o)
 .text.c_irqdispatcher
                0x80015dac      0x28c /opt/devkitpro/libogc/lib/wii/libogc.a(irq.o)
                0x80015dac                c_irqdispatcher
 .text.__UnmaskIrq
                0x80016038       0x7c /opt/devkitpro/libogc/lib/wii/libogc.a(irq.o)
                0x80016038                __UnmaskIrq
 .text.__MaskIrq
                0x800160b4       0x7c /opt/devkitpro/libogc/lib/wii/libogc.a(irq.o)
                0x800160b4                __MaskIrq
 .text.__irq_init
                0x80016130       0x94 /opt/devkitpro/libogc/lib/wii/libogc.a(irq.o)
                0x80016130                __irq_init
 .text.IRQ_Request
                0x800161c4       0x54 /opt/devkitpro/libogc/lib/wii/libogc.a(irq.o)
                0x800161c4                IRQ_Request
 .text.IRQ_GetHandler
                0x80016218       0x48 /opt/devkitpro/libogc/lib/wii/libogc.a(irq.o)
                0x80016218                IRQ_GetHandler
 .text.IRQ_Disable
                0x80016260       0x24 /opt/devkitpro/libogc/lib/wii/libogc.a(irq.o)
                0x80016260                IRQ_Disable
 .text.IRQ_Restore
                0x80016284       0x1c /opt/devkitpro/libogc/lib/wii/libogc.a(irq.o)
                0x80016284                IRQ_Restore
 .text.__viOpenI2C
                0x800162a0       0x24 /opt/devkitpro/libogc/lib/wii/libogc.a(video.o)
 .text.__viSetSCL
                0x800162c4       0x24 /opt/devkitpro/libogc/lib/wii/libogc.a(video.o)
 .text.__viSetSDA
                0x800162e8       0x24 /opt/devkitpro/libogc/lib/wii/libogc.a(video.o)
 .text.__setVerticalRegs
                0x8001630c       0xc0 /opt/devkitpro/libogc/lib/wii/libogc.a(video.o)
 .text.__adjustPosition
                0x800163cc      0x174 /opt/devkitpro/libogc/lib/wii/libogc.a(video.o)
 .text.__getCurrentHalfLine
                0x80016540       0x58 /opt/devkitpro/libogc/lib/wii/libogc.a(video.o)
 .text.__setFbbRegs.constprop.3
                0x80016598      0x1e8 /opt/devkitpro/libogc/lib/wii/libogc.a(video.o)
 .text.__VISendI2CData.constprop.5
                0x80016780      0x278 /opt/devkitpro/libogc/lib/wii/libogc.a(video.o)
 .text.__VIWriteI2CRegister8
                0x800169f8       0x38 /opt/devkitpro/libogc/lib/wii/libogc.a(video.o)
 .text.__VISetYUVSEL
                0x80016a30       0x54 /opt/devkitpro/libogc/lib/wii/libogc.a(video.o)
 .text.__VIWriteI2CRegisterBuf
                0x80016a84       0x48 /opt/devkitpro/libogc/lib/wii/libogc.a(video.o)
 .text.__VIWriteI2CRegister16
                0x80016acc       0x40 /opt/devkitpro/libogc/lib/wii/libogc.a(video.o)
 .text.VIDEO_Configure
                0x80016b0c      0x3e4 /opt/devkitpro/libogc/lib/wii/libogc.a(video.o)
                0x80016b0c                VIDEO_Configure
 .text.VIDEO_WaitVSync
                0x80016ef0       0x68 /opt/devkitpro/libogc/lib/wii/libogc.a(video.o)
                0x80016ef0                VIDEO_WaitVSync
 .text.VIDEO_SetFramebuffer
                0x80016f58       0xfc /opt/devkitpro/libogc/lib/wii/libogc.a(video.o)
                0x80016f58                VIDEO_SetFramebuffer
 .text.VIDEO_SetNextFramebuffer
                0x80017054       0x64 /opt/devkitpro/libogc/lib/wii/libogc.a(video.o)
                0x80017054                VIDEO_SetNextFramebuffer
 .text.VIDEO_Flush
                0x800170b8       0xf8 /opt/devkitpro/libogc/lib/wii/libogc.a(video.o)
                0x800170b8                VIDEO_Flush
 .text.VIDEO_SetBlack
                0x800171b0       0x88 /opt/devkitpro/libogc/lib/wii/libogc.a(video.o)
                0x800171b0                VIDEO_SetBlack
 .text.VIDEO_GetCurrentTvMode
                0x80017238       0x70 /opt/devkitpro/libogc/lib/wii/libogc.a(video.o)
                0x80017238                VIDEO_GetCurrentTvMode
 .text.VIDEO_Init
                0x800172a8      0x554 /opt/devkitpro/libogc/lib/wii/libogc.a(video.o)
                0x800172a8                VIDEO_Init
 .text.__VIRetraceHandler
                0x800177fc      0x1f8 /opt/devkitpro/libogc/lib/wii/libogc.a(video.o)
 .text.VIDEO_GetPreferredMode
                0x800179f4       0xf8 /opt/devkitpro/libogc/lib/wii/libogc.a(video.o)
                0x800179f4                VIDEO_GetPreferredMode
 .text.VIDEO_GetCurrentLine
                0x80017aec       0x68 /opt/devkitpro/libogc/lib/wii/libogc.a(video.o)
                0x80017aec                VIDEO_GetCurrentLine
 .text.VIDEO_GetFrameBufferSize
                0x80017b54       0x30 /opt/devkitpro/libogc/lib/wii/libogc.a(video.o)
                0x80017b54                VIDEO_GetFrameBufferSize
 .text.__call_resetfuncs
                0x80017b84       0x8c /opt/devkitpro/libogc/lib/wii/libogc.a(system.o)
 .text.__RSWDefaultHandler
                0x80017c10        0x4 /opt/devkitpro/libogc/lib/wii/libogc.a(system.o)
 .text.__POWDefaultHandler
                0x80017c14        0x4 /opt/devkitpro/libogc/lib/wii/libogc.a(system.o)
 .text.__locksram
                0x80017c18       0x68 /opt/devkitpro/libogc/lib/wii/libogc.a(system.o)
 .text.__lwp_thread_dispatchenable
                0x80017c80       0x34 /opt/devkitpro/libogc/lib/wii/libogc.a(system.o)
 .text.__lwp_wd_insert_ticks
                0x80017cb4       0x68 /opt/devkitpro/libogc/lib/wii/libogc.a(system.o)
 .text.__lwp_syswd_open
                0x80017d1c       0x48 /opt/devkitpro/libogc/lib/wii/libogc.a(system.o)
 .text.__sys_alarmhandler
                0x80017d64       0x94 /opt/devkitpro/libogc/lib/wii/libogc.a(system.o)
 .text.__sram_write
                0x80017df8       0xfc /opt/devkitpro/libogc/lib/wii/libogc.a(system.o)
 .text.__unlocksram
                0x80017ef4      0x100 /opt/devkitpro/libogc/lib/wii/libogc.a(system.o)
 .text.__sram_writecallback
                0x80017ff4       0x4c /opt/devkitpro/libogc/lib/wii/libogc.a(system.o)
 .text.__sram_init
                0x80018040      0x130 /opt/devkitpro/libogc/lib/wii/libogc.a(system.o)
                0x80018040                __sram_init
 .text.__SYS_LockSramEx
                0x80018170        0x8 /opt/devkitpro/libogc/lib/wii/libogc.a(system.o)
                0x80018170                __SYS_LockSramEx
 .text.__SYS_UnlockSramEx
                0x80018178        0x8 /opt/devkitpro/libogc/lib/wii/libogc.a(system.o)
                0x80018178                __SYS_UnlockSramEx
 .text.__SYS_GetIPCBufferLo
                0x80018180        0x8 /opt/devkitpro/libogc/lib/wii/libogc.a(system.o)
                0x80018180                __SYS_GetIPCBufferLo
 .text.__SYS_GetIPCBufferHi
                0x80018188        0x8 /opt/devkitpro/libogc/lib/wii/libogc.a(system.o)
                0x80018188                __SYS_GetIPCBufferHi
 .text._V_EXPORTNAME
                0x80018190       0x1c /opt/devkitpro/libogc/lib/wii/libogc.a(system.o)
                0x80018190                _V_EXPORTNAME
 .text.__SYS_DoPowerCB
                0x800181ac       0x68 /opt/devkitpro/libogc/lib/wii/libogc.a(system.o)
                0x800181ac                __SYS_DoPowerCB
 .text.__SYS_InitCallbacks
                0x80018214       0x24 /opt/devkitpro/libogc/lib/wii/libogc.a(system.o)
                0x80018214                __SYS_InitCallbacks
 .text.__SYS_PreInit
                0x80018238        0x4 /opt/devkitpro/libogc/lib/wii/libogc.a(system.o)
                0x80018238                __SYS_PreInit
 .text.SYS_PreMain
                0x8001823c       0x50 /opt/devkitpro/libogc/lib/wii/libogc.a(system.o)
                0x8001823c                SYS_PreMain