Archive member included because of file (symbol)

/opt/devkitpro/libogc/lib/wii/libwiiuse.a(wpad.o)
                              3DTest.o (WPAD_Init)
/opt/devkitpro/libogc/lib/wii/libwiiuse.a(motion_plus.o)
                              /opt/devkitpro/libogc/lib/wii/libwiiuse.a(wpad.o) (wiiuse_set_motion_plus)
/opt/devkitpro/libogc/lib/wii/libwiiuse.a(dynamics.o)
                              /opt/devkitpro/libogc/lib/wii/libwiiuse.a(wpad.o) (calculate_gforce)
/opt/devkitpro/libogc/lib/wii/libwiiuse.a(io.o)
                              /opt/devkitpro/libogc/lib/wii/libwiiuse.a(motion_plus.o) (wiiuse_disable_expansion)
/opt/devkitpro/libogc/lib/wii/libwiiuse.a(io_wii.o)
                              /opt/devkitpro/libogc/lib/wii/libwiiuse.a(wpad.o) (__wiiuse_sensorbar_enable)
/opt/devkitpro/libogc/lib/wii/libwiiuse.a(ir.o)
                              /opt/devkitpro/libogc/lib/wii/libwiiuse.a(motion_plus.o) (wiiuse_set_ir_mode)
/opt/devkitpro/libogc/lib/wii/libwiiuse.a(nunchuk.o)
                              /opt/devkitpro/libogc/lib/wii/libwiiuse.a(io.o) (nunchuk_handshake)
/opt/devkitpro/libogc/lib/wii/libwiiuse.a(wiiboard.o)
                              /opt/devkitpro/libogc/lib/wii/libwiiuse.a(io.o) (wii_board_handshake)
/opt/devkitpro/libogc/lib/wii/libwiiuse.a(wiiuse.o)
                              /opt/devkitpro/libogc/lib/wii/libwiiuse.a(wpad.o) (wiiuse_init)
/opt/devkitpro/libogc/lib/wii/libwiiuse.a(speaker.o)
                              /opt/devkitpro/libogc/lib/wii/libwiiuse.a(wpad.o) (wencdata)
/opt/devkitpro/libogc/lib/wii/libwiiuse.a(classic.o)
                              /opt/devkitpro/libogc/lib/wii/libwiiuse.a(io.o) (classic_ctrl_handshake)
/opt/devkitpro/libogc/lib/wii/libwiiuse.a(events.o)
                              /opt/devkitpro/libogc/lib/wii/libwiiuse.a(io_wii.o) (parse_event)
/opt/devkitpro/libogc/lib/wii/libwiiuse.a(guitar_hero_3.o)
                              /opt/devkitpro/libogc/lib/wii/libwiiuse.a(io.o) (guitar_hero_3_handshake)
/opt/devkitpro/libogc/lib/wii/libbte.a(bte.o)
                              /opt/devkitpro/libogc/lib/wii/libwiiuse.a(wpad.o) (BTE_Init)
/opt/devkitpro/libogc/lib/wii/libbte.a(hci.o)
                              /opt/devkitpro/libogc/lib/wii/libbte.a(bte.o) (hci_init)
/opt/devkitpro/libogc/lib/wii/libbte.a(l2cap.o)
                              /opt/devkitpro/libogc/lib/wii/libbte.a(bte.o) (l2cap_init)
/opt/devkitpro/libogc/lib/wii/libbte.a(btmemb.o)
                              /opt/devkitpro/libogc/lib/wii/libbte.a(bte.o) (btmemb_init)
/opt/devkitpro/libogc/lib/wii/libbte.a(btmemr.o)
                              /opt/devkitpro/libogc/lib/wii/libbte.a(hci.o) (btmemr_init)
/opt/devkitpro/libogc/lib/wii/libbte.a(btpbuf.o)
                              /opt/devkitpro/libogc/lib/wii/libbte.a(hci.o) (btpbuf_init)
/opt/devkitpro/libogc/lib/wii/libbte.a(physbusif.o)
                              /opt/devkitpro/libogc/lib/wii/libbte.a(bte.o) (physbusif_init)
/opt/devkitpro/libogc/lib/wii/libogc.a(lwp_queue.o)
                              /opt/devkitpro/libogc/lib/wii/libwiiuse.a(io_wii.o) (__lwp_queue_initialize)
/opt/devkitpro/libogc/lib/wii/libogc.a(lwp_threads.o)
                              /opt/devkitpro/libogc/lib/wii/libwiiuse.a(wpad.o) (_thread_dispatch_disable_level)
/opt/devkitpro/libogc/lib/wii/libogc.a(lwp.o)
                              /opt/devkitpro/libogc/lib/wii/libbte.a(bte.o) (LWP_InitQueue)
/opt/devkitpro/libogc/lib/wii/libogc.a(lwp_handler.o)
                              /opt/devkitpro/libogc/lib/wii/libogc.a(lwp_threads.o) (_cpu_context_save_fp)
/opt/devkitpro/libogc/lib/wii/libogc.a(lwp_stack.o)
                              /opt/devkitpro/libogc/lib/wii/libogc.a(lwp_threads.o) (__lwp_stack_allocate)
/opt/devkitpro/libogc/lib/wii/libogc.a(lwp_watchdog.o)
                              /opt/devkitpro/libogc/lib/wii/libogc.a(lwp_threads.o) (_wd_ticks_queue)
/opt/devkitpro/libogc/lib/wii/libogc.a(lwp_wkspace.o)
                              /opt/devkitpro/libogc/lib/wii/libwiiuse.a(io.o) (__wkspace_heap)
/opt/devkitpro/libogc/lib/wii/libogc.a(lwp_objmgr.o)
                              /opt/devkitpro/libogc/lib/wii/libogc.a(lwp.o) (__lwp_objmgr_initinfo)
/opt/devkitpro/libogc/lib/wii/libogc.a(lwp_heap.o)
                              /opt/devkitpro/libogc/lib/wii/libogc.a(lwp_wkspace.o) (__lwp_heap_init)
/opt/devkitpro/libogc/lib/wii/libogc.a(sys_state.o)
                              /opt/devkitpro/libogc/lib/wii/libogc.a(lwp_threads.o) (_sys_state_curr)
/opt/devkitpro/libogc/lib/wii/libogc.a(irq.o)
                              /opt/devkitpro/libogc/lib/wii/libwiiuse.a(io_wii.o) (IRQ_Disable)
/opt/devkitpro/libogc/lib/wii/libogc.a(video.o)
                              3DTest.o (VIDEO_Configure)
/opt/devkitpro/libogc/lib/wii/libogc.a(system.o)
                              /opt/devkitpro/libogc/lib/wii/libwiiuse.a(wpad.o) (__SYS_DoPowerCB)
/opt/devkitpro/libogc/lib/wii/libogc.a(system_asm.o)
[...]
Memory Configuration

Name             Origin             Length             Attributes
*default*        0x00000000         0xffffffff

Linker script and memory map

                0x00003400                . = 0x3400

.stub
 *(.stub)
                0x80004000                . = 0x80004000

.init           0x80004000      0x194
 *crt0.o(*.init)
 .init          0x80004000      0x170 /opt/devkitpro/libogc/lib/wii/libogc.a(ogc_crt0.o)
                0x80004000                _start
                0x80004140                _memset
 *(.init)
 .init          0x80004170        0xc /opt/devkitpro/devkitPPC/lib/gcc/powerpc-eabi/4.6.3/ecrti.o
                0x80004170                __init
 .init          0x8000417c        0x4 /opt/devkitpro/devkitPPC/lib/gcc/powerpc-eabi/4.6.3/crtbegin.o
 .init          0x80004180        0x4 /opt/devkitpro/devkitPPC/lib/gcc/powerpc-eabi/4.6.3/crtend.o
 .init          0x80004184       0x10 /opt/devkitpro/devkitPPC/lib/gcc/powerpc-eabi/4.6.3/ecrtn.o

.rela.dyn       0x80004194        0x0
 .rela.iplt     0x00000000        0x0 /opt/devkitpro/devkitPPC/lib/gcc/powerpc-eabi/4.6.3/crtbegin.o

.plt
 *(.plt)

.interp
 *(.interp)

.hash
 *(.hash)

.dynsym
 *(.dynsym)

.dynstr
 *(.dynstr)

.gnu.version
 *(.gnu.version)

.gnu.version_d
 *(.gnu.version_d)

.gnu.version_r
 *(.gnu.version_r)

.rel.init
 *(.rel.init)

.rela.init      0x80004194        0x0
 *(.rela.init)
 .rela.init     0x00000000        0x0 /opt/devkitpro/devkitPPC/lib/gcc/powerpc-eabi/4.6.3/crtbegin.o

.rel.text
 *(.rel.text .rel.text.* .rel.gnu.linkonce.t.*)

.rela.text      0x80004194        0x0
 *(.rela.text .rela.text.* .rela.gnu.linkonce.t.*)
 .rela.text     0x00000000        0x0 /opt/devkitpro/devkitPPC/lib/gcc/powerpc-eabi/4.6.3/crtbegin.o
 .rela.text.startup.main
                0x00000000        0x0 /opt/devkitpro/devkitPPC/lib/gcc/powerpc-eabi/4.6.3/crtbegin.o
 .rela.text.wiiuse_handshake_expansion
                0x00000000        0x0 /opt/devkitpro/devkitPPC/lib/gcc/powerpc-eabi/4.6.3/crtbegin.o
 .rela.text.wiiuse_handshake
                0x00000000        0x0 /opt/devkitpro/devkitPPC/lib/gcc/powerpc-eabi/4.6.3/crtbegin.o
 .rela.text.wiiuse_init_cmd_queue
                0x00000000        0x0 /opt/devkitpro/devkitPPC/lib/gcc/powerpc-eabi/4.6.3/crtbegin.o
 .rela.text.wiiuse_init
                0x00000000        0x0 /opt/devkitpro/devkitPPC/lib/gcc/powerpc-eabi/4.6.3/crtbegin.o
 .rela.text.bt_alarmhandler
                0x00000000        0x0 /opt/devkitpro/devkitPPC/lib/gcc/powerpc-eabi/4.6.3/crtbegin.o
 .rela.text.__lwp_thread_calcheir
                0x00000000        0x0 /opt/devkitpro/devkitPPC/lib/gcc/powerpc-eabi/4.6.3/crtbegin.o
 .rela.text.__lwp_wd_insert_ticks.constprop.4
                0x00000000        0x0 /opt/devkitpro/devkitPPC/lib/gcc/powerpc-eabi/4.6.3/crtbegin.o
 .rela.text.__lwp_rotate_readyqueue
                0x00000000        0x0 /opt/devkitpro/devkitPPC/lib/gcc/powerpc-eabi/4.6.3/crtbegin.o
 .rela.text.__lwp_thread_setpriority
                0x00000000        0x0 /opt/devkitpro/devkitPPC/lib/gcc/powerpc-eabi/4.6.3/crtbegin.o
 .rela.text.__lwp_thread_close
                0x00000000        0x0 /opt/devkitpro/devkitPPC/lib/gcc/powerpc-eabi/4.6.3/crtbegin.o
 .rela.text.__lwp_thread_closeall
                0x00000000        0x0 /opt/devkitpro/devkitPPC/lib/gcc/powerpc-eabi/4.6.3/crtbegin.o
 .rela.text.__lwp_thread_startmultitasking
                0x00000000        0x0 /opt/devkitpro/devkitPPC/lib/gcc/powerpc-eabi/4.6.3/crtbegin.o
 .rela.text.__lwp_thread_stopmultitasking
                0x00000000        0x0 /opt/devkitpro/devkitPPC/lib/gcc/powerpc-eabi/4.6.3/crtbegin.o
 .rela.text.__lwp_thread_coreinit
                0x00000000        0x0 /opt/devkitpro/devkitPPC/lib/gcc/powerpc-eabi/4.6.3/crtbegin.o
 .rela.text.__lwp_cntrl_free
                0x00000000        0x0 /opt/devkitpro/devkitPPC/lib/gcc/powerpc-eabi/4.6.3/crtbegin.o
 .rela.text.__lwp_tqueue_open
                0x00000000        0x0 /opt/devkitpro/devkitPPC/lib/gcc/powerpc-eabi/4.6.3/crtbegin.o
 .rela.text.__lwp_cntrl_open
                0x00000000        0x0 /opt/devkitpro/devkitPPC/lib/gcc/powerpc-eabi/4.6.3/crtbegin.o
 .rela.text.__lwp_sysinit
                0x00000000        0x0 /opt/devkitpro/devkitPPC/lib/gcc/powerpc-eabi/4.6.3/crtbegin.o
 .rela.text.__lwp_thread_isalive
                0x00000000        0x0 /opt/devkitpro/devkitPPC/lib/gcc/powerpc-eabi/4.6.3/crtbegin.o
 .rela.text.__lwp_thread_exists
                0x00000000        0x0 /opt/devkitpro/devkitPPC/lib/gcc/powerpc-eabi/4.6.3/crtbegin.o
 .rela.text.__lwp_thread_context
                0x00000000        0x0 /opt/devkitpro/devkitPPC/lib/gcc/powerpc-eabi/4.6.3/crtbegin.o
 .rela.text.LWP_CreateThread
                0x00000000        0x0 /opt/devkitpro/devkitPPC/lib/gcc/powerpc-eabi/4.6.3/crtbegin.o
 .rela.text.LWP_InitQueue
                0x00000000        0x0 /opt/devkitpro/devkitPPC/lib/gcc/powerpc-eabi/4.6.3/crtbegin.o
 .rela.text.LWP_CloseQueue
                0x00000000        0x0 /opt/devkitpro/devkitPPC/lib/gcc/powerpc-eabi/4.6.3/crtbegin.o
 .rela.text.__lwp_stack_allocate
                0x00000000        0x0 /opt/devkitpro/devkitPPC/lib/gcc/powerpc-eabi/4.6.3/crtbegin.o
 .rela.text.__lwp_stack_free
                0x00000000        0x0 /opt/devkitpro/devkitPPC/lib/gcc/powerpc-eabi/4.6.3/crtbegin.o
 .rela.text.__lwp_watchdog_init
                0x00000000        0x0 /opt/devkitpro/devkitPPC/lib/gcc/powerpc-eabi/4.6.3/crtbegin.o
 .rela.text.__lwp_wd_tickle
                0x00000000        0x0 /opt/devkitpro/devkitPPC/lib/gcc/powerpc-eabi/4.6.3/crtbegin.o
 .rela.text.__lwp_wkspace_heapfree
                0x00000000        0x0 /opt/devkitpro/devkitPPC/lib/gcc/powerpc-eabi/4.6.3/crtbegin.o
 .rela.text.__lwp_wkspace_heapused
                0x00000000        0x0 /opt/devkitpro/devkitPPC/lib/gcc/powerpc-eabi/4.6.3/crtbegin.o
 .rela.text.__lwp_wkspace_init
                0x00000000        0x0 /opt/devkitpro/devkitPPC/lib/gcc/powerpc-eabi/4.6.3/crtbegin.o
 .rela.text.__lwp_objmgr_initinfo
                0x00000000        0x0 /opt/devkitpro/devkitPPC/lib/gcc/powerpc-eabi/4.6.3/crtbegin.o
 .rela.text.__irq_init
                0x00000000        0x0 /opt/devkitpro/devkitPPC/lib/gcc/powerpc-eabi/4.6.3/crtbegin.o
 .rela.text.__call_resetfuncs
                0x00000000        0x0 /opt/devkitpro/devkitPPC/lib/gcc/powerpc-eabi/4.6.3/crtbegin.o
 .rela.text.__locksram
                0x00000000        0x0 /opt/devkitpro/devkitPPC/lib/gcc/powerpc-eabi/4.6.3/crtbegin.o
 .rela.text.__lwp_wd_insert_ticks
                0x00000000        0x0 /opt/devkitpro/devkitPPC/lib/gcc/powerpc-eabi/4.6.3/crtbegin.o
 .rela.text.__unlocksram
                0x00000000        0x0 /opt/devkitpro/devkitPPC/lib/gcc/powerpc-eabi/4.6.3/crtbegin.o
 .rela.text.__sram_writecallback
                0x00000000        0x0 /opt/devkitpro/devkitPPC/lib/gcc/powerpc-eabi/4.6.3/crtbegin.o
 .rela.text.__sram_init
                0x00000000        0x0 /opt/devkitpro/devkitPPC/lib/gcc/powerpc-eabi/4.6.3/crtbegin.o
 .rela.text.__SYS_SyncSram
                0x00000000        0x0 /opt/devkitpro/devkitPPC/lib/gcc/powerpc-eabi/4.6.3/crtbegin.o
 .rela.text.SYS_Init
                0x00000000        0x0 /opt/devkitpro/devkitPPC/lib/gcc/powerpc-eabi/4.6.3/crtbegin.o
 .rela.text.SYS_RemoveAlarm
                0x00000000        0x0 /opt/devkitpro/devkitPPC/lib/gcc/powerpc-eabi/4.6.3/crtbegin.o
 .rela.text.SYS_CancelAlarm
                0x00000000        0x0 /opt/devkitpro/devkitPPC/lib/gcc/powerpc-eabi/4.6.3/crtbegin.o
 .rela.text.__lwp_cond_open
                0x00000000        0x0 /opt/devkitpro/devkitPPC/lib/gcc/powerpc-eabi/4.6.3/crtbegin.o
 .rela.text.__lwp_cond_init
                0x00000000        0x0 /opt/devkitpro/devkitPPC/lib/gcc/powerpc-eabi/4.6.3/crtbegin.o
 .rela.text.LWP_CondInit
                0x00000000        0x0 /opt/devkitpro/devkitPPC/lib/gcc/powerpc-eabi/4.6.3/crtbegin.o
 .rela.text.LWP_CondDestroy
                0x00000000        0x0 /opt/devkitpro/devkitPPC/lib/gcc/powerpc-eabi/4.6.3/crtbegin.o
 .rela.text.__GX_FifoLink
                0x00000000        0x0 /opt/devkitpro/devkitPPC/lib/gcc/powerpc-eabi/4.6.3/crtbegin.o
 .rela.text.__GX_WriteFifoIntEnable
                0x00000000        0x0 /opt/devkitpro/devkitPPC/lib/gcc/powerpc-eabi/4.6.3/crtbegin.o
 .rela.text.__GX_FifoReadEnable
                0x00000000        0x0 /opt/devkitpro/devkitPPC/lib/gcc/powerpc-eabi/4.6.3/crtbegin.o
 .rela.text.__GX_FifoReadDisable
                0x00000000        0x0 /opt/devkitpro/devkitPPC/lib/gcc/powerpc-eabi/4.6.3/crtbegin.o
 .rela.text.__GX_InitRevBits
                0x00000000        0x0 /opt/devkitpro/devkitPPC/lib/gcc/powerpc-eabi/4.6.3/crtbegin.o
 .rela.text.__GXDefTexRegionCallback
                0x00000000        0x0 /opt/devkitpro/devkitPPC/lib/gcc/powerpc-eabi/4.6.3/crtbegin.o
 .rela.text.__GXDefTlutRegionCallback
                0x00000000        0x0 /opt/devkitpro/devkitPPC/lib/gcc/powerpc-eabi/4.6.3/crtbegin.o
 .rela.text.__GX_FlushTextureState
                0x00000000        0x0 /opt/devkitpro/devkitPPC/lib/gcc/powerpc-eabi/4.6.3/crtbegin.o
 .rela.text.__SetSURegs
                0x00000000        0x0 /opt/devkitpro/devkitPPC/lib/gcc/powerpc-eabi/4.6.3/crtbegin.o
 .rela.text.__SETVCDFMT
                0x00000000        0x0 /opt/devkitpro/devkitPPC/lib/gcc/powerpc-eabi/4.6.3/crtbegin.o
 .rela.text.__GX_SetMatrixIndex
                0x00000000        0x0 /opt/devkitpro/devkitPPC/lib/gcc/powerpc-eabi/4.6.3/crtbegin.o
 .rela.text.__GX_SetDirtyState
                0x00000000        0x0 /opt/devkitpro/devkitPPC/lib/gcc/powerpc-eabi/4.6.3/crtbegin.o
 .rela.text.__SETVCDATTR
                0x00000000        0x0 /opt/devkitpro/devkitPPC/lib/gcc/powerpc-eabi/4.6.3/crtbegin.o
 .rela.text.__GX_WriteFifoIntReset.constprop.6
                0x00000000        0x0 /opt/devkitpro/devkitPPC/lib/gcc/powerpc-eabi/4.6.3/crtbegin.o
 .rela.text.__GXCPInterruptHandler
                0x00000000        0x0 /opt/devkitpro/devkitPPC/lib/gcc/powerpc-eabi/4.6.3/crtbegin.o
 .rela.text.GX_Flush
                0x00000000        0x0 /opt/devkitpro/devkitPPC/lib/gcc/powerpc-eabi/4.6.3/crtbegin.o
 .rela.text.GX_EnableBreakPt
                0x00000000        0x0 /opt/devkitpro/devkitPPC/lib/gcc/powerpc-eabi/4.6.3/crtbegin.o
 .rela.text.GX_DisableBreakPt
                0x00000000        0x0 /opt/devkitpro/devkitPPC/lib/gcc/powerpc-eabi/4.6.3/crtbegin.o
 .rela.text.GX_AbortFrame
                0x00000000        0x0 /opt/devkitpro/devkitPPC/lib/gcc/powerpc-eabi/4.6.3/crtbegin.o
 .rela.text.GX_PixModeSync
                0x00000000        0x0 /opt/devkitpro/devkitPPC/lib/gcc/powerpc-eabi/4.6.3/crtbegin.o
 .rela.text.GX_SetMisc
                0x00000000        0x0 /opt/devkitpro/devkitPPC/lib/gcc/powerpc-eabi/4.6.3/crtbegin.o
 .rela.text.GX_SetCopyClamp
                0x00000000        0x0 /opt/devkitpro/devkitPPC/lib/gcc/powerpc-eabi/4.6.3/crtbegin.o
 .rela.text.GX_SetDispCopyGamma
                0x00000000        0x0 /opt/devkitpro/devkitPPC/lib/gcc/powerpc-eabi/4.6.3/crtbegin.o
 .rela.text.GX_SetDispCopyFrame2Field
                0x00000000        0x0 /opt/devkitpro/devkitPPC/lib/gcc/powerpc-eabi/4.6.3/crtbegin.o
 .rela.text.GX_SetDispCopyYScale
                0x00000000        0x0 /opt/devkitpro/devkitPPC/lib/gcc/powerpc-eabi/4.6.3/crtbegin.o
 .rela.text.GX_SetDispCopyDst
                0x00000000        0x0 /opt/devkitpro/devkitPPC/lib/gcc/powerpc-eabi/4.6.3/crtbegin.o
 .rela.text.GX_SetDispCopySrc
                0x00000000        0x0 /opt/devkitpro/devkitPPC/lib/gcc/powerpc-eabi/4.6.3/crtbegin.o
 .rela.text.GX_CopyDisp
                0x00000000        0x0 /opt/devkitpro/devkitPPC/lib/gcc/powerpc-eabi/4.6.3/crtbegin.o
 .rela.text.GX_CopyTex
                0x00000000        0x0 /opt/devkitpro/devkitPPC/lib/gcc/powerpc-eabi/4.6.3/crtbegin.o
 .rela.text.GX_SetTexCopySrc
                0x00000000        0x0 /opt/devkitpro/devkitPPC/lib/gcc/powerpc-eabi/4.6.3/crtbegin.o
 .rela.text.GX_SetTexCopyDst
                0x00000000        0x0 /opt/devkitpro/devkitPPC/lib/gcc/powerpc-eabi/4.6.3/crtbegin.o
 .rela.text.GX_BeginDispList
                0x00000000        0x0 /opt/devkitpro/devkitPPC/lib/gcc/powerpc-eabi/4.6.3/crtbegin.o
 .rela.text.GX_EndDispList
                0x00000000        0x0 /opt/devkitpro/devkitPPC/lib/gcc/powerpc-eabi/4.6.3/crtbegin.o
 .rela.text.GX_CallDispList
                0x00000000        0x0 /opt/devkitpro/devkitPPC/lib/gcc/powerpc-eabi/4.6.3/crtbegin.o
 .rela.text.GX_SetChanCtrl
                0x00000000        0x0 /opt/devkitpro/devkitPPC/lib/gcc/powerpc-eabi/4.6.3/crtbegin.o
 .rela.text.GX_SetChanAmbColor
                0x00000000        0x0 /opt/devkitpro/devkitPPC/lib/gcc/powerpc-eabi/4.6.3/crtbegin.o
 .rela.text.GX_SetChanMatColor
                0x00000000        0x0 /opt/devkitpro/devkitPPC/lib/gcc/powerpc-eabi/4.6.3/crtbegin.o
 .rela.text.GX_SetVtxDesc
                0x00000000        0x0 /opt/devkitpro/devkitPPC/lib/gcc/powerpc-eabi/4.6.3/crtbegin.o
 .rela.text.GX_SetVtxDescv
                0x00000000        0x0 /opt/devkitpro/devkitPPC/lib/gcc/powerpc-eabi/4.6.3/crtbegin.o
 .rela.text.GX_GetVtxDescv
                0x00000000        0x0 /opt/devkitpro/devkitPPC/lib/gcc/powerpc-eabi/4.6.3/crtbegin.o
 .rela.text.GX_SetVtxAttrFmt
                0x00000000        0x0 /opt/devkitpro/devkitPPC/lib/gcc/powerpc-eabi/4.6.3/crtbegin.o
 .rela.text.GX_SetVtxAttrFmtv
                0x00000000        0x0 /opt/devkitpro/devkitPPC/lib/gcc/powerpc-eabi/4.6.3/crtbegin.o
 .rela.text.GX_Begin
                0x00000000        0x0 /opt/devkitpro/devkitPPC/lib/gcc/powerpc-eabi/4.6.3/crtbegin.o
 .rela.text.GX_SetTexCoordGen2
                0x00000000        0x0 /opt/devkitpro/devkitPPC/lib/gcc/powerpc-eabi/4.6.3/crtbegin.o
 .rela.text.GX_SetCurrentMtx
                0x00000000        0x0 /opt/devkitpro/devkitPPC/lib/gcc/powerpc-eabi/4.6.3/crtbegin.o
 .rela.text.GX_SetNumTexGens
                0x00000000        0x0 /opt/devkitpro/devkitPPC/lib/gcc/powerpc-eabi/4.6.3/crtbegin.o
 .rela.text.GX_SetZMode
                0x00000000        0x0 /opt/devkitpro/devkitPPC/lib/gcc/powerpc-eabi/4.6.3/crtbegin.o
 .rela.text.GX_LoadTexObjPreloaded
                0x00000000        0x0 /opt/devkitpro/devkitPPC/lib/gcc/powerpc-eabi/4.6.3/crtbegin.o
 .rela.text.GX_SetTexCoordScaleManually
                0x00000000        0x0 /opt/devkitpro/devkitPPC/lib/gcc/powerpc-eabi/4.6.3/crtbegin.o
 .rela.text.GX_SetTexCoordCylWrap
                0x00000000        0x0 /opt/devkitpro/devkitPPC/lib/gcc/powerpc-eabi/4.6.3/crtbegin.o
 .rela.text.GX_SetTexCoordBias
                0x00000000        0x0 /opt/devkitpro/devkitPPC/lib/gcc/powerpc-eabi/4.6.3/crtbegin.o
 .rela.text.GX_SetBlendMode
                0x00000000        0x0 /opt/devkitpro/devkitPPC/lib/gcc/powerpc-eabi/4.6.3/crtbegin.o
 .rela.text.GX_ClearVtxDesc
                0x00000000        0x0 /opt/devkitpro/devkitPPC/lib/gcc/powerpc-eabi/4.6.3/crtbegin.o
 .rela.text.GX_SetLineWidth
                0x00000000        0x0 /opt/devkitpro/devkitPPC/lib/gcc/powerpc-eabi/4.6.3/crtbegin.o
 .rela.text.GX_SetPointSize
                0x00000000        0x0 /opt/devkitpro/devkitPPC/lib/gcc/powerpc-eabi/4.6.3/crtbegin.o
 .rela.text.GX_SetTevColorIn
                0x00000000        0x0 /opt/devkitpro/devkitPPC/lib/gcc/powerpc-eabi/4.6.3/crtbegin.o
 .rela.text.GX_SetTevAlphaIn
                0x00000000        0x0 /opt/devkitpro/devkitPPC/lib/gcc/powerpc-eabi/4.6.3/crtbegin.o
 .rela.text.GX_SetTevColorOp
                0x00000000        0x0 /opt/devkitpro/devkitPPC/lib/gcc/powerpc-eabi/4.6.3/crtbegin.o
 .rela.text.GX_SetTevAlphaOp
                0x00000000        0x0 /opt/devkitpro/devkitPPC/lib/gcc/powerpc-eabi/4.6.3/crtbegin.o
 .rela.text.GX_SetCullMode
                0x00000000        0x0 /opt/devkitpro/devkitPPC/lib/gcc/powerpc-eabi/4.6.3/crtbegin.o
 .rela.text.GX_SetCoPlanar
                0x00000000        0x0 /opt/devkitpro/devkitPPC/lib/gcc/powerpc-eabi/4.6.3/crtbegin.o
 .rela.text.GX_EnableTexOffsets
                0x00000000        0x0 /opt/devkitpro/devkitPPC/lib/gcc/powerpc-eabi/4.6.3/crtbegin.o
 .rela.text.GX_SetScissor
                0x00000000        0x0 /opt/devkitpro/devkitPPC/lib/gcc/powerpc-eabi/4.6.3/crtbegin.o
 .rela.text.GX_SetNumChans
                0x00000000        0x0 /opt/devkitpro/devkitPPC/lib/gcc/powerpc-eabi/4.6.3/crtbegin.o
 .rela.text.GX_SetTevOrder
                0x00000000        0x0 /opt/devkitpro/devkitPPC/lib/gcc/powerpc-eabi/4.6.3/crtbegin.o
 .rela.text.GX_SetNumTevStages
                0x00000000        0x0 /opt/devkitpro/devkitPPC/lib/gcc/powerpc-eabi/4.6.3/crtbegin.o
 .rela.text.GX_SetTevKColorSel
                0x00000000        0x0 /opt/devkitpro/devkitPPC/lib/gcc/powerpc-eabi/4.6.3/crtbegin.o
 .rela.text.GX_SetTevKAlphaSel
                0x00000000        0x0 /opt/devkitpro/devkitPPC/lib/gcc/powerpc-eabi/4.6.3/crtbegin.o
 .rela.text.GX_SetTevSwapMode
                0x00000000        0x0 /opt/devkitpro/devkitPPC/lib/gcc/powerpc-eabi/4.6.3/crtbegin.o
 .rela.text.GX_SetTevSwapModeTable
                0x00000000        0x0 /opt/devkitpro/devkitPPC/lib/gcc/powerpc-eabi/4.6.3/crtbegin.o
 .rela.text.GX_SetNumIndStages
                0x00000000        0x0 /opt/devkitpro/devkitPPC/lib/gcc/powerpc-eabi/4.6.3/crtbegin.o
 .rela.text.GX_SetIndTexCoordScale
                0x00000000        0x0 /opt/devkitpro/devkitPPC/lib/gcc/powerpc-eabi/4.6.3/crtbegin.o
 .rela.text.GX_SetColorUpdate
                0x00000000        0x0 /opt/devkitpro/devkitPPC/lib/gcc/powerpc-eabi/4.6.3/crtbegin.o
 .rela.text.GX_SetAlphaUpdate
                0x00000000        0x0 /opt/devkitpro/devkitPPC/lib/gcc/powerpc-eabi/4.6.3/crtbegin.o
 .rela.text.GX_SetZCompLoc
                0x00000000        0x0 /opt/devkitpro/devkitPPC/lib/gcc/powerpc-eabi/4.6.3/crtbegin.o
 .rela.text.GX_SetPixelFmt
                0x00000000        0x0 /opt/devkitpro/devkitPPC/lib/gcc/powerpc-eabi/4.6.3/crtbegin.o
 .rela.text.GX_SetDither
                0x00000000        0x0 /opt/devkitpro/devkitPPC/lib/gcc/powerpc-eabi/4.6.3/crtbegin.o
 .rela.text.GX_SetDstAlpha
                0x00000000        0x0 /opt/devkitpro/devkitPPC/lib/gcc/powerpc-eabi/4.6.3/crtbegin.o
 .rela.text.GX_SetFieldMode
                0x00000000        0x0 /opt/devkitpro/devkitPPC/lib/gcc/powerpc-eabi/4.6.3/crtbegin.o
 .rela.text.GX_SetIndTexOrder
                0x00000000        0x0 /opt/devkitpro/devkitPPC/lib/gcc/powerpc-eabi/4.6.3/crtbegin.o
 .rela.text.GX_SetGPMetric
                0x00000000        0x0 /opt/devkitpro/devkitPPC/lib/gcc/powerpc-eabi/4.6.3/crtbegin.o
 .rela.text.GX_Init
                0x00000000        0x0 /opt/devkitpro/devkitPPC/lib/gcc/powerpc-eabi/4.6.3/crtbegin.o
 .rela.text.GX_ReadGPMetric
                0x00000000        0x0 /opt/devkitpro/devkitPPC/lib/gcc/powerpc-eabi/4.6.3/crtbegin.o
 .rela.text.c_decrementer_handler
                0x00000000        0x0 /opt/devkitpro/devkitPPC/lib/gcc/powerpc-eabi/4.6.3/crtbegin.o
 .rela.text.__lwp_mqbox_free
                0x00000000        0x0 /opt/devkitpro/devkitPPC/lib/gcc/powerpc-eabi/4.6.3/crtbegin.o
 .rela.text.__lwp_mqbox_open
                0x00000000        0x0 /opt/devkitpro/devkitPPC/lib/gcc/powerpc-eabi/4.6.3/crtbegin.o
 .rela.text.__lwp_mqbox_init
                0x00000000        0x0 /opt/devkitpro/devkitPPC/lib/gcc/powerpc-eabi/4.6.3/crtbegin.o
 .rela.text.MQ_Init
                0x00000000        0x0 /opt/devkitpro/devkitPPC/lib/gcc/powerpc-eabi/4.6.3/crtbegin.o
 .rela.text.__ios_ioctlvformat_parse
                0x00000000        0x0 /opt/devkitpro/devkitPPC/lib/gcc/powerpc-eabi/4.6.3/crtbegin.o
 .rela.text.__ioctlvfmtCB
                0x00000000        0x0 /opt/devkitpro/devkitPPC/lib/gcc/powerpc-eabi/4.6.3/crtbegin.o
 .rela.text.IOS_IoctlvFormat
                0x00000000        0x0 /opt/devkitpro/devkitPPC/lib/gcc/powerpc-eabi/4.6.3/crtbegin.o
 .rela.text.IOS_IoctlvFormatAsync
                0x00000000        0x0 /opt/devkitpro/devkitPPC/lib/gcc/powerpc-eabi/4.6.3/crtbegin.o
 .rela.text.nanosleep
                0x00000000        0x0 /opt/devkitpro/devkitPPC/lib/gcc/powerpc-eabi/4.6.3/crtbegin.o
 .rela.text.__libc_delete_hook
                0x00000000        0x0 /opt/devkitpro/devkitPPC/lib/gcc/powerpc-eabi/4.6.3/crtbegin.o
 .rela.text.__libc_init
                0x00000000        0x0 /opt/devkitpro/devkitPPC/lib/gcc/powerpc-eabi/4.6.3/crtbegin.o
 .rela.text.__libc_wrapup
                0x00000000        0x0 /opt/devkitpro/devkitPPC/lib/gcc/powerpc-eabi/4.6.3/crtbegin.o
 .rela.text.__CheckARGV
                0x00000000        0x0 /opt/devkitpro/devkitPPC/lib/gcc/powerpc-eabi/4.6.3/crtbegin.o
 .rela.text.__lwp_priority_init
                0x00000000        0x0 /opt/devkitpro/devkitPPC/lib/gcc/powerpc-eabi/4.6.3/crtbegin.o
 .rela.text.__lwp_wd_remove_ticks
                0x00000000        0x0 /opt/devkitpro/devkitPPC/lib/gcc/powerpc-eabi/4.6.3/crtbegin.o
 .rela.text.__lwp_threadqueue_enqueue
                0x00000000        0x0 /opt/devkitpro/devkitPPC/lib/gcc/powerpc-eabi/4.6.3/crtbegin.o
 .rela.text.__lwpmq_initialize
                0x00000000        0x0 /opt/devkitpro/devkitPPC/lib/gcc/powerpc-eabi/4.6.3/crtbegin.o
 .rela.text.__lwpmq_close
                0x00000000        0x0 /opt/devkitpro/devkitPPC/lib/gcc/powerpc-eabi/4.6.3/crtbegin.o
 .rela.text.__systemcall_init
                0x00000000        0x0 /opt/devkitpro/devkitPPC/lib/gcc/powerpc-eabi/4.6.3/crtbegin.o
 .rela.text.__exception_init
                0x00000000        0x0 /opt/devkitpro/devkitPPC/lib/gcc/powerpc-eabi/4.6.3/crtbegin.o
 .rela.text.__exception_close
                0x00000000        0x0 /opt/devkitpro/devkitPPC/lib/gcc/powerpc-eabi/4.6.3/crtbegin.o
 .rela.text.__exception_sethandler
                0x00000000        0x0 /opt/devkitpro/devkitPPC/lib/gcc/powerpc-eabi/4.6.3/crtbegin.o
 .rela.text.__lwp_sema_open
                0x00000000        0x0 /opt/devkitpro/devkitPPC/lib/gcc/powerpc-eabi/4.6.3/crtbegin.o
 .rela.text.__lwp_sema_init
                0x00000000        0x0 /opt/devkitpro/devkitPPC/lib/gcc/powerpc-eabi/4.6.3/crtbegin.o
 .rela.text.LWP_SemInit
                0x00000000        0x0 /opt/devkitpro/devkitPPC/lib/gcc/powerpc-eabi/4.6.3/crtbegin.o
 .rela.text.LWP_SemDestroy
                0x00000000        0x0 /opt/devkitpro/devkitPPC/lib/gcc/powerpc-eabi/4.6.3/crtbegin.o
 .rela.text.__lwp_mutex_locksupp.constprop.7
                0x00000000        0x0 /opt/devkitpro/devkitPPC/lib/gcc/powerpc-eabi/4.6.3/crtbegin.o
 .rela.text.__lwp_mutex_init
                0x00000000        0x0 /opt/devkitpro/devkitPPC/lib/gcc/powerpc-eabi/4.6.3/crtbegin.o
 .rela.text.LWP_MutexInit
                0x00000000        0x0 /opt/devkitpro/devkitPPC/lib/gcc/powerpc-eabi/4.6.3/crtbegin.o
 .rela.text.LWP_MutexDestroy
                0x00000000        0x0 /opt/devkitpro/devkitPPC/lib/gcc/powerpc-eabi/4.6.3/crtbegin.o
 .rela.text.LWP_MutexUnlock
                0x00000000        0x0 /opt/devkitpro/devkitPPC/lib/gcc/powerpc-eabi/4.6.3/crtbegin.o
 .rela.text.kprintf
                0x00000000        0x0 /opt/devkitpro/devkitPPC/lib/gcc/powerpc-eabi/4.6.3/crtbegin.o
 .rela.text.__console_init
                0x00000000        0x0 /opt/devkitpro/devkitPPC/lib/gcc/powerpc-eabi/4.6.3/crtbegin.o
 .rela.text.__console_init_ex
                0x00000000        0x0 /opt/devkitpro/devkitPPC/lib/gcc/powerpc-eabi/4.6.3/crtbegin.o
 .rela.text.CON_EnableGecko
                0x00000000        0x0 /opt/devkitpro/devkitPPC/lib/gcc/powerpc-eabi/4.6.3/crtbegin.o
 .rela.text.atangent
                0x00000000        0x0 /opt/devkitpro/devkitPPC/lib/gcc/powerpc-eabi/4.6.3/crtbegin.o
 .rela.text.calloc
                0x00000000        0x0 /opt/devkitpro/devkitPPC/lib/gcc/powerpc-eabi/4.6.3/crtbegin.o
 .rela.text.__errno
                0x00000000        0x0 /opt/devkitpro/devkitPPC/lib/gcc/powerpc-eabi/4.6.3/crtbegin.o
 .rela.text.exit
                0x00000000        0x0 /opt/devkitpro/devkitPPC/lib/gcc/powerpc-eabi/4.6.3/crtbegin.o
 .rela.text.fclose
                0x00000000        0x0 /opt/devkitpro/devkitPPC/lib/gcc/powerpc-eabi/4.6.3/crtbegin.o
 .rela.text.fflush
                0x00000000        0x0 /opt/devkitpro/devkitPPC/lib/gcc/powerpc-eabi/4.6.3/crtbegin.o
 .rela.text.std.isra.0
                0x00000000        0x0 /opt/devkitpro/devkitPPC/lib/gcc/powerpc-eabi/4.6.3/crtbegin.o
 .rela.text._cleanup
                0x00000000        0x0 /opt/devkitpro/devkitPPC/lib/gcc/powerpc-eabi/4.6.3/crtbegin.o
 .rela.text.__sfp
                0x00000000        0x0 /opt/devkitpro/devkitPPC/lib/gcc/powerpc-eabi/4.6.3/crtbegin.o
 .rela.text.__fp_lock_all
                0x00000000        0x0 /opt/devkitpro/devkitPPC/lib/gcc/powerpc-eabi/4.6.3/crtbegin.o
 .rela.text.__fp_unlock_all
                0x00000000        0x0 /opt/devkitpro/devkitPPC/lib/gcc/powerpc-eabi/4.6.3/crtbegin.o
 .rela.text._fopen_r
                0x00000000        0x0 /opt/devkitpro/devkitPPC/lib/gcc/powerpc-eabi/4.6.3/crtbegin.o
 .rela.text.fopen
                0x00000000        0x0 /opt/devkitpro/devkitPPC/lib/gcc/powerpc-eabi/4.6.3/crtbegin.o
 .rela.text.fprintf
                0x00000000        0x0 /opt/devkitpro/devkitPPC/lib/gcc/powerpc-eabi/4.6.3/crtbegin.o
 .rela.text.fputs
                0x00000000        0x0 /opt/devkitpro/devkitPPC/lib/gcc/powerpc-eabi/4.6.3/crtbegin.o
 .rela.text.fread
                0x00000000        0x0 /opt/devkitpro/devkitPPC/lib/gcc/powerpc-eabi/4.6.3/crtbegin.o
 .rela.text._malloc_trim_r
                0x00000000        0x0 /opt/devkitpro/devkitPPC/lib/gcc/powerpc-eabi/4.6.3/crtbegin.o
 .rela.text._free_r
                0x00000000        0x0 /opt/devkitpro/devkitPPC/lib/gcc/powerpc-eabi/4.6.3/crtbegin.o
 .rela.text._fseek_r
                0x00000000        0x0 /opt/devkitpro/devkitPPC/lib/gcc/powerpc-eabi/4.6.3/crtbegin.o
 .rela.text.fseek
                0x00000000        0x0 /opt/devkitpro/devkitPPC/lib/gcc/powerpc-eabi/4.6.3/crtbegin.o
 .rela.text.__smakebuf_r
                0x00000000        0x0 /opt/devkitpro/devkitPPC/lib/gcc/powerpc-eabi/4.6.3/crtbegin.o
 .rela.text._svfprintf_r
                0x00000000        0x0 /opt/devkitpro/devkitPPC/lib/gcc/powerpc-eabi/4.6.3/crtbegin.o
 .rela.text._vfprintf_r
                0x00000000        0x0 /opt/devkitpro/devkitPPC/lib/gcc/powerpc-eabi/4.6.3/crtbegin.o
 .rela.text._wcrtomb_r
                0x00000000        0x0 /opt/devkitpro/devkitPPC/lib/gcc/powerpc-eabi/4.6.3/crtbegin.o
 .rela.text.wcrtomb
                0x00000000        0x0 /opt/devkitpro/devkitPPC/lib/gcc/powerpc-eabi/4.6.3/crtbegin.o
 .rela.text.__call_exitprocs
                0x00000000        0x0 /opt/devkitpro/devkitPPC/lib/gcc/powerpc-eabi/4.6.3/crtbegin.o
 .rela.text._dtoa_r
                0x00000000        0x0 /opt/devkitpro/devkitPPC/lib/gcc/powerpc-eabi/4.6.3/crtbegin.o
 .rela.text.loadlocale
                0x00000000        0x0 /opt/devkitpro/devkitPPC/lib/gcc/powerpc-eabi/4.6.3/crtbegin.o
 .rela.text._findenv_r
                0x00000000        0x0 /opt/devkitpro/devkitPPC/lib/gcc/powerpc-eabi/4.6.3/crtbegin.o

.rel.fini
 *(.rel.fini)

.rela.fini
 *(.rela.fini)

.rel.rodata
 *(.rel.rodata .rel.rodata.* .rel.gnu.linkonce.r.*)

.rela.rodata
 *(.rela.rodata .rela.rodata.* .rela.gnu.linkonce.r.*)

.rel.data
 *(.rel.data .rel.data.* .rel.gnu.linkonce.d.*)

.rela.data
 *(.rela.data .rela.data.* .rela.gnu.linkonce.d.*)

.rel.tdata
 *(.rel.tdata .rel.tdata.* .rel.gnu.linkonce.td.*)

.rela.tdata
 *(.rela.tdata .rela.tdata.* .rela.gnu.linkonce.td.*)

.rel.tbss
 *(.rel.tbss .rel.tbss.* .rel.gnu.linkonce.tb.*)

.rela.tbss
 *(.rela.tbss .rela.tbss.* .rela.gnu.linkonce.tb.*)

.rel.ctors
 *(.rel.ctors)

.rela.ctors
 *(.rela.ctors)

.rel.dtors
 *(.rel.dtors)

.rela.dtors
 *(.rela.dtors)

.rel.got
 *(.rel.got)

.rela.got
 *(.rela.got)

.rela.got1
 *(.rela.got1)

.rela.got2      0x80004194        0x0
 *(.rela.got2)
 .rela.got2     0x00000000        0x0 /opt/devkitpro/devkitPPC/lib/gcc/powerpc-eabi/4.6.3/crtbegin.o

.rel.sdata
 *(.rel.sdata .rel.sdata.* .rel.gnu.linkonce.s.*)

.rela.sdata
 *(.rela.sdata .rela.sdata.* .rela.gnu.linkonce.s.*)

.rel.sbss
 *(.rel.sbss .rel.sbss.* .rel.gnu.linkonce.sb.*)

.rela.sbss
 *(.rela.sbss .rela.sbss.* .rel.gnu.linkonce.sb.*)

.rel.sdata2
 *(.rel.sdata2 .rel.sdata2.* .rel.gnu.linkonce.s2.*)

.rela.sdata2
 *(.rela.sdata2 .rela.sdata2.* .rela.gnu.linkonce.s2.*)

.rel.sbss2
 *(.rel.sbss2 .rel.sbss2.* .rel.gnu.linkonce.sb2.*)

.rela.sbss2
 *(.rela.sbss2 .rela.sbss2.* .rela.gnu.linkonce.sb2.*)

.rel.bss
 *(.rel.bss .rel.bss.* .rel.gnu.linkonce.b.*)

.rela.bss
 *(.rela.bss .rela.bss.* .rela.gnu.linkonce.b.*)

.rel.plt
 *(.rel.plt)

.rela.plt
 *(.rela.plt)

.text           0x800041a0    0x34be0
 *(.text)
 .text          0x800041a0      0x168 /opt/devkitpro/devkitPPC/lib/gcc/powerpc-eabi/4.6.3/crtbegin.o
 .text          0x80004308       0x44 /opt/devkitpro/devkitPPC/lib/gcc/powerpc-eabi/4.6.3/../../../../powerpc-eabi/lib/crtmain.o
                0x8000430c                __crtmain
 *fill*         0x8000434c       0x14 00000000
 .text          0x80004360      0x44c /opt/devkitpro/libogc/lib/wii/libogc.a(lwp_handler.o)
                0x80004360                _cpu_context_save_fp
                0x800044a0                _cpu_context_restore_fp
                0x800045e0                _cpu_context_switch
                0x800046c0                _cpu_context_save
                0x80004740                _cpu_context_restore
 .text          0x800047ac      0x4a0 /opt/devkitpro/libogc/lib/wii/libogc.a(system_asm.o)
                0x800047ac                __realmode
                0x800047c4                __configBATS
                0x800048f4                __InitFPRS
                0x80004a20                __InitPS
                0x80004a7c                __InitCache
                0x80004ad4                __InitSystem
                0x80004b5c                __flush_cache
                0x80004b90                __reset
                0x80004c00                __InitBATS
                0x80004c1c                SYS_SwitchFiber
 .text          0x80004c4c      0x8dc /opt/devkitpro/libogc/lib/wii/libogc.a(gu_psasm.o)
                0x80004c4c                ps_guMtxConcat
                0x80004d10                ps_guMtxIdentity
                0x80004d3c                ps_guMtxCopy
                0x80004d70                ps_guMtxTranspose
                0x80004dc0                ps_guMtxInverse
                0x80004eb8                ps_guMtxInvXpose
                0x80004f80                ps_guMtxScale
                0x80004fa8                ps_guMtxScaleApply
                0x80005000                ps_guMtxApplyScale
                0x80005064                ps_guMtxTrans
                0x80005098                ps_guMtxTransApply
                0x800050e4                ps_guMtxApplyTrans
                0x80005160                ps_guMtxRotTrig
                0x80005210                __ps_guMtxRotAxisRadInternal
                0x800052d0                ps_guMtxReflect
                0x80005340                ps_guVecAdd
                0x80005364                ps_guVecSub
                0x80005388                ps_guVecScale
                0x800053a4                ps_guVecNormalize
                0x800053e8                ps_guVecCross
                0x80005424                ps_guVecDotProduct
                0x80005444                ps_guVecMultiply
                0x80005498                ps_guVecMultiplySR
                0x80005508                ps_guQuatDotProduct
 .text          0x80005528      0x1ac /opt/devkitpro/libogc/lib/wii/libogc.a(irq_handler.o)
                0x80005528                irq_exceptionhandler
 .text          0x800056d4      0x4f4 /opt/devkitpro/libogc/lib/wii/libogc.a(cache_asm.o)
                0x800056d4                DCFlashInvalidate
                0x800056e8                DCEnable
                0x800056fc                DCDisable
                0x80005710                DCFreeze
                0x80005724                DCUnfreeze
                0x80005738                DCTouchLoad
                0x80005740                DCBlockZero
                0x80005748                DCBlockStore
                0x80005750                DCBlockFlush
                0x80005758                DCBlockInvalidate
                0x80005760                DCInvalidateRange
                0x80005790                DCFlushRange
                0x800057c4                DCStoreRange
                0x800057f8                DCFlushRangeNoSync
                0x80005828                DCStoreRangeNoSync
                0x80005858                DCZeroRange
                0x80005888                DCTouchRange
                0x800058b8                ICInvalidateRange
                0x800058f0                ICFlashInvalidate
                0x80005904                ICEnable
                0x80005918                ICDisable
                0x8000592c                ICFreeze
                0x80005940                ICUnfreeze
                0x80005954                ICBlockInvalidate
                0x8000595c                ICSync
                0x80005964                L2Init
                0x800059ac                L2Enable
                0x800059c8                L2Disable
                0x800059e0                L2GlobalInvalidate
                0x80005a38                __LCEnable
                0x80005b04                LCDisable
                0x80005b2c                LCAllocOneTag
                0x80005b40                LCAllocTags
                0x80005b80                LCLoadBlocks
                0x80005ba4                LCStoreBlocks
 .text          0x80005bc8      0x1ac /opt/devkitpro/libogc/lib/wii/libogc.a(decrementer_handler.o)
                0x80005bc8                dec_exceptionhandler
 .text          0x80005d74      0x35c /opt/devkitpro/libogc/lib/wii/libogc.a(exception_handler.o)
                0x80005d74                exceptionhandler_start
                0x80005df0                exceptionhandler_patch
                0x80005e24                exceptionhandler_end
                0x80005e28                default_exceptionhandler
                0x80005f58                fpu_exceptionhandler
                0x800060a0                systemcallhandler_start
                0x800060cc                systemcallhandler_end
 .text          0x800060d0       0x40 /opt/devkitpro/devkitPPC/lib/gcc/powerpc-eabi/4.6.3/libgcc.a(_ashldi3.o)
                0x800060d0                __ashldi3
 .text          0x80006110      0x400 /opt/devkitpro/devkitPPC/lib/gcc/powerpc-eabi/4.6.3/libgcc.a(_udivdi3.o)
                0x80006110                __udivdi3
 .text          0x80006510      0x3d4 /opt/devkitpro/devkitPPC/lib/gcc/powerpc-eabi/4.6.3/libgcc.a(_umoddi3.o)
                0x80006510                __umoddi3
 .text          0x800068e4       0x48 /opt/devkitpro/devkitPPC/lib/gcc/powerpc-eabi/4.6.3/libgcc.a(eabi.o)
                0x800068e4                __eabi
 .text          0x8000692c       0x4c /opt/devkitpro/devkitPPC/lib/gcc/powerpc-eabi/4.6.3/libgcc.a(crtsavfpr.o)
                0x8000692c                _savefpr_14
                0x80006930                _savefpr_15
                0x80006934                _savefpr_16
                0x80006938                _savefpr_17
                0x8000693c                _savefpr_18
                0x80006940                _savefpr_19
                0x80006944                _savefpr_20
                0x80006948                _savefpr_21
                0x8000694c                _savefpr_22
                0x80006950                _savefpr_23
                0x80006954                _savefpr_24
                0x80006958                _savefpr_25
                0x8000695c                _savefpr_26
                0x80006960                _savefpr_27
                0x80006964                _savefpr_28
                0x80006968                _savefpr_29
                0x8000696c                _savefpr_30
                0x80006970                _savefpr_31
 .text          0x80006978       0x4c /opt/devkitpro/devkitPPC/lib/gcc/powerpc-eabi/4.6.3/libgcc.a(crtsavgpr.o)
                0x80006978                _savegpr_14
                0x8000697c                _savegpr_15
                0x80006980                _savegpr_16
                0x80006984                _savegpr_17
                0x80006988                _savegpr_18
                0x8000698c                _savegpr_19
                0x80006990                _savegpr_20
                0x80006994                _savegpr_21
                0x80006998                _savegpr_22
                0x8000699c                _savegpr_23
                0x800069a0                _savegpr_24
                0x800069a4                _savegpr_25
                0x800069a8                _savegpr_26
                0x800069ac                _savegpr_27
                0x800069b0                _savegpr_28
                0x800069b4                _savegpr_29
                0x800069b8                _savegpr_30
                0x800069bc                _savegpr_31
 .text          0x800069c4       0x4c /opt/devkitpro/devkitPPC/lib/gcc/powerpc-eabi/4.6.3/libgcc.a(crtresgpr.o)
                0x800069c4                _restgpr_14
                0x800069c8                _restgpr_15
                0x800069cc                _restgpr_16
                0x800069d0                _restgpr_17
                0x800069d4                _restgpr_18
                0x800069d8                _restgpr_19
                0x800069dc                _restgpr_20
                0x800069e0                _restgpr_21
                0x800069e4                _restgpr_22
                0x800069e8                _restgpr_23
                0x800069ec                _restgpr_24
                0x800069f0                _restgpr_25
                0x800069f4                _restgpr_26
                0x800069f8                _restgpr_27
                0x800069fc                _restgpr_28
                0x80006a00                _restgpr_29
                0x80006a04                _restgpr_30
                0x80006a08                _restgpr_31
 .text          0x80006a10       0x58 /opt/devkitpro/devkitPPC/lib/gcc/powerpc-eabi/4.6.3/libgcc.a(crtresxfpr.o)
                0x80006a10                _restfpr_14_x
                0x80006a14                _restfpr_15_x
                0x80006a18                _restfpr_16_x
                0x80006a1c                _restfpr_17_x
                0x80006a20                _restfpr_18_x
                0x80006a24                _restfpr_19_x
                0x80006a28                _restfpr_20_x
                0x80006a2c                _restfpr_21_x
                0x80006a30                _restfpr_22_x
                0x80006a34                _restfpr_23_x
                0x80006a38                _restfpr_24_x
                0x80006a3c                _restfpr_25_x
                0x80006a40                _restfpr_26_x
                0x80006a44                _restfpr_27_x
                0x80006a48                _restfpr_28_x
                0x80006a4c                _restfpr_29_x
                0x80006a50                _restfpr_30_x
                0x80006a54                _restfpr_31_x
 .text          0x80006a68       0x58 /opt/devkitpro/devkitPPC/lib/gcc/powerpc-eabi/4.6.3/libgcc.a(crtresxgpr.o)
                0x80006a68                _restgpr_14_x
                0x80006a6c                _restgpr_15_x
                0x80006a70                _restgpr_16_x
                0x80006a74                _restgpr_17_x
                0x80006a78                _restgpr_18_x
                0x80006a7c                _restgpr_19_x
                0x80006a80                _restgpr_20_x
                0x80006a84                _restgpr_21_x
                0x80006a88                _restgpr_22_x
                0x80006a8c                _restgpr_23_x
                0x80006a90                _restgpr_24_x
                0x80006a94                _restgpr_25_x
                0x80006a98                _restgpr_26_x
                0x80006a9c                _restgpr_27_x
                0x80006aa0                _restgpr_28_x
                0x80006aa4                _restgpr_29_x
                0x80006aa8                _restgpr_30_x
                0x80006aac                _restgpr_31_x
 .text          0x80006ac0       0x28 /opt/devkitpro/devkitPPC/lib/gcc/powerpc-eabi/4.6.3/../../../../powerpc-eabi/lib/libsysbase.a(abort.o)
                0x80006ac0                abort
 .text          0x80006ae8      0x2ec /opt/devkitpro/devkitPPC/lib/gcc/powerpc-eabi/4.6.3/../../../../powerpc-eabi/lib/libsysbase.a(iosupport.o)
                0x80006ae8                setDefaultDevice
                0x80006b00                FindDevice
                0x80006c24                RemoveDevice
                0x80006c74                AddDevice
                0x80006d90                GetDeviceOpTab
 .text          0x80006dd4       0x28 /opt/devkitpro/devkitPPC/lib/gcc/powerpc-eabi/4.6.3/../../../../powerpc-eabi/lib/libsysbase.a(_exit.o)
                0x80006dd4                _exit
 .text          0x80006dfc       0x90 /opt/devkitpro/devkitPPC/lib/gcc/powerpc-eabi/4.6.3/../../../../powerpc-eabi/lib/libsysbase.a(build_argv.o)
                0x80006dfc                build_argv
 .text          0x80006e8c      0x168 /opt/devkitpro/devkitPPC/lib/gcc/powerpc-eabi/4.6.3/../../../../powerpc-eabi/lib/libsysbase.a(syscall_support.o)
                0x80006e8c                __libc_lock_init
                0x80006ecc                __libc_lock_close
                0x80006f0c                __libc_lock_release
                0x80006f4c                __libc_lock_acquire
                0x80006f8c                __malloc_lock
                0x80006fc0                __malloc_unlock
 .text          0x80006ff4       0x98 /opt/devkitpro/devkitPPC/lib/gcc/powerpc-eabi/4.6.3/../../../../powerpc-eabi/lib/libsysbase.a(close.o)
                0x80006ff4                _close_r
 .text          0x8000708c       0xc8 /opt/devkitpro/devkitPPC/lib/gcc/powerpc-eabi/4.6.3/../../../../powerpc-eabi/lib/libsysbase.a(fstat.o)
                0x8000708c                _fstat_r
 .text          0x80007154        0x8 /opt/devkitpro/devkitPPC/lib/gcc/powerpc-eabi/4.6.3/../../../../powerpc-eabi/lib/libsysbase.a(isatty.o)
                0x80007154                _isatty_r
 .text          0x8000715c       0xcc /opt/devkitpro/devkitPPC/lib/gcc/powerpc-eabi/4.6.3/../../../../powerpc-eabi/lib/libsysbase.a(lseek.o)
                0x8000715c                _lseek_r
 .text          0x80007228       0xac /opt/devkitpro/devkitPPC/lib/gcc/powerpc-eabi/4.6.3/../../../../powerpc-eabi/lib/libsysbase.a(read.o)
                0x80007228                _read_r
 .text          0x800072d4       0x50 /opt/devkitpro/devkitPPC/lib/gcc/powerpc-eabi/4.6.3/../../../../powerpc-eabi/lib/libsysbase.a(sbrk.o)
                0x800072d4                _sbrk_r
 .text          0x80007324       0xac /opt/devkitpro/devkitPPC/lib/gcc/powerpc-eabi/4.6.3/../../../../powerpc-eabi/lib/libsysbase.a(write.o)
                0x80007324                _write_r
 .text          0x800073d0       0x6c /opt/devkitpro/devkitPPC/lib/gcc/powerpc-eabi/4.6.3/../../../../powerpc-eabi/lib/libsysbase.a(flock.o)
                0x800073d0                __flockfile
                0x80007418                __funlockfile
 .text          0x8000743c      0x174 /opt/devkitpro/devkitPPC/lib/gcc/powerpc-eabi/4.6.3/../../../../powerpc-eabi/lib/libsysbase.a(handle_manager.o)
                0x8000743c                __release_handle
                0x80007498                __alloc_handle
                0x8000758c                __get_handle
 .text          0x800075b0       0x6c /opt/devkitpro/devkitPPC/lib/gcc/powerpc-eabi/4.6.3/crtend.o
 *(.text.*)
 .text.startup.main
                0x8000761c      0x7e8 3DTest.o
                0x8000761c                main
 .text.__wpad_assign_slot
                0x80007e04      0x220 /opt/devkitpro/libogc/lib/wii/libwiiuse.a(wpad.o)
                0x80007e04                __wpad_assign_slot
 .text.__wpad_def_powcb
                0x80008024       0x20 /opt/devkitpro/libogc/lib/wii/libwiiuse.a(wpad.o)
 .text.__wpad_setfmt
                0x80008044       0xf0 /opt/devkitpro/libogc/lib/wii/libwiiuse.a(wpad.o)
 .text.__readlinkkey_finished
                0x80008134       0x30 /opt/devkitpro/libogc/lib/wii/libwiiuse.a(wpad.o)
 .text.__wpad_patch_finished
                0x80008164       0x2c /opt/devkitpro/libogc/lib/wii/libwiiuse.a(wpad.o)
 .text.__wpad_eventCB
                0x80008190      0x958 /opt/devkitpro/libogc/lib/wii/libwiiuse.a(wpad.o)
 .text.__wpad_disconnectCB
                0x80008ae8       0xe8 /opt/devkitpro/libogc/lib/wii/libwiiuse.a(wpad.o)
                0x80008ae8                __wpad_disconnectCB
 .text.__wpad_timeouthandler
                0x80008bd0       0x98 /opt/devkitpro/libogc/lib/wii/libwiiuse.a(wpad.o)
 .text.__initcore_finished
                0x80008c68       0x40 /opt/devkitpro/libogc/lib/wii/libwiiuse.a(wpad.o)
 .text.__wpad_init_finished
                0x80008ca8      0x134 /opt/devkitpro/libogc/lib/wii/libwiiuse.a(wpad.o)
 .text.WPAD_ReadEvent
                0x80008ddc      0x580 /opt/devkitpro/libogc/lib/wii/libwiiuse.a(wpad.o)
                0x80008ddc                WPAD_ReadEvent
 .text.WPAD_ReadPending
                0x8000935c      0x10c /opt/devkitpro/libogc/lib/wii/libwiiuse.a(wpad.o)
                0x8000935c                WPAD_ReadPending
 .text.WPAD_Shutdown
                0x80009468       0xdc /opt/devkitpro/libogc/lib/wii/libwiiuse.a(wpad.o)
                0x80009468                WPAD_Shutdown
 .text.WPAD_Init
                0x80009544      0x240 /opt/devkitpro/libogc/lib/wii/libwiiuse.a(wpad.o)
                0x80009544                WPAD_Init
 .text.__wpad_onreset
                0x80009784       0x2c /opt/devkitpro/libogc/lib/wii/libwiiuse.a(wpad.o)
 .text.WPAD_ScanPads
                0x800097b0        0xc /opt/devkitpro/libogc/lib/wii/libwiiuse.a(wpad.o)
                0x800097b0                WPAD_ScanPads
 .text.WPAD_ButtonsDown
                0x800097bc       0x28 /opt/devkitpro/libogc/lib/wii/libwiiuse.a(wpad.o)
                0x800097bc                WPAD_ButtonsDown
 .text.motion_plus_disconnected
                0x800097e4       0x10 /opt/devkitpro/libogc/lib/wii/libwiiuse.a(motion_plus.o)
                0x800097e4                motion_plus_disconnected
 .text.motion_plus_event
                0x800097f4       0x64 /opt/devkitpro/libogc/lib/wii/libwiiuse.a(motion_plus.o)
                0x800097f4                motion_plus_event
 .text.calculate_gforce
                0x80009858      0x114 /opt/devkitpro/libogc/lib/wii/libwiiuse.a(dynamics.o)
                0x80009858                calculate_gforce
 .text.calc_joystick_state
                0x8000996c      0x21c /opt/devkitpro/libogc/lib/wii/libwiiuse.a(dynamics.o)
                0x8000996c                calc_joystick_state
 .text.apply_smoothing
                0x80009b88      0x148 /opt/devkitpro/libogc/lib/wii/libwiiuse.a(dynamics.o)
                0x80009b88                apply_smoothing
 .text.calculate_orientation
                0x80009cd0      0x29c /opt/devkitpro/libogc/lib/wii/libwiiuse.a(dynamics.o)
                0x80009cd0                calculate_orientation
 .text.calc_balanceboard_state
                0x80009f6c      0x36c /opt/devkitpro/libogc/lib/wii/libwiiuse.a(dynamics.o)
                0x80009f6c                calc_balanceboard_state
 .text.wiiuse_handshake_expansion
                0x8000a2d8      0x1d4 /opt/devkitpro/libogc/lib/wii/libwiiuse.a(io.o)
                0x8000a2d8                wiiuse_handshake_expansion
 .text.wiiuse_handshake
                0x8000a4ac      0x150 /opt/devkitpro/libogc/lib/wii/libwiiuse.a(io.o)
                0x8000a4ac                wiiuse_handshake
 .text.wiiuse_handshake_expansion_start
                0x8000a5fc       0x24 /opt/devkitpro/libogc/lib/wii/libwiiuse.a(io.o)
                0x8000a5fc                wiiuse_handshake_expansion_start
 .text.wiiuse_disable_expansion
                0x8000a620       0xc0 /opt/devkitpro/libogc/lib/wii/libwiiuse.a(io.o)
                0x8000a620                wiiuse_disable_expansion
 .text.__wiiuse_disconnected
                0x8000a6e0       0x90 /opt/devkitpro/libogc/lib/wii/libwiiuse.a(io_wii.o)
 .text.__wiiuse_receive
                0x8000a770       0x8c /opt/devkitpro/libogc/lib/wii/libwiiuse.a(io_wii.o)
 .text.__wiiuse_connected
                0x8000a7fc       0x7c /opt/devkitpro/libogc/lib/wii/libwiiuse.a(io_wii.o)
 .text.__wiiuse_sensorbar_enable
                0x8000a878       0x48 /opt/devkitpro/libogc/lib/wii/libwiiuse.a(io_wii.o)
                0x8000a878                __wiiuse_sensorbar_enable
 .text.wiiuse_register
                0x8000a8c0       0xa4 /opt/devkitpro/libogc/lib/wii/libwiiuse.a(io_wii.o)
                0x8000a8c0                wiiuse_register
 .text.wiiuse_disconnect
                0x8000a964       0x40 /opt/devkitpro/libogc/lib/wii/libwiiuse.a(io_wii.o)
                0x8000a964                wiiuse_disconnect
 .text.wiiuse_init_cmd_queue
                0x8000a9a4       0x84 /opt/devkitpro/libogc/lib/wii/libwiiuse.a(io_wii.o)
                0x8000a9a4                wiiuse_init_cmd_queue
 .text.wiiuse_io_write
                0x8000aa28       0x38 /opt/devkitpro/libogc/lib/wii/libwiiuse.a(io_wii.o)
                0x8000aa28                wiiuse_io_write
 .text.get_ir_sens.isra.0
                0x8000aa60       0xe8 /opt/devkitpro/libogc/lib/wii/libwiiuse.a(ir.o)
 .text.rotate_dots
                0x8000ab48      0x110 /opt/devkitpro/libogc/lib/wii/libwiiuse.a(ir.o)
 .text.wiiuse_set_ir_mode
                0x8000ac58       0x60 /opt/devkitpro/libogc/lib/wii/libwiiuse.a(ir.o)
                0x8000ac58                wiiuse_set_ir_mode
 .text.wiiuse_set_ir
                0x8000acb8      0x190 /opt/devkitpro/libogc/lib/wii/libwiiuse.a(ir.o)
                0x8000acb8                wiiuse_set_ir
 .text.wiiuse_set_ir_position
                0x8000ae48       0x78 /opt/devkitpro/libogc/lib/wii/libwiiuse.a(ir.o)
                0x8000ae48                wiiuse_set_ir_position
 .text.wiiuse_set_aspect_ratio
                0x8000aec0       0x3c /opt/devkitpro/libogc/lib/wii/libwiiuse.a(ir.o)
                0x8000aec0                wiiuse_set_aspect_ratio
 .text.wiiuse_set_ir_sensitivity
                0x8000aefc       0xf8 /opt/devkitpro/libogc/lib/wii/libwiiuse.a(ir.o)
                0x8000aefc                wiiuse_set_ir_sensitivity
 .text.calculate_basic_ir
                0x8000aff4       0xfc /opt/devkitpro/libogc/lib/wii/libwiiuse.a(ir.o)
                0x8000aff4                calculate_basic_ir
 .text.calculate_extended_ir
                0x8000b0f0       0x7c /opt/devkitpro/libogc/lib/wii/libwiiuse.a(ir.o)
                0x8000b0f0                calculate_extended_ir
 .text.find_sensorbar
                0x8000b16c      0x7fc /opt/devkitpro/libogc/lib/wii/libwiiuse.a(ir.o)
                0x8000b16c                find_sensorbar
 .text.apply_ir_smoothing
                0x8000b968       0xd4 /opt/devkitpro/libogc/lib/wii/libwiiuse.a(ir.o)
                0x8000b968                apply_ir_smoothing
 .text.calc_yaw
                0x8000ba3c       0x54 /opt/devkitpro/libogc/lib/wii/libwiiuse.a(ir.o)
                0x8000ba3c                calc_yaw
 .text.interpret_ir_data
                0x8000ba90      0x370 /opt/devkitpro/libogc/lib/wii/libwiiuse.a(ir.o)
                0x8000ba90                interpret_ir_data
 .text.nunchuk_handshake
                0x8000be00      0x228 /opt/devkitpro/libogc/lib/wii/libwiiuse.a(nunchuk.o)
                0x8000be00                nunchuk_handshake
 .text.nunchuk_disconnected
                0x8000c028       0x28 /opt/devkitpro/libogc/lib/wii/libwiiuse.a(nunchuk.o)
                0x8000c028                nunchuk_disconnected
 .text.nunchuk_event
                0x8000c050       0xe4 /opt/devkitpro/libogc/lib/wii/libwiiuse.a(nunchuk.o)
                0x8000c050                nunchuk_event
 .text.wii_board_handshake
                0x8000c134      0x170 /opt/devkitpro/libogc/lib/wii/libwiiuse.a(wiiboard.o)
                0x8000c134                wii_board_handshake
 .text.wii_board_disconnected
                0x8000c2a4       0x28 /opt/devkitpro/libogc/lib/wii/libwiiuse.a(wiiboard.o)
                0x8000c2a4                wii_board_disconnected
 .text.wii_board_event
                0x8000c2cc       0x54 /opt/devkitpro/libogc/lib/wii/libwiiuse.a(wiiboard.o)
                0x8000c2cc                wii_board_event
 .text.wiiuse_send_next_command
                0x8000c320       0x6c /opt/devkitpro/libogc/lib/wii/libwiiuse.a(wiiuse.o)
                0x8000c320                wiiuse_send_next_command
 .text.__wiiuse_push_command
                0x8000c38c       0x94 /opt/devkitpro/libogc/lib/wii/libwiiuse.a(wiiuse.o)
 .text.wiiuse_init
                0x8000c420      0x154 /opt/devkitpro/libogc/lib/wii/libwiiuse.a(wiiuse.o)
                0x8000c420                wiiuse_init
 .text.wiiuse_set_flags
                0x8000c574       0x24 /opt/devkitpro/libogc/lib/wii/libwiiuse.a(wiiuse.o)
                0x8000c574                wiiuse_set_flags
 .text.wiiuse_read_data
                0x8000c598       0x94 /opt/devkitpro/libogc/lib/wii/libwiiuse.a(wiiuse.o)
                0x8000c598                wiiuse_read_data
 .text.wiiuse_write_data
                0x8000c62c       0xc0 /opt/devkitpro/libogc/lib/wii/libwiiuse.a(wiiuse.o)
                0x8000c62c                wiiuse_write_data
 .text.wiiuse_sendcmd
                0x8000c6ec       0x90 /opt/devkitpro/libogc/lib/wii/libwiiuse.a(wiiuse.o)
                0x8000c6ec                wiiuse_sendcmd
 .text.wiiuse_status
                0x8000c77c       0x4c /opt/devkitpro/libogc/lib/wii/libwiiuse.a(wiiuse.o)
                0x8000c77c                wiiuse_status
 .text.wiiuse_motion_sensing
                0x8000c7c8       0x3c /opt/devkitpro/libogc/lib/wii/libwiiuse.a(wiiuse.o)
                0x8000c7c8                wiiuse_motion_sensing
 .text.wiiuse_set_report_type
                0x8000c804       0xd0 /opt/devkitpro/libogc/lib/wii/libwiiuse.a(wiiuse.o)
                0x8000c804                wiiuse_set_report_type
 .text.wiiuse_set_leds
                0x8000c8d4       0x50 /opt/devkitpro/libogc/lib/wii/libwiiuse.a(wiiuse.o)
                0x8000c8d4                wiiuse_set_leds
 .text.wiiuse_set_speaker
                0x8000c924      0x1e4 /opt/devkitpro/libogc/lib/wii/libwiiuse.a(speaker.o)
                0x8000c924                wiiuse_set_speaker
 .text.classic_ctrl_handshake
                0x8000cb08      0x188 /opt/devkitpro/libogc/lib/wii/libwiiuse.a(classic.o)
                0x8000cb08                classic_ctrl_handshake
 .text.classic_ctrl_disconnected
                0x8000cc90       0x28 /opt/devkitpro/libogc/lib/wii/libwiiuse.a(classic.o)
                0x8000cc90                classic_ctrl_disconnected
 .text.classic_ctrl_event
                0x8000ccb8       0xa4 /opt/devkitpro/libogc/lib/wii/libwiiuse.a(classic.o)
                0x8000ccb8                classic_ctrl_event
 .text.handle_expansion
                0x8000cd5c       0x70 /opt/devkitpro/libogc/lib/wii/libwiiuse.a(events.o)
 .text.wiiuse_pressed_buttons
                0x8000cdcc       0x2c /opt/devkitpro/libogc/lib/wii/libwiiuse.a(events.o)
                0x8000cdcc                wiiuse_pressed_buttons
 .text.parse_event
                0x8000cdf8      0x540 /opt/devkitpro/libogc/lib/wii/libwiiuse.a(events.o)
                0x8000cdf8                parse_event
 .text.guitar_hero_3_handshake
                0x8000d338       0x68 /opt/devkitpro/libogc/lib/wii/libwiiuse.a(guitar_hero_3.o)
                0x8000d338                guitar_hero_3_handshake
 .text.guitar_hero_3_disconnected
                0x8000d3a0       0x28 /opt/devkitpro/libogc/lib/wii/libwiiuse.a(guitar_hero_3.o)
                0x8000d3a0                guitar_hero_3_disconnected
 .text.guitar_hero_3_event
                0x8000d3c8       0x68 /opt/devkitpro/libogc/lib/wii/libwiiuse.a(guitar_hero_3.o)
                0x8000d3c8                guitar_hero_3_event
 .text.acl_wlp_completed
                0x8000d430        0x8 /opt/devkitpro/libogc/lib/wii/libbte.a(bte.o)
                0x8000d430                acl_wlp_completed
 .text.__bte_cmdfinish
                0x8000d438       0x9c /opt/devkitpro/libogc/lib/wii/libbte.a(bte.o)
 .text.bte_hci_initsub_complete
                0x8000d4d4      0x12c /opt/devkitpro/libogc/lib/wii/libbte.a(bte.o)
                0x8000d4d4                bte_hci_initsub_complete
 .text.bte_hci_initcore_complete2
                0x8000d600       0xf0 /opt/devkitpro/libogc/lib/wii/libbte.a(bte.o)
                0x8000d600                bte_hci_initcore_complete2
 .text.bte_hci_patch_complete
                0x8000d6f0      0x1b0 /opt/devkitpro/libogc/lib/wii/libbte.a(bte.o)
                0x8000d6f0                bte_hci_patch_complete
 .text.bte_hci_apply_patch_complete
                0x8000d8a0       0xa8 /opt/devkitpro/libogc/lib/wii/libbte.a(bte.o)
                0x8000d8a0                bte_hci_apply_patch_complete
 .text.bte_hci_initcore_complete
                0x8000d948      0x158 /opt/devkitpro/libogc/lib/wii/libbte.a(bte.o)
                0x8000d948                bte_hci_initcore_complete
 .text.__bte_close_ctrl_queue
                0x8000daa0       0x80 /opt/devkitpro/libogc/lib/wii/libbte.a(bte.o)
 .text.__bte_send_pending_request
                0x8000db20       0xb8 /opt/devkitpro/libogc/lib/wii/libbte.a(bte.o)
 .text.l2cap_disconnect_cfm
                0x8000dbd8       0xe0 /opt/devkitpro/libogc/lib/wii/libbte.a(bte.o)
                0x8000dbd8                l2cap_disconnect_cfm
 .text.acl_conn_complete
                0x8000dcb8       0x2c /opt/devkitpro/libogc/lib/wii/libbte.a(bte.o)
                0x8000dcb8                acl_conn_complete
 .text.__bte_shutdown_finished
                0x8000dce4       0x5c /opt/devkitpro/libogc/lib/wii/libbte.a(bte.o)
 .text.bt_alarmhandler
                0x8000dd40       0x60 /opt/devkitpro/libogc/lib/wii/libbte.a(bte.o)
 .text.bte_read_stored_link_key_complete
                0x8000dda0      0x108 /opt/devkitpro/libogc/lib/wii/libbte.a(bte.o)
                0x8000dda0                bte_read_stored_link_key_complete
 .text.l2cap_accepted
                0x8000dea8       0xd8 /opt/devkitpro/libogc/lib/wii/libbte.a(bte.o)
                0x8000dea8                l2cap_accepted
 .text.l2cap_disconnected_ind
                0x8000df80       0xb8 /opt/devkitpro/libogc/lib/wii/libbte.a(bte.o)
                0x8000df80                l2cap_disconnected_ind
 .text.bte_process_input
                0x8000e038       0xf4 /opt/devkitpro/libogc/lib/wii/libbte.a(bte.o)
 .text.__bte_waitcmdfinish.constprop.6
                0x8000e12c       0x78 /opt/devkitpro/libogc/lib/wii/libbte.a(bte.o)
 .text.BTE_Init
                0x8000e1a4      0x108 /opt/devkitpro/libogc/lib/wii/libbte.a(bte.o)
                0x8000e1a4                BTE_Init
 .text.BTE_Shutdown
                0x8000e2ac       0x94 /opt/devkitpro/libogc/lib/wii/libbte.a(bte.o)
                0x8000e2ac                BTE_Shutdown
 .text.BTE_InitCore
                0x8000e340       0x7c /opt/devkitpro/libogc/lib/wii/libbte.a(bte.o)
                0x8000e340                BTE_InitCore
 .text.BTE_ApplyPatch
                0x8000e3bc       0x98 /opt/devkitpro/libogc/lib/wii/libbte.a(bte.o)
                0x8000e3bc                BTE_ApplyPatch
 .text.BTE_InitSub
                0x8000e454       0x80 /opt/devkitpro/libogc/lib/wii/libbte.a(bte.o)
                0x8000e454                BTE_InitSub
 .text.BTE_ReadStoredLinkKey
                0x8000e4d4       0x80 /opt/devkitpro/libogc/lib/wii/libbte.a(bte.o)
                0x8000e4d4                BTE_ReadStoredLinkKey
 .text.BTE_SetDisconnectCallback
                0x8000e554       0x20 /opt/devkitpro/libogc/lib/wii/libbte.a(bte.o)
                0x8000e554                BTE_SetDisconnectCallback
 .text.bte_new  0x8000e574       0x4c /opt/devkitpro/libogc/lib/wii/libbte.a(bte.o)
                0x8000e574                bte_new
 .text.bte_registerdeviceasync
                0x8000e5c0      0x124 /opt/devkitpro/libogc/lib/wii/libbte.a(bte.o)
                0x8000e5c0                bte_registerdeviceasync
 .text.bte_disconnect
                0x8000e6e4       0x9c /opt/devkitpro/libogc/lib/wii/libbte.a(bte.o)
                0x8000e6e4                bte_disconnect
 .text.bte_senddata
                0x8000e780       0xb0 /opt/devkitpro/libogc/lib/wii/libbte.a(bte.o)
                0x8000e780                bte_senddata
 .text.bte_arg  0x8000e830       0x3c /opt/devkitpro/libogc/lib/wii/libbte.a(bte.o)
                0x8000e830                bte_arg
 .text.bte_received
                0x8000e86c       0x3c /opt/devkitpro/libogc/lib/wii/libbte.a(bte.o)
                0x8000e86c                bte_received
 .text.bte_disconnected
                0x8000e8a8       0x3c /opt/devkitpro/libogc/lib/wii/libbte.a(bte.o)
                0x8000e8a8                bte_disconnected
 .text.hci_init
                0x8000e8e4       0x78 /opt/devkitpro/libogc/lib/wii/libbte.a(hci.o)
                0x8000e8e4                hci_init
 .text.hci_new  0x8000e95c       0x3c /opt/devkitpro/libogc/lib/wii/libbte.a(hci.o)
                0x8000e95c                hci_new
 .text.hci_get_link
                0x8000e998       0x7c /opt/devkitpro/libogc/lib/wii/libbte.a(hci.o)
                0x8000e998                hci_get_link
 .text.hci_close
                0x8000ea14       0xcc /opt/devkitpro/libogc/lib/wii/libbte.a(hci.o)
                0x8000ea14                hci_close
 .text.hci_reset_all
                0x8000eae0       0x9c /opt/devkitpro/libogc/lib/wii/libbte.a(hci.o)
                0x8000eae0                hci_reset_all
 .text.hci_arg  0x8000eb7c        0xc /opt/devkitpro/libogc/lib/wii/libbte.a(hci.o)
                0x8000eb7c                hci_arg
 .text.hci_cmd_complete
                0x8000eb88        0xc /opt/devkitpro/libogc/lib/wii/libbte.a(hci.o)
                0x8000eb88                hci_cmd_complete
 .text.hci_connection_complete
                0x8000eb94        0xc /opt/devkitpro/libogc/lib/wii/libbte.a(hci.o)
                0x8000eb94                hci_connection_complete
 .text.hci_wlp_complete
                0x8000eba0        0xc /opt/devkitpro/libogc/lib/wii/libbte.a(hci.o)
                0x8000eba0                hci_wlp_complete
 .text.hci_cmd_ass
                0x8000ebac       0x48 /opt/devkitpro/libogc/lib/wii/libbte.a(hci.o)
                0x8000ebac                hci_cmd_ass
 .text.hci_reset
                0x8000ebf4       0x64 /opt/devkitpro/libogc/lib/wii/libbte.a(hci.o)
                0x8000ebf4                hci_reset
 .text.hci_read_buffer_size
                0x8000ec58       0x64 /opt/devkitpro/libogc/lib/wii/libbte.a(hci.o)
                0x8000ec58                hci_read_buffer_size
 .text.hci_read_bd_addr
                0x8000ecbc       0x64 /opt/devkitpro/libogc/lib/wii/libbte.a(hci.o)
                0x8000ecbc                hci_read_bd_addr
 .text.hci_read_local_version
                0x8000ed20       0x64 /opt/devkitpro/libogc/lib/wii/libbte.a(hci.o)
                0x8000ed20                hci_read_local_version
 .text.hci_read_local_features
                0x8000ed84       0x64 /opt/devkitpro/libogc/lib/wii/libbte.a(hci.o)
                0x8000ed84                hci_read_local_features
 .text.hci_read_stored_link_key
                0x8000ede8       0xac /opt/devkitpro/libogc/lib/wii/libbte.a(hci.o)
                0x8000ede8                hci_read_stored_link_key
 .text.hci_write_page_timeout
                0x8000ee94       0x7c /opt/devkitpro/libogc/lib/wii/libbte.a(hci.o)
                0x8000ee94                hci_write_page_timeout
 .text.hci_write_scan_enable
                0x8000ef10       0x6c /opt/devkitpro/libogc/lib/wii/libbte.a(hci.o)
                0x8000ef10                hci_write_scan_enable
 .text.hci_accecpt_conn_request
                0x8000ef7c       0x80 /opt/devkitpro/libogc/lib/wii/libbte.a(hci.o)
                0x8000ef7c                hci_accecpt_conn_request
 .text.hci_write_local_name
                0x8000effc       0x80 /opt/devkitpro/libogc/lib/wii/libbte.a(hci.o)
                0x8000effc                hci_write_local_name
 .text.hci_write_pin_type
                0x8000f07c       0x6c /opt/devkitpro/libogc/lib/wii/libbte.a(hci.o)
                0x8000f07c                hci_write_pin_type
 .text.hci_write_inquiry_mode
                0x8000f0e8       0x6c /opt/devkitpro/libogc/lib/wii/libbte.a(hci.o)
                0x8000f0e8                hci_write_inquiry_mode
 .text.hci_write_page_scan_type
                0x8000f154       0x6c /opt/devkitpro/libogc/lib/wii/libbte.a(hci.o)
                0x8000f154                hci_write_page_scan_type
 .text.hci_write_inquiry_scan_type
                0x8000f1c0       0x6c /opt/devkitpro/libogc/lib/wii/libbte.a(hci.o)
                0x8000f1c0                hci_write_inquiry_scan_type
 .text.hci_vendor_specific_command
                0x8000f22c       0x8c /opt/devkitpro/libogc/lib/wii/libbte.a(hci.o)
                0x8000f22c                hci_vendor_specific_command
 .text.hci_write_link_policy_settings
                0x8000f2b8       0xa0 /opt/devkitpro/libogc/lib/wii/libbte.a(hci.o)
                0x8000f2b8                hci_write_link_policy_settings
 .text.hci_pin_code_request_neg_reply
                0x8000f358       0x74 /opt/devkitpro/libogc/lib/wii/libbte.a(hci.o)
                0x8000f358                hci_pin_code_request_neg_reply
 .text.hci_disconnect
                0x8000f3cc       0x98 /opt/devkitpro/libogc/lib/wii/libbte.a(hci.o)
                0x8000f3cc                hci_disconnect
 .text.hci_write_cod
                0x8000f464       0x78 /opt/devkitpro/libogc/lib/wii/libbte.a(hci.o)
                0x8000f464                hci_write_cod
 .text.hci_host_buffer_size
                0x8000f4dc       0xb4 /opt/devkitpro/libogc/lib/wii/libbte.a(hci.o)
                0x8000f4dc                hci_host_buffer_size
 .text.hci_host_num_comp_packets
                0x8000f590       0xac /opt/devkitpro/libogc/lib/wii/libbte.a(hci.o)
                0x8000f590                hci_host_num_comp_packets
 .text.lp_pdu_maxsize
                0x8000f63c        0xc /opt/devkitpro/libogc/lib/wii/libbte.a(hci.o)
                0x8000f63c                lp_pdu_maxsize
 .text.lp_acl_write
                0x8000f648      0x114 /opt/devkitpro/libogc/lib/wii/libbte.a(hci.o)
                0x8000f648                lp_acl_write
 .text.lp_write_flush_timeout
                0x8000f75c       0xa0 /opt/devkitpro/libogc/lib/wii/libbte.a(hci.o)
                0x8000f75c                lp_write_flush_timeout
 .text.hci_event_handler
                0x8000f7fc      0xa6c /opt/devkitpro/libogc/lib/wii/libbte.a(hci.o)
                0x8000f7fc                hci_event_handler
 .text.hci_acldata_handler
                0x80010268       0xdc /opt/devkitpro/libogc/lib/wii/libbte.a(hci.o)
                0x80010268                hci_acldata_handler
 .text.l2cap_cid_alloc
                0x80010344       0x4c /opt/devkitpro/libogc/lib/wii/libbte.a(l2cap.o)
 .text.l2cap_init
                0x80010390       0x60 /opt/devkitpro/libogc/lib/wii/libbte.a(l2cap.o)
                0x80010390                l2cap_init
 .text.l2cap_write
                0x800103f0       0xe0 /opt/devkitpro/libogc/lib/wii/libbte.a(l2cap.o)
                0x800103f0                l2cap_write
 .text.l2cap_new
                0x800104d0       0x6c /opt/devkitpro/libogc/lib/wii/libbte.a(l2cap.o)
                0x800104d0                l2cap_new
 .text.l2cap_close
                0x8001053c      0x15c /opt/devkitpro/libogc/lib/wii/libbte.a(l2cap.o)
                0x8001053c                l2cap_close
 .text.l2cap_reset_all
                0x80010698      0x104 /opt/devkitpro/libogc/lib/wii/libbte.a(l2cap.o)
                0x80010698                l2cap_reset_all
 .text.l2cap_rexmit_signal
                0x8001079c       0x10 /opt/devkitpro/libogc/lib/wii/libbte.a(l2cap.o)
                0x8001079c                l2cap_rexmit_signal
 .text.l2ca_datawrite
                0x800107ac       0xe8 /opt/devkitpro/libogc/lib/wii/libbte.a(l2cap.o)
                0x800107ac                l2ca_datawrite
 .text.lp_connect_ind
                0x80010894        0x4 /opt/devkitpro/libogc/lib/wii/libbte.a(l2cap.o)
                0x80010894                lp_connect_ind
 .text.lp_disconnect_ind
                0x80010898       0xe4 /opt/devkitpro/libogc/lib/wii/libbte.a(l2cap.o)
                0x80010898                lp_disconnect_ind
 .text.l2cap_disconnect_bb
                0x8001097c       0x10 /opt/devkitpro/libogc/lib/wii/libbte.a(l2cap.o)
                0x8001097c                l2cap_disconnect_bb
 .text.l2cap_next_sigid
                0x8001098c       0x28 /opt/devkitpro/libogc/lib/wii/libbte.a(l2cap.o)
                0x8001098c                l2cap_next_sigid
 .text.l2cap_signal
                0x800109b4      0x184 /opt/devkitpro/libogc/lib/wii/libbte.a(l2cap.o)
                0x800109b4                l2cap_signal
 .text.lp_connect_cfm
                0x80010b38      0x130 /opt/devkitpro/libogc/lib/wii/libbte.a(l2cap.o)
                0x80010b38                lp_connect_cfm
 .text.l2ca_disconnect_req
                0x80010c68       0xac /opt/devkitpro/libogc/lib/wii/libbte.a(l2cap.o)
                0x80010c68                l2ca_disconnect_req
 .text.l2cap_tmr
                0x80010d14      0x1e8 /opt/devkitpro/libogc/lib/wii/libbte.a(l2cap.o)
                0x80010d14                l2cap_tmr
 .text.l2ca_config_req
                0x80010efc      0x108 /opt/devkitpro/libogc/lib/wii/libbte.a(l2cap.o)
                0x80010efc                l2ca_config_req
 .text.l2cap_process_sig
                0x80011004     0x1078 /opt/devkitpro/libogc/lib/wii/libbte.a(l2cap.o)
                0x80011004                l2cap_process_sig
 .text.l2cap_input
                0x8001207c      0x4e8 /opt/devkitpro/libogc/lib/wii/libbte.a(l2cap.o)
                0x8001207c                l2cap_input
 .text.l2cap_arg
                0x80012564        0x8 /opt/devkitpro/libogc/lib/wii/libbte.a(l2cap.o)
                0x80012564                l2cap_arg
 .text.l2cap_connect_ind
                0x8001256c       0xd8 /opt/devkitpro/libogc/lib/wii/libbte.a(l2cap.o)
                0x8001256c                l2cap_connect_ind
 .text.l2cap_disconnect_ind
                0x80012644        0x8 /opt/devkitpro/libogc/lib/wii/libbte.a(l2cap.o)
                0x80012644                l2cap_disconnect_ind
 .text.l2cap_recv
                0x8001264c        0x8 /opt/devkitpro/libogc/lib/wii/libbte.a(l2cap.o)
                0x8001264c                l2cap_recv
 .text.btmemb_init
                0x80012654       0x40 /opt/devkitpro/libogc/lib/wii/libbte.a(btmemb.o)
                0x80012654                btmemb_init
 .text.btmemb_alloc
                0x80012694       0x9c /opt/devkitpro/libogc/lib/wii/libbte.a(btmemb.o)
                0x80012694                btmemb_alloc
 .text.btmemb_free
                0x80012730       0xa4 /opt/devkitpro/libogc/lib/wii/libbte.a(btmemb.o)
                0x80012730                btmemb_free
 .text.plug_holes
                0x800127d4       0xb8 /opt/devkitpro/libogc/lib/wii/libbte.a(btmemr.o)
 .text.btmemr_init
                0x8001288c       0x8c /opt/devkitpro/libogc/lib/wii/libbte.a(btmemr.o)
                0x8001288c                btmemr_init
 .text.btmemr_malloc
                0x80012918      0x164 /opt/devkitpro/libogc/lib/wii/libbte.a(btmemr.o)
                0x80012918                btmemr_malloc
 .text.btmemr_free
                0x80012a7c       0x94 /opt/devkitpro/libogc/lib/wii/libbte.a(btmemr.o)
                0x80012a7c                btmemr_free
 .text.btmemr_realloc
                0x80012b10       0xf0 /opt/devkitpro/libogc/lib/wii/libbte.a(btmemr.o)
                0x80012b10                btmemr_realloc
 .text.btpbuf_init
                0x80012c00       0x2c /opt/devkitpro/libogc/lib/wii/libbte.a(btpbuf.o)
                0x80012c00                btpbuf_init
 .text.btpbuf_free
                0x80012c2c       0xc4 /opt/devkitpro/libogc/lib/wii/libbte.a(btpbuf.o)
                0x80012c2c                btpbuf_free
 .text.btpbuf_alloc
                0x80012cf0      0x1d0 /opt/devkitpro/libogc/lib/wii/libbte.a(btpbuf.o)
                0x80012cf0                btpbuf_alloc
 .text.btpbuf_realloc
                0x80012ec0       0xa4 /opt/devkitpro/libogc/lib/wii/libbte.a(btpbuf.o)
                0x80012ec0                btpbuf_realloc
 .text.btpbuf_header
                0x80012f64       0x98 /opt/devkitpro/libogc/lib/wii/libbte.a(btpbuf.o)
                0x80012f64                btpbuf_header
 .text.btpbuf_ref
                0x80012ffc       0x4c /opt/devkitpro/libogc/lib/wii/libbte.a(btpbuf.o)
                0x80012ffc                btpbuf_ref
 .text.btpbuf_cat
                0x80013048       0x48 /opt/devkitpro/libogc/lib/wii/libbte.a(btpbuf.o)
                0x80013048                btpbuf_cat
 .text.btpbuf_chain
                0x80013090       0x34 /opt/devkitpro/libogc/lib/wii/libbte.a(btpbuf.o)
                0x80013090                btpbuf_chain
 .text.btpbuf_dechain
                0x800130c4       0x60 /opt/devkitpro/libogc/lib/wii/libbte.a(btpbuf.o)
                0x800130c4                btpbuf_dechain
 .text.btpbuf_take
                0x80013124       0xe8 /opt/devkitpro/libogc/lib/wii/libbte.a(btpbuf.o)
                0x80013124                btpbuf_take
 .text.__usb_closeCB
                0x8001320c       0x10 /opt/devkitpro/libogc/lib/wii/libbte.a(physbusif.o)
 .text.__writebulkmsgCB
                0x8001321c       0x34 /opt/devkitpro/libogc/lib/wii/libbte.a(physbusif.o)
 .text.__writectrlmsgCB
                0x80013250       0x34 /opt/devkitpro/libogc/lib/wii/libbte.a(physbusif.o)
 .text.__initUsbIOBuffer
                0x80013284       0x78 /opt/devkitpro/libogc/lib/wii/libbte.a(physbusif.o)
 .text.__issue_intrread.part.0
                0x800132fc       0x7c /opt/devkitpro/libogc/lib/wii/libbte.a(physbusif.o)
 .text.__readintrdataCB
                0x80013378       0xf0 /opt/devkitpro/libogc/lib/wii/libbte.a(physbusif.o)
 .text.__issue_bulkread.part.2
                0x80013468       0x7c /opt/devkitpro/libogc/lib/wii/libbte.a(physbusif.o)
 .text.__readbulkdataCB
                0x800134e4       0xf0 /opt/devkitpro/libogc/lib/wii/libbte.a(physbusif.o)
 .text.physbusif_init
                0x800135d4      0x15c /opt/devkitpro/libogc/lib/wii/libbte.a(physbusif.o)
                0x800135d4                physbusif_init
 .text.physbusif_close
                0x80013730       0x28 /opt/devkitpro/libogc/lib/wii/libbte.a(physbusif.o)
                0x80013730                physbusif_close
 .text.physbusif_shutdown
                0x80013758       0x40 /opt/devkitpro/libogc/lib/wii/libbte.a(physbusif.o)
                0x80013758                physbusif_shutdown
 .text.physbusif_reset_all
                0x80013798        0x4 /opt/devkitpro/libogc/lib/wii/libbte.a(physbusif.o)
                0x80013798                physbusif_reset_all
 .text.physbusif_output
                0x8001379c      0x140 /opt/devkitpro/libogc/lib/wii/libbte.a(physbusif.o)
                0x8001379c                physbusif_output
 .text.__lwp_queue_initialize
                0x800138dc       0x3c /opt/devkitpro/libogc/lib/wii/libogc.a(lwp_queue.o)
                0x800138dc                __lwp_queue_initialize
 .text.__lwp_queue_get
                0x80013918       0x64 /opt/devkitpro/libogc/lib/wii/libogc.a(lwp_queue.o)
                0x80013918                __lwp_queue_get
 .text.__lwp_queue_append
                0x8001397c       0x50 /opt/devkitpro/libogc/lib/wii/libogc.a(lwp_queue.o)
                0x8001397c                __lwp_queue_append
 .text.__lwp_priomap_addto
                0x800139cc       0x28 /opt/devkitpro/libogc/lib/wii/libogc.a(lwp_threads.o)
 .text.__lwp_thread_calcheir
                0x800139f4       0x3c /opt/devkitpro/libogc/lib/wii/libogc.a(lwp_threads.o)
 .text.__lwp_thread_dispatchunnest
                0x80013a30       0x10 /opt/devkitpro/libogc/lib/wii/libogc.a(lwp_threads.o)
 .text.__lwp_priomap_removefrom
                0x80013a40       0x38 /opt/devkitpro/libogc/lib/wii/libogc.a(lwp_threads.o)
 .text.__lwp_wd_insert_ticks.constprop.4
                0x80013a78       0x60 /opt/devkitpro/libogc/lib/wii/libogc.a(lwp_threads.o)
 .text.__lwp_isr_in_progress
                0x80013ad8        0x8 /opt/devkitpro/libogc/lib/wii/libogc.a(lwp_threads.o)
                0x80013ad8                __lwp_isr_in_progress
 .text.__thread_dispatch_fp
                0x80013ae0       0x7c /opt/devkitpro/libogc/lib/wii/libogc.a(lwp_threads.o)
                0x80013ae0                __thread_dispatch_fp
 .text.__thread_dispatch
                0x80013b5c       0xe0 /opt/devkitpro/libogc/lib/wii/libogc.a(lwp_threads.o)
                0x80013b5c                __thread_dispatch
 .text.__lwp_thread_dispatchenable
                0x80013c3c       0x18 /opt/devkitpro/libogc/lib/wii/libogc.a(lwp_threads.o)
 .text.__lwp_thread_resettimeslice
                0x80013c54       0xcc /opt/devkitpro/libogc/lib/wii/libogc.a(lwp_threads.o)
                0x80013c54                __lwp_thread_resettimeslice
 .text.__lwp_thread_tickle_timeslice
                0x80013d20       0x80 /opt/devkitpro/libogc/lib/wii/libogc.a(lwp_threads.o)
                0x80013d20                __lwp_thread_tickle_timeslice
 .text.__lwp_thread_setstate
                0x80013da0       0xf8 /opt/devkitpro/libogc/lib/wii/libogc.a(lwp_threads.o)
                0x80013da0                __lwp_thread_setstate
 .text.__lwp_thread_clearstate
                0x80013e98       0xe8 /opt/devkitpro/libogc/lib/wii/libogc.a(lwp_threads.o)
                0x80013e98                __lwp_thread_clearstate
 .text.__lwp_thread_delayended
                0x80013f80       0x4c /opt/devkitpro/libogc/lib/wii/libogc.a(lwp_threads.o)
                0x80013f80                __lwp_thread_delayended
 .text.__lwp_thread_setpriority
                0x80013fcc       0x5c /opt/devkitpro/libogc/lib/wii/libogc.a(lwp_threads.o)
                0x80013fcc                __lwp_thread_setpriority
 .text.__lwp_thread_suspend
                0x80014028      0x108 /opt/devkitpro/libogc/lib/wii/libogc.a(lwp_threads.o)
                0x80014028                __lwp_thread_suspend
 .text.__lwp_thread_settransient
                0x80014130       0xa8 /opt/devkitpro/libogc/lib/wii/libogc.a(lwp_threads.o)
                0x80014130                __lwp_thread_settransient
 .text.__lwp_thread_changepriority
                0x800141d8      0x118 /opt/devkitpro/libogc/lib/wii/libogc.a(lwp_threads.o)
                0x800141d8                __lwp_thread_changepriority
 .text.__lwp_thread_resume
                0x800142f0      0x12c /opt/devkitpro/libogc/lib/wii/libogc.a(lwp_threads.o)
                0x800142f0                __lwp_thread_resume
 .text.__lwp_thread_loadenv
                0x8001441c       0x78 /opt/devkitpro/libogc/lib/wii/libogc.a(lwp_threads.o)
                0x8001441c                __lwp_thread_loadenv
 .text.__lwp_thread_ready
                0x80014494       0xc0 /opt/devkitpro/libogc/lib/wii/libogc.a(lwp_threads.o)
                0x80014494                __lwp_thread_ready
 .text.__lwp_thread_init
                0x80014554       0xf8 /opt/devkitpro/libogc/lib/wii/libogc.a(lwp_threads.o)
                0x80014554                __lwp_thread_init
 .text.__lwp_thread_close
                0x8001464c      0x108 /opt/devkitpro/libogc/lib/wii/libogc.a(lwp_threads.o)
                0x8001464c                __lwp_thread_close
 .text.__lwp_thread_closeall
                0x80014754       0x9c /opt/devkitpro/libogc/lib/wii/libogc.a(lwp_threads.o)
                0x80014754                __lwp_thread_closeall
 .text.__lwp_thread_exit
                0x800147f0       0x38 /opt/devkitpro/libogc/lib/wii/libogc.a(lwp_threads.o)
                0x800147f0                __lwp_thread_exit
 .text.__lwp_thread_handler
                0x80014828       0x68 /opt/devkitpro/libogc/lib/wii/libogc.a(lwp_threads.o)
 .text.__lwp_thread_start
                0x80014890       0x58 /opt/devkitpro/libogc/lib/wii/libogc.a(lwp_threads.o)
                0x80014890                __lwp_thread_start
 .text.__lwp_thread_startmultitasking
                0x800148e8       0x64 /opt/devkitpro/libogc/lib/wii/libogc.a(lwp_threads.o)
                0x800148e8                __lwp_thread_startmultitasking
 .text.__lwp_thread_stopmultitasking
                0x8001494c       0x5c /opt/devkitpro/libogc/lib/wii/libogc.a(lwp_threads.o)
                0x8001494c                __lwp_thread_stopmultitasking
 .text.__lwp_thread_coreinit
                0x800149a8       0xd8 /opt/devkitpro/libogc/lib/wii/libogc.a(lwp_threads.o)
                0x800149a8                __lwp_thread_coreinit
 .text.__lwp_objmgr_open
                0x80014a80       0x20 /opt/devkitpro/libogc/lib/wii/libogc.a(lwp.o)
 .text.__lwp_thread_dispatchdisable
                0x80014aa0       0x10 /opt/devkitpro/libogc/lib/wii/libogc.a(lwp.o)
 .text.idle_func
                0x80014ab0        0x4 /opt/devkitpro/libogc/lib/wii/libogc.a(lwp.o)
 .text.__lwp_thread_dispatchenable
                0x80014ab4       0x34 /opt/devkitpro/libogc/lib/wii/libogc.a(lwp.o)
 .text.__lwp_tqueue_open
                0x80014ae8       0x48 /opt/devkitpro/libogc/lib/wii/libogc.a(lwp.o)
 .text.__lwp_cntrl_open
                0x80014b30       0x48 /opt/devkitpro/libogc/lib/wii/libogc.a(lwp.o)
 .text.__lwp_sysinit
                0x80014b78       0xec /opt/devkitpro/libogc/lib/wii/libogc.a(lwp.o)
                0x80014b78                __lwp_sysinit
 .text.LWP_SuspendThread
                0x80014c64       0x54 /opt/devkitpro/libogc/lib/wii/libogc.a(lwp.o)
                0x80014c64                LWP_SuspendThread
 .text.LWP_ResumeThread
                0x80014cb8       0x58 /opt/devkitpro/libogc/lib/wii/libogc.a(lwp.o)
                0x80014cb8                LWP_ResumeThread
 .text.LWP_GetSelf
                0x80014d10       0x38 /opt/devkitpro/libogc/lib/wii/libogc.a(lwp.o)
                0x80014d10                LWP_GetSelf
 .text.LWP_InitQueue
                0x80014d48       0x84 /opt/devkitpro/libogc/lib/wii/libogc.a(lwp.o)
                0x80014d48                LWP_InitQueue
 .text.LWP_CloseQueue
                0x80014dcc       0x68 /opt/devkitpro/libogc/lib/wii/libogc.a(lwp.o)
                0x80014dcc                LWP_CloseQueue
 .text.LWP_ThreadSleep
                0x80014e34       0xa0 /opt/devkitpro/libogc/lib/wii/libogc.a(lwp.o)
                0x80014e34                LWP_ThreadSleep
 .text.LWP_ThreadBroadcast
                0x80014ed4       0x50 /opt/devkitpro/libogc/lib/wii/libogc.a(lwp.o)
                0x80014ed4                LWP_ThreadBroadcast
 .text.LWP_ThreadSignal
                0x80014f24       0x40 /opt/devkitpro/libogc/lib/wii/libogc.a(lwp.o)
                0x80014f24                LWP_ThreadSignal
 .text.__lwp_stack_allocate
                0x80014f64       0x50 /opt/devkitpro/libogc/lib/wii/libogc.a(lwp_stack.o)
                0x80014f64                __lwp_stack_allocate
 .text.__lwp_stack_free
                0x80014fb4       0x3c /opt/devkitpro/libogc/lib/wii/libogc.a(lwp_stack.o)
                0x80014fb4                __lwp_stack_free
 .text.__lwp_wd_settimer.isra.3
                0x80014ff0       0xb4 /opt/devkitpro/libogc/lib/wii/libogc.a(lwp_watchdog.o)
 .text.__lwp_watchdog_init
                0x800150a4       0x2c /opt/devkitpro/libogc/lib/wii/libogc.a(lwp_watchdog.o)
                0x800150a4                __lwp_watchdog_init
 .text.__lwp_wd_insert
                0x800150d0      0x150 /opt/devkitpro/libogc/lib/wii/libogc.a(lwp_watchdog.o)
                0x800150d0                __lwp_wd_insert
 .text.__lwp_wd_remove
                0x80015220       0xd0 /opt/devkitpro/libogc/lib/wii/libogc.a(lwp_watchdog.o)
                0x80015220                __lwp_wd_remove
 .text.__lwp_wd_tickle
                0x800152f0       0xfc /opt/devkitpro/libogc/lib/wii/libogc.a(lwp_watchdog.o)
                0x800152f0                __lwp_wd_tickle
 .text.__lwp_wkspace_init
                0x800153ec       0xa0 /opt/devkitpro/libogc/lib/wii/libogc.a(lwp_wkspace.o)
                0x800153ec                __lwp_wkspace_init
 .text.__lwp_objmgr_initinfo
                0x8001548c      0x148 /opt/devkitpro/libogc/lib/wii/libogc.a(lwp_objmgr.o)
                0x8001548c                __lwp_objmgr_initinfo
 .text.__lwp_objmgr_getisrdisable
                0x800155d4       0x68 /opt/devkitpro/libogc/lib/wii/libogc.a(lwp_objmgr.o)
                0x800155d4                __lwp_objmgr_getisrdisable
 .text.__lwp_objmgr_getnoprotection
                0x8001563c       0x24 /opt/devkitpro/libogc/lib/wii/libogc.a(lwp_objmgr.o)
                0x8001563c                __lwp_objmgr_getnoprotection
 .text.__lwp_objmgr_get
                0x80015660       0x68 /opt/devkitpro/libogc/lib/wii/libogc.a(lwp_objmgr.o)
                0x80015660                __lwp_objmgr_get
 .text.__lwp_objmgr_allocate
                0x800156c8       0x78 /opt/devkitpro/libogc/lib/wii/libogc.a(lwp_objmgr.o)
                0x800156c8                __lwp_objmgr_allocate
 .text.__lwp_objmgr_free
                0x80015740       0x60 /opt/devkitpro/libogc/lib/wii/libogc.a(lwp_objmgr.o)
                0x80015740                __lwp_objmgr_free
 .text.__lwp_heap_init
                0x800157a0       0xb0 /opt/devkitpro/libogc/lib/wii/libogc.a(lwp_heap.o)
                0x800157a0                __lwp_heap_init
 .text.__lwp_heap_allocate
                0x80015850      0x130 /opt/devkitpro/libogc/lib/wii/libogc.a(lwp_heap.o)
                0x80015850                __lwp_heap_allocate
 .text.__lwp_heap_free
                0x80015980      0x1d8 /opt/devkitpro/libogc/lib/wii/libogc.a(lwp_heap.o)
                0x80015980                __lwp_heap_free
 .text.__SetInterrupts
                0x80015b58      0x288 /opt/devkitpro/libogc/lib/wii/libogc.a(irq.o)
 .text.c_irqdispatcher
                0x80015de0      0x28c /opt/devkitpro/libogc/lib/wii/libogc.a(irq.o)
                0x80015de0                c_irqdispatcher
 .text.__UnmaskIrq
                0x8001606c       0x7c /opt/devkitpro/libogc/lib/wii/libogc.a(irq.o)
                0x8001606c                __UnmaskIrq
 .text.__MaskIrq
                0x800160e8       0x7c /opt/devkitpro/libogc/lib/wii/libogc.a(irq.o)
                0x800160e8                __MaskIrq
 .text.__irq_init
                0x80016164       0x94 /opt/devkitpro/libogc/lib/wii/libogc.a(irq.o)
                0x80016164                __irq_init
 .text.IRQ_Request
                0x800161f8       0x54 /opt/devkitpro/libogc/lib/wii/libogc.a(irq.o)
                0x800161f8                IRQ_Request
 .text.IRQ_GetHandler
                0x8001624c       0x48 /opt/devkitpro/libogc/lib/wii/libogc.a(irq.o)
                0x8001624c                IRQ_GetHandler
 .text.IRQ_Disable
                0x80016294       0x24 /opt/devkitpro/libogc/lib/wii/libogc.a(irq.o)
                0x80016294                IRQ_Disable
 .text.IRQ_Restore
                0x800162b8       0x1c /opt/devkitpro/libogc/lib/wii/libogc.a(irq.o)
                0x800162b8                IRQ_Restore
 .text.__viOpenI2C
                0x800162d4       0x24 /opt/devkitpro/libogc/lib/wii/libogc.a(video.o)
 .text.__viSetSCL
                0x800162f8       0x24 /opt/devkitpro/libogc/lib/wii/libogc.a(video.o)
 .text.__viSetSDA
                0x8001631c       0x24 /opt/devkitpro/libogc/lib/wii/libogc.a(video.o)
 .text.__setVerticalRegs
                0x80016340       0xc0 /opt/devkitpro/libogc/lib/wii/libogc.a(video.o)
 .text.__adjustPosition
                0x80016400      0x174 /opt/devkitpro/libogc/lib/wii/libogc.a(video.o)
 .text.__getCurrentHalfLine
                0x80016574       0x58 /opt/devkitpro/libogc/lib/wii/libogc.a(video.o)
 .text.__setFbbRegs.constprop.3
                0x800165cc      0x1e8 /opt/devkitpro/libogc/lib/wii/libogc.a(video.o)
 .text.__VISendI2CData.constprop.5
                0x800167b4      0x278 /opt/devkitpro/libogc/lib/wii/libogc.a(video.o)
 .text.__VIWriteI2CRegister8
                0x80016a2c       0x38 /opt/devkitpro/libogc/lib/wii/libogc.a(video.o)
 .text.__VISetYUVSEL
                0x80016a64       0x54 /opt/devkitpro/libogc/lib/wii/libogc.a(video.o)
 .text.__VIWriteI2CRegisterBuf
                0x80016ab8       0x48 /opt/devkitpro/libogc/lib/wii/libogc.a(video.o)
 .text.__VIWriteI2CRegister16
                0x80016b00       0x40 /opt/devkitpro/libogc/lib/wii/libogc.a(video.o)
 .text.VIDEO_Configure
                0x80016b40      0x3e4 /opt/devkitpro/libogc/lib/wii/libogc.a(video.o)
                0x80016b40                VIDEO_Configure
 .text.VIDEO_WaitVSync
                0x80016f24       0x68 /opt/devkitpro/libogc/lib/wii/libogc.a(video.o)
                0x80016f24                VIDEO_WaitVSync
 .text.VIDEO_SetFramebuffer
                0x80016f8c       0xfc /opt/devkitpro/libogc/lib/wii/libogc.a(video.o)
                0x80016f8c                VIDEO_SetFramebuffer
 .text.VIDEO_SetNextFramebuffer
                0x80017088       0x64 /opt/devkitpro/libogc/lib/wii/libogc.a(video.o)
                0x80017088                VIDEO_SetNextFramebuffer
 .text.VIDEO_Flush
                0x800170ec       0xf8 /opt/devkitpro/libogc/lib/wii/libogc.a(video.o)
                0x800170ec                VIDEO_Flush
 .text.VIDEO_SetBlack
                0x800171e4       0x88 /opt/devkitpro/libogc/lib/wii/libogc.a(video.o)
                0x800171e4                VIDEO_SetBlack
 .text.VIDEO_GetCurrentTvMode
                0x8001726c       0x70 /opt/devkitpro/libogc/lib/wii/libogc.a(video.o)
                0x8001726c                VIDEO_GetCurrentTvMode
 .text.VIDEO_Init
                0x800172dc      0x554 /opt/devkitpro/libogc/lib/wii/libogc.a(video.o)
                0x800172dc                VIDEO_Init
 .text.__VIRetraceHandler
                0x80017830      0x1f8 /opt/devkitpro/libogc/lib/wii/libogc.a(video.o)
 .text.VIDEO_GetPreferredMode
                0x80017a28       0xf8 /opt/devkitpro/libogc/lib/wii/libogc.a(video.o)
                0x80017a28                VIDEO_GetPreferredMode
 .text.VIDEO_GetCurrentLine
                0x80017b20       0x68 /opt/devkitpro/libogc/lib/wii/libogc.a(video.o)
                0x80017b20                VIDEO_GetCurrentLine
 .text.VIDEO_GetFrameBufferSize
                0x80017b88       0x30 /opt/devkitpro/libogc/lib/wii/libogc.a(video.o)
                0x80017b88                VIDEO_GetFrameBufferSize
 .text.__call_resetfuncs
                0x80017bb8       0x8c /opt/devkitpro/libogc/lib/wii/libogc.a(system.o)
 .text.__RSWDefaultHandler
                0x80017c44        0x4 /opt/devkitpro/libogc/lib/wii/libogc.a(system.o)
 .text.__POWDefaultHandler
                0x80017c48        0x4 /opt/devkitpro/libogc/lib/wii/libogc.a(system.o)
 .text.__locksram
                0x80017c4c       0x68 /opt/devkitpro/libogc/lib/wii/libogc.a(system.o)
 .text.__lwp_thread_dispatchenable
                0x80017cb4       0x34 /opt/devkitpro/libogc/lib/wii/libogc.a(system.o)
 .text.__lwp_wd_insert_ticks
                0x80017ce8       0x68 /opt/devkitpro/libogc/lib/wii/libogc.a(system.o)
 .text.__lwp_syswd_open
                0x80017d50       0x48 /opt/devkitpro/libogc/lib/wii/libogc.a(system.o)
 .text.__sys_alarmhandler
                0x80017d98       0x94 /opt/devkitpro/libogc/lib/wii/libogc.a(system.o)
 .text.__sram_write
                0x80017e2c       0xfc /opt/devkitpro/libogc/lib/wii/libogc.a(system.o)
 .text.__unlocksram
                0x80017f28      0x100 /opt/devkitpro/libogc/lib/wii/libogc.a(system.o)
 .text.__sram_writecallback
                0x80018028       0x4c /opt/devkitpro/libogc/lib/wii/libogc.a(system.o)
 .text.__sram_init
                0x80018074      0x130 /opt/devkitpro/libogc/lib/wii/libogc.a(system.o)
                0x80018074                __sram_init
 .text.__SYS_LockSramEx
                0x800181a4        0x8 /opt/devkitpro/libogc/lib/wii/libogc.a(system.o)
                0x800181a4                __SYS_LockSramEx
 .text.__SYS_UnlockSramEx
                0x800181ac        0x8 /opt/devkitpro/libogc/lib/wii/libogc.a(system.o)
                0x800181ac                __SYS_UnlockSramEx
 .text.__SYS_GetIPCBufferLo
                0x800181b4        0x8 /opt/devkitpro/libogc/lib/wii/libogc.a(system.o)
                0x800181b4                __SYS_GetIPCBufferLo
 .text.__SYS_GetIPCBufferHi
                0x800181bc        0x8 /opt/devkitpro/libogc/lib/wii/libogc.a(system.o)
                0x800181bc                __SYS_GetIPCBufferHi
 .text._V_EXPORTNAME
                0x800181c4       0x1c /opt/devkitpro/libogc/lib/wii/libogc.a(system.o)
                0x800181c4                _V_EXPORTNAME
 .text.__SYS_DoPowerCB
                0x800181e0       0x68 /opt/devkitpro/libogc/lib/wii/libogc.a(system.o)
                0x800181e0                __SYS_DoPowerCB
 .text.__SYS_InitCallbacks
                0x80018248       0x24 /opt/devkitpro/libogc/lib/wii/libogc.a(system.o)
                0x80018248                __SYS_InitCallbacks
 .text.__SYS_PreInit
                0x8001826c        0x4 /opt/devkitpro/libogc/lib/wii/libogc.a(system.o)
                0x8001826c                __SYS_PreInit
 .text.SYS_PreMain
                0x80018270       0x50 /opt/devkitpro/libogc/lib/wii/libogc.a(system.o)
                0x80018270                SYS_PreMain
 .text.SYS_ResetButtonDown
                0x800182c0       0x1c /opt/devkitpro/libogc/lib/wii/libogc.a(system.o)
                0x800182c0                SYS_ResetButtonDown